
*** Running vivado
    with args -log top_fpga.vdi -applog -m64 -product Vivado -messageDb vivado.pb -mode batch -source top_fpga.tcl -notrace



****** Vivado v2022.2 (64-bit)
  **** SW Build 3671981 on Fri Oct 14 05:00:03 MDT 2022
  **** IP Build 3669848 on Fri Oct 14 08:30:02 MDT 2022
    ** Copyright 1986-2022 Xilinx, Inc. All Rights Reserved.

source top_fpga.tcl -notrace
Command: link_design -top top_fpga -part xczu9eg-ffvb1156-2-e
Design is defaulting to srcset: sources_1
Design is defaulting to constrset: constrs_1
INFO: [Device 21-403] Loading part xczu9eg-ffvb1156-2-e
Netlist sorting complete. Time (s): cpu = 00:00:00 ; elapsed = 00:00:00.052 . Memory (MB): peak = 2039.336 ; gain = 0.000
INFO: [Netlist 29-17] Analyzing 1511 Unisim elements for replacement
INFO: [Netlist 29-28] Unisim Transformation completed in 1 CPU seconds
INFO: [Project 1-479] Netlist was created with Vivado 2022.2
INFO: [Project 1-570] Preparing netlist for logic optimization
Parsing XDC File [F:/SoC Design/fpga/boards/zcu102/constraints.xdc]
Finished Parsing XDC File [F:/SoC Design/fpga/boards/zcu102/constraints.xdc]
INFO: [Opt 31-138] Pushed 0 inverter(s) to 0 load pin(s).
Netlist sorting complete. Time (s): cpu = 00:00:00 ; elapsed = 00:00:00.002 . Memory (MB): peak = 2148.551 ; gain = 0.000
INFO: [Project 1-111] Unisim Transformation Summary:
  A total of 22 instances were transformed.
  IBUF => IBUF (IBUFCTRL, INBUF): 1 instance 
  IBUFDS => IBUFDS (DIFFINBUF, IBUFCTRL): 1 instance 
  RAM256X1D => RAM256X1D (MUXF7(x4), MUXF8(x2), RAMD64E(x8)): 10 instances
  RAM512X1S => RAM512X1S (MUXF7(x4), MUXF8(x2), MUXF9, RAMS64E1(x8)): 10 instances

7 Infos, 0 Warnings, 0 Critical Warnings and 0 Errors encountered.
link_design completed successfully
link_design: Time (s): cpu = 00:00:12 ; elapsed = 00:00:13 . Memory (MB): peak = 2148.551 ; gain = 1139.988
Command: opt_design
Attempting to get a license for feature 'Implementation' and/or device 'xczu9eg'
INFO: [Common 17-349] Got license for feature 'Implementation' and/or device 'xczu9eg'
Running DRC as a precondition to command opt_design

Starting DRC Task
INFO: [DRC 23-27] Running DRC with 2 threads
INFO: [Project 1-461] DRC finished with 0 Errors
INFO: [Project 1-462] Please refer to the DRC report (report_drc) for more information.

Time (s): cpu = 00:00:02 ; elapsed = 00:00:01 . Memory (MB): peak = 2177.578 ; gain = 29.027

Starting Cache Timing Information Task
INFO: [Timing 38-35] Done setting XDC timing constraints.
INFO: [Timing 38-2] Deriving generated clocks
Ending Cache Timing Information Task | Checksum: 1ed07aa7a

Time (s): cpu = 00:00:03 ; elapsed = 00:00:03 . Memory (MB): peak = 2459.539 ; gain = 281.961

Starting Logic Optimization Task

Phase 1 Retarget
INFO: [Opt 31-1287] Pulled Inverter u_soc/u_lif/q_count[1]_i_12 into driver instance u_soc/u_lif/q_count[5]_i_49, which resulted in an inversion of 4 pins
INFO: [Opt 31-1287] Pulled Inverter u_soc/u_lif/q_count[1]_i_17 into driver instance u_soc/u_lif/q_count[1]_i_25, which resulted in an inversion of 4 pins
INFO: [Opt 31-1287] Pulled Inverter u_soc/u_lif/q_count[1]_i_31 into driver instance u_soc/u_lif/q_count[1]_i_11, which resulted in an inversion of 3 pins
INFO: [Opt 31-1287] Pulled Inverter u_soc/u_lif/q_count[5]_i_40 into driver instance u_soc/u_lif/q_count[1]_i_5, which resulted in an inversion of 5 pins
INFO: [Opt 31-1287] Pulled Inverter u_soc/u_lif/spike_q[25][0]_i_17 into driver instance u_soc/u_lif/spike_q[25][0]_i_22, which resulted in an inversion of 4 pins
INFO: [Opt 31-1287] Pulled Inverter u_soc/u_lif/spike_q[25][2]_i_30 into driver instance u_soc/u_lif/spike_q[30][2]_i_30, which resulted in an inversion of 9 pins
INFO: [Opt 31-1287] Pulled Inverter u_soc/u_lif/spike_q[25][2]_i_48 into driver instance u_soc/u_lif/spike_q[25][0]_i_10, which resulted in an inversion of 23 pins
INFO: [Opt 31-1287] Pulled Inverter u_soc/u_lif/spike_q[25][2]_i_49 into driver instance u_soc/u_lif/spike_q[25][0]_i_11, which resulted in an inversion of 27 pins
INFO: [Opt 31-1287] Pulled Inverter u_soc/u_lif/spike_q[25][2]_i_50 into driver instance u_soc/u_lif/spike_q[25][2]_i_19, which resulted in an inversion of 14 pins
INFO: [Opt 31-1287] Pulled Inverter u_soc/u_lif/spike_q[25][2]_i_65 into driver instance u_soc/u_lif/spike_q[19][3]_i_11, which resulted in an inversion of 14 pins
INFO: [Opt 31-1287] Pulled Inverter u_soc/u_lif/spike_q[25][2]_i_66 into driver instance u_soc/u_lif/spike_q[19][3]_i_12, which resulted in an inversion of 14 pins
INFO: [Opt 31-1287] Pulled Inverter u_soc/u_lif/spike_q[25][2]_i_67 into driver instance u_soc/u_lif/spike_q[29][3]_i_34, which resulted in an inversion of 32 pins
INFO: [Opt 31-1287] Pulled Inverter u_soc/u_lif/spike_q[25][2]_i_68 into driver instance u_soc/u_lif/spike_q[25][2]_i_27, which resulted in an inversion of 17 pins
INFO: [Opt 31-1287] Pulled Inverter u_soc/u_lif/spike_q[25][2]_i_69 into driver instance u_soc/u_lif/spike_q[25][0]_i_8, which resulted in an inversion of 84 pins
INFO: [Opt 31-1287] Pulled Inverter u_soc/u_lif/spike_q[25][2]_i_71 into driver instance u_soc/u_lif/spike_q[25][0]_i_14, which resulted in an inversion of 36 pins
INFO: [Opt 31-1287] Pulled Inverter u_soc/u_lif/spike_q[25][2]_i_72 into driver instance u_soc/u_lif/spike_q[25][2]_i_42, which resulted in an inversion of 17 pins
INFO: [Opt 31-1287] Pulled Inverter u_soc/u_lif/spike_q[25][2]_i_74 into driver instance u_soc/u_lif/spike_q[16][0]_i_8, which resulted in an inversion of 54 pins
INFO: [Opt 31-1287] Pulled Inverter u_soc/u_lif/spike_q[29][3]_i_20 into driver instance u_soc/u_lif/spike_q[30][0]_i_6, which resulted in an inversion of 40 pins
INFO: [Opt 31-1287] Pulled Inverter u_soc/u_lif/spike_q[29][3]_i_21 into driver instance u_soc/u_lif/spike_q[29][3]_i_11, which resulted in an inversion of 34 pins
INFO: [Opt 31-1287] Pulled Inverter u_soc/u_lif/spike_q[29][3]_i_23 into driver instance u_soc/u_lif/spike_q[25][2]_i_15, which resulted in an inversion of 96 pins
INFO: [Opt 31-1287] Pulled Inverter u_soc/u_lif/spike_q[30][0]_i_59 into driver instance u_soc/u_lif/spike_q[30][0]_i_46, which resulted in an inversion of 7 pins
INFO: [Opt 31-1287] Pulled Inverter u_soc/u_lif/spike_q[30][0]_i_61 into driver instance u_soc/u_lif/spike_q[25][2]_i_6, which resulted in an inversion of 33 pins
INFO: [Opt 31-1287] Pulled Inverter u_soc/u_lif/spike_q[30][0]_i_62 into driver instance u_soc/u_lif/spike_q[28][0]_i_14, which resulted in an inversion of 31 pins
INFO: [Opt 31-1287] Pulled Inverter u_soc/u_lif/spike_q[30][0]_i_64 into driver instance u_soc/u_lif/spike_q[25][0]_i_6, which resulted in an inversion of 87 pins
INFO: [Opt 31-1287] Pulled Inverter u_soc/u_lif/spike_q[30][1]_i_24 into driver instance u_soc/u_lif/spike_q[30][1]_i_45, which resulted in an inversion of 4 pins
INFO: [Opt 31-1287] Pulled Inverter u_soc/u_lif/spike_q[7][0]_i_13 into driver instance u_soc/u_lif/spike_q[7][0]_i_21, which resulted in an inversion of 4 pins
INFO: [Opt 31-1287] Pulled Inverter u_soc/u_lif/spike_q[7][0]_i_16 into driver instance u_soc/u_lif/spike_q[25][0]_i_16, which resulted in an inversion of 28 pins
INFO: [Opt 31-1287] Pulled Inverter u_soc/u_lif/spike_q[7][0]_i_20 into driver instance u_soc/u_lif/spike_q[21][0]_i_26, which resulted in an inversion of 31 pins
INFO: [Opt 31-1287] Pulled Inverter u_soc/u_lif/wr_ptr[1]_i_6 into driver instance u_soc/u_lif/q_count[5]_i_37, which resulted in an inversion of 6 pins
INFO: [Opt 31-1287] Pulled Inverter u_soc/u_macro/adc_sat_high[15]_i_289 into driver instance u_soc/u_macro/adc_sat_high[15]_i_281, which resulted in an inversion of 2 pins
INFO: [Opt 31-1287] Pulled Inverter u_soc/u_macro/adc_sat_high[15]_i_311 into driver instance u_soc/u_macro/adc_sat_high[15]_i_189, which resulted in an inversion of 2 pins
INFO: [Opt 31-138] Pushed 1 inverter(s) to 1259 load pin(s).
INFO: [Opt 31-49] Retargeted 0 cell(s).
Phase 1 Retarget | Checksum: 15bf8b22a

Time (s): cpu = 00:00:01 ; elapsed = 00:00:00.584 . Memory (MB): peak = 2802.504 ; gain = 0.000
INFO: [Opt 31-389] Phase Retarget created 0 cells and removed 37 cells

Phase 2 Constant propagation
INFO: [Opt 31-138] Pushed 0 inverter(s) to 0 load pin(s).
Phase 2 Constant propagation | Checksum: 1c707fcc7

Time (s): cpu = 00:00:01 ; elapsed = 00:00:00.653 . Memory (MB): peak = 2802.504 ; gain = 0.000
INFO: [Opt 31-389] Phase Constant propagation created 0 cells and removed 0 cells

Phase 3 Sweep
Phase 3 Sweep | Checksum: 14cb6afcc

Time (s): cpu = 00:00:01 ; elapsed = 00:00:00.749 . Memory (MB): peak = 2802.504 ; gain = 0.000
INFO: [Opt 31-389] Phase Sweep created 0 cells and removed 0 cells

Phase 4 BUFG optimization
INFO: [Opt 31-194] Inserted BUFG sys_clk_ibuf_BUFG_inst to drive 1 load(s) on clock net sys_clk_ibuf_BUFGCE
INFO: [Opt 31-193] Inserted 1 BUFG(s) on clock nets
INFO: [Opt 31-1077] Phase BUFG optimization inserted 0 global clock buffer(s) for CLOCK_LOW_FANOUT.
Phase 4 BUFG optimization | Checksum: 1d8b7f20e

Time (s): cpu = 00:00:01 ; elapsed = 00:00:00.854 . Memory (MB): peak = 2802.504 ; gain = 0.000
INFO: [Opt 31-662] Phase BUFG optimization created 1 cells of which 1 are BUFGs and removed 0 cells.

Phase 5 Shift Register Optimization
INFO: [Opt 31-1064] SRL Remap converted 0 SRLs to 0 registers and converted 0 registers of register chains to 0 SRLs
Phase 5 Shift Register Optimization | Checksum: 1d8b7f20e

Time (s): cpu = 00:00:01 ; elapsed = 00:00:00.867 . Memory (MB): peak = 2802.504 ; gain = 0.000
INFO: [Opt 31-389] Phase Shift Register Optimization created 0 cells and removed 0 cells

Phase 6 Post Processing Netlist
Phase 6 Post Processing Netlist | Checksum: 1d8b7f20e

Time (s): cpu = 00:00:01 ; elapsed = 00:00:00.892 . Memory (MB): peak = 2802.504 ; gain = 0.000
INFO: [Opt 31-389] Phase Post Processing Netlist created 0 cells and removed 0 cells
Opt_design Change Summary
=========================


-------------------------------------------------------------------------------------------------------------------------
|  Phase                        |  #Cells created  |  #Cells Removed  |  #Constrained objects preventing optimizations  |
-------------------------------------------------------------------------------------------------------------------------
|  Retarget                     |               0  |              37  |                                              0  |
|  Constant propagation         |               0  |               0  |                                              0  |
|  Sweep                        |               0  |               0  |                                              0  |
|  BUFG optimization            |               1  |               0  |                                              0  |
|  Shift Register Optimization  |               0  |               0  |                                              0  |
|  Post Processing Netlist      |               0  |               0  |                                              0  |
-------------------------------------------------------------------------------------------------------------------------



Starting Connectivity Check Task

Time (s): cpu = 00:00:00 ; elapsed = 00:00:00.015 . Memory (MB): peak = 2802.504 ; gain = 0.000
Ending Logic Optimization Task | Checksum: 1a8981474

Time (s): cpu = 00:00:02 ; elapsed = 00:00:01 . Memory (MB): peak = 2802.504 ; gain = 0.000

Starting Power Optimization Task
INFO: [Pwropt 34-132] Skipping clock gating for clocks with a period < 2.00 ns.
Ending Power Optimization Task | Checksum: 1a8981474

Time (s): cpu = 00:00:00 ; elapsed = 00:00:00.018 . Memory (MB): peak = 2802.504 ; gain = 0.000

Starting Final Cleanup Task
Ending Final Cleanup Task | Checksum: 1a8981474

Time (s): cpu = 00:00:00 ; elapsed = 00:00:00.002 . Memory (MB): peak = 2802.504 ; gain = 0.000

Starting Netlist Obfuscation Task
Netlist sorting complete. Time (s): cpu = 00:00:00 ; elapsed = 00:00:00.003 . Memory (MB): peak = 2802.504 ; gain = 0.000
Ending Netlist Obfuscation Task | Checksum: 1a8981474

Time (s): cpu = 00:00:00 ; elapsed = 00:00:00.004 . Memory (MB): peak = 2802.504 ; gain = 0.000
INFO: [Common 17-83] Releasing license: Implementation
59 Infos, 0 Warnings, 0 Critical Warnings and 0 Errors encountered.
opt_design completed successfully
opt_design: Time (s): cpu = 00:00:09 ; elapsed = 00:00:07 . Memory (MB): peak = 2802.504 ; gain = 653.953
INFO: [Timing 38-480] Writing timing data to binary archive.
Writing XDEF routing.
Writing XDEF routing logical nets.
Writing XDEF routing special nets.
Write XDEF Complete: Time (s): cpu = 00:00:00 ; elapsed = 00:00:00.094 . Memory (MB): peak = 2802.504 ; gain = 0.000
INFO: [Common 17-1381] The checkpoint 'E:/VivadoProject/project_2/project_2.runs/impl_1/top_fpga_opt.dcp' has been generated.
INFO: [runtcl-4] Executing : report_drc -file top_fpga_drc_opted.rpt -pb top_fpga_drc_opted.pb -rpx top_fpga_drc_opted.rpx
Command: report_drc -file top_fpga_drc_opted.rpt -pb top_fpga_drc_opted.pb -rpx top_fpga_drc_opted.rpx
INFO: [IP_Flow 19-234] Refreshing IP repositories
INFO: [IP_Flow 19-1704] No user IP repositories specified
INFO: [IP_Flow 19-2313] Loaded Vivado IP repository 'E:/Xilinx/Vivado/2022.2/data/ip'.
INFO: [DRC 23-27] Running DRC with 2 threads
INFO: [Vivado_Tcl 2-168] The results of DRC are in file E:/VivadoProject/project_2/project_2.runs/impl_1/top_fpga_drc_opted.rpt.
report_drc completed successfully
Command: place_design
Attempting to get a license for feature 'Implementation' and/or device 'xczu9eg'
INFO: [Common 17-349] Got license for feature 'Implementation' and/or device 'xczu9eg'
INFO: [DRC 23-27] Running DRC with 2 threads
INFO: [Vivado_Tcl 4-198] DRC finished with 0 Errors
INFO: [Vivado_Tcl 4-199] Please refer to the DRC report (report_drc) for more information.
Running DRC as a precondition to command place_design
INFO: [DRC 23-27] Running DRC with 2 threads
INFO: [Vivado_Tcl 4-198] DRC finished with 0 Errors
INFO: [Vivado_Tcl 4-199] Please refer to the DRC report (report_drc) for more information.

Starting Placer Task
INFO: [Place 30-611] Multithreading enabled for place_design using a maximum of 2 CPUs

Phase 1 Placer Initialization

Phase 1.1 Placer Initialization Netlist Sorting
Netlist sorting complete. Time (s): cpu = 00:00:00 ; elapsed = 00:00:00.004 . Memory (MB): peak = 2802.504 ; gain = 0.000
Phase 1.1 Placer Initialization Netlist Sorting | Checksum: 17baf1894

Time (s): cpu = 00:00:00 ; elapsed = 00:00:00.022 . Memory (MB): peak = 2802.504 ; gain = 0.000
Netlist sorting complete. Time (s): cpu = 00:00:00 ; elapsed = 00:00:00.003 . Memory (MB): peak = 2802.504 ; gain = 0.000

Phase 1.2 IO Placement/ Clock Placement/ Build Placer Device
INFO: [Timing 38-35] Done setting XDC timing constraints.
Phase 1.2 IO Placement/ Clock Placement/ Build Placer Device | Checksum: 99b49c49

Time (s): cpu = 00:00:28 ; elapsed = 00:00:28 . Memory (MB): peak = 4080.922 ; gain = 1278.418

Phase 1.3 Build Placer Netlist Model
Phase 1.3 Build Placer Netlist Model | Checksum: dd1310ba

Time (s): cpu = 00:00:32 ; elapsed = 00:00:31 . Memory (MB): peak = 4080.922 ; gain = 1278.418

Phase 1.4 Constrain Clocks/Macros
Phase 1.4 Constrain Clocks/Macros | Checksum: dd1310ba

Time (s): cpu = 00:00:32 ; elapsed = 00:00:31 . Memory (MB): peak = 4080.922 ; gain = 1278.418
Phase 1 Placer Initialization | Checksum: dd1310ba

Time (s): cpu = 00:00:32 ; elapsed = 00:00:31 . Memory (MB): peak = 4080.922 ; gain = 1278.418

Phase 2 Global Placement

Phase 2.1 Floorplanning

*** Running vivado
    with args -log top_fpga.vdi -applog -m64 -product Vivado -messageDb vivado.pb -mode batch -source top_fpga.tcl -notrace



****** Vivado v2022.2 (64-bit)
  **** SW Build 3671981 on Fri Oct 14 05:00:03 MDT 2022
  **** IP Build 3669848 on Fri Oct 14 08:30:02 MDT 2022
    ** Copyright 1986-2022 Xilinx, Inc. All Rights Reserved.

source top_fpga.tcl -notrace
Command: link_design -top top_fpga -part xczu9eg-ffvb1156-2-e
Design is defaulting to srcset: sources_1
Design is defaulting to constrset: constrs_1
INFO: [Device 21-403] Loading part xczu9eg-ffvb1156-2-e
Netlist sorting complete. Time (s): cpu = 00:00:00 ; elapsed = 00:00:00.046 . Memory (MB): peak = 2038.566 ; gain = 0.000
INFO: [Netlist 29-17] Analyzing 1499 Unisim elements for replacement
INFO: [Netlist 29-28] Unisim Transformation completed in 1 CPU seconds
INFO: [Project 1-479] Netlist was created with Vivado 2022.2
INFO: [Project 1-570] Preparing netlist for logic optimization
Parsing XDC File [F:/SoC Design/fpga/boards/zcu102/constraints.xdc]
Finished Parsing XDC File [F:/SoC Design/fpga/boards/zcu102/constraints.xdc]
INFO: [Opt 31-138] Pushed 0 inverter(s) to 0 load pin(s).
Netlist sorting complete. Time (s): cpu = 00:00:00 ; elapsed = 00:00:00.002 . Memory (MB): peak = 2146.250 ; gain = 0.000
INFO: [Project 1-111] Unisim Transformation Summary:
  A total of 22 instances were transformed.
  IBUF => IBUF (IBUFCTRL, INBUF): 1 instance 
  IBUFDS => IBUFDS (DIFFINBUF, IBUFCTRL): 1 instance 
  RAM256X1D => RAM256X1D (MUXF7(x4), MUXF8(x2), RAMD64E(x8)): 10 instances
  RAM512X1S => RAM512X1S (MUXF7(x4), MUXF8(x2), MUXF9, RAMS64E1(x8)): 10 instances

7 Infos, 0 Warnings, 0 Critical Warnings and 0 Errors encountered.
link_design completed successfully
link_design: Time (s): cpu = 00:00:12 ; elapsed = 00:00:13 . Memory (MB): peak = 2146.250 ; gain = 1138.965
Command: opt_design
Attempting to get a license for feature 'Implementation' and/or device 'xczu9eg'
INFO: [Common 17-349] Got license for feature 'Implementation' and/or device 'xczu9eg'
Running DRC as a precondition to command opt_design

Starting DRC Task
INFO: [DRC 23-27] Running DRC with 2 threads
INFO: [Project 1-461] DRC finished with 0 Errors
INFO: [Project 1-462] Please refer to the DRC report (report_drc) for more information.

Time (s): cpu = 00:00:02 ; elapsed = 00:00:01 . Memory (MB): peak = 2175.258 ; gain = 29.008

Starting Cache Timing Information Task
INFO: [Timing 38-35] Done setting XDC timing constraints.
INFO: [Timing 38-2] Deriving generated clocks
Ending Cache Timing Information Task | Checksum: 20e4cc7fd

Time (s): cpu = 00:00:03 ; elapsed = 00:00:03 . Memory (MB): peak = 2458.051 ; gain = 282.793

Starting Logic Optimization Task

Phase 1 Retarget
INFO: [Opt 31-1287] Pulled Inverter u_soc/u_lif/q_count[1]_i_12 into driver instance u_soc/u_lif/wr_ptr[4]_i_32, which resulted in an inversion of 6 pins
INFO: [Opt 31-1287] Pulled Inverter u_soc/u_lif/q_count[1]_i_17 into driver instance u_soc/u_lif/q_count[1]_i_25, which resulted in an inversion of 4 pins
INFO: [Opt 31-1287] Pulled Inverter u_soc/u_lif/q_count[1]_i_30 into driver instance u_soc/u_lif/q_count[1]_i_11, which resulted in an inversion of 3 pins
INFO: [Opt 31-1287] Pulled Inverter u_soc/u_lif/q_count[5]_i_38 into driver instance u_soc/u_lif/q_count[1]_i_5, which resulted in an inversion of 5 pins
INFO: [Opt 31-1287] Pulled Inverter u_soc/u_lif/spike_q[15][0]_i_16 into driver instance u_soc/u_lif/spike_q[25][0]_i_16, which resulted in an inversion of 30 pins
INFO: [Opt 31-1287] Pulled Inverter u_soc/u_lif/spike_q[15][0]_i_17 into driver instance u_soc/u_lif/spike_q[7][0]_i_9, which resulted in an inversion of 27 pins
INFO: [Opt 31-1287] Pulled Inverter u_soc/u_lif/spike_q[15][0]_i_18 into driver instance u_soc/u_lif/spike_q[15][0]_i_9, which resulted in an inversion of 45 pins
INFO: [Opt 31-1287] Pulled Inverter u_soc/u_lif/spike_q[15][0]_i_20 into driver instance u_soc/u_lif/spike_q[4][0]_i_8, which resulted in an inversion of 38 pins
INFO: [Opt 31-1287] Pulled Inverter u_soc/u_lif/spike_q[15][0]_i_24 into driver instance u_soc/u_lif/q_count[4]_i_2, which resulted in an inversion of 2 pins
INFO: [Opt 31-1287] Pulled Inverter u_soc/u_lif/spike_q[25][0]_i_17 into driver instance u_soc/u_lif/spike_q[25][0]_i_21, which resulted in an inversion of 4 pins
INFO: [Opt 31-1287] Pulled Inverter u_soc/u_lif/spike_q[25][2]_i_30 into driver instance u_soc/u_lif/spike_q[30][2]_i_30, which resulted in an inversion of 9 pins
INFO: [Opt 31-1287] Pulled Inverter u_soc/u_lif/spike_q[25][2]_i_48 into driver instance u_soc/u_lif/spike_q[25][0]_i_10, which resulted in an inversion of 21 pins
INFO: [Opt 31-1287] Pulled Inverter u_soc/u_lif/spike_q[25][2]_i_49 into driver instance u_soc/u_lif/spike_q[25][0]_i_11, which resulted in an inversion of 25 pins
INFO: [Opt 31-1287] Pulled Inverter u_soc/u_lif/spike_q[25][2]_i_50 into driver instance u_soc/u_lif/spike_q[25][2]_i_19, which resulted in an inversion of 14 pins
INFO: [Opt 31-1287] Pulled Inverter u_soc/u_lif/spike_q[25][2]_i_65 into driver instance u_soc/u_lif/spike_q[19][3]_i_11, which resulted in an inversion of 14 pins
INFO: [Opt 31-1287] Pulled Inverter u_soc/u_lif/spike_q[25][2]_i_66 into driver instance u_soc/u_lif/spike_q[19][3]_i_12, which resulted in an inversion of 14 pins
INFO: [Opt 31-1287] Pulled Inverter u_soc/u_lif/spike_q[25][2]_i_67 into driver instance u_soc/u_lif/spike_q[29][3]_i_34, which resulted in an inversion of 32 pins
INFO: [Opt 31-1287] Pulled Inverter u_soc/u_lif/spike_q[25][2]_i_68 into driver instance u_soc/u_lif/spike_q[25][2]_i_27, which resulted in an inversion of 17 pins
INFO: [Opt 31-1287] Pulled Inverter u_soc/u_lif/spike_q[25][2]_i_69 into driver instance u_soc/u_lif/spike_q[25][0]_i_8, which resulted in an inversion of 77 pins
INFO: [Opt 31-1287] Pulled Inverter u_soc/u_lif/spike_q[25][2]_i_71 into driver instance u_soc/u_lif/spike_q[25][0]_i_14, which resulted in an inversion of 30 pins
INFO: [Opt 31-1287] Pulled Inverter u_soc/u_lif/spike_q[25][2]_i_72 into driver instance u_soc/u_lif/spike_q[25][2]_i_42, which resulted in an inversion of 17 pins
INFO: [Opt 31-1287] Pulled Inverter u_soc/u_lif/spike_q[25][2]_i_74 into driver instance u_soc/u_lif/spike_q[16][0]_i_8, which resulted in an inversion of 45 pins
INFO: [Opt 31-1287] Pulled Inverter u_soc/u_lif/spike_q[29][3]_i_20 into driver instance u_soc/u_lif/spike_q[30][0]_i_6, which resulted in an inversion of 40 pins
INFO: [Opt 31-1287] Pulled Inverter u_soc/u_lif/spike_q[29][3]_i_21 into driver instance u_soc/u_lif/spike_q[29][3]_i_11, which resulted in an inversion of 34 pins
INFO: [Opt 31-1287] Pulled Inverter u_soc/u_lif/spike_q[29][3]_i_23 into driver instance u_soc/u_lif/spike_q[25][2]_i_15, which resulted in an inversion of 96 pins
INFO: [Opt 31-1287] Pulled Inverter u_soc/u_lif/spike_q[30][0]_i_59 into driver instance u_soc/u_lif/spike_q[30][0]_i_46, which resulted in an inversion of 7 pins
INFO: [Opt 31-1287] Pulled Inverter u_soc/u_lif/spike_q[30][0]_i_61 into driver instance u_soc/u_lif/spike_q[25][2]_i_6, which resulted in an inversion of 32 pins
INFO: [Opt 31-1287] Pulled Inverter u_soc/u_lif/spike_q[30][0]_i_62 into driver instance u_soc/u_lif/spike_q[28][0]_i_14, which resulted in an inversion of 30 pins
INFO: [Opt 31-1287] Pulled Inverter u_soc/u_lif/spike_q[30][0]_i_64 into driver instance u_soc/u_lif/spike_q[25][0]_i_6, which resulted in an inversion of 87 pins
INFO: [Opt 31-1287] Pulled Inverter u_soc/u_lif/spike_q[30][1]_i_24 into driver instance u_soc/u_lif/spike_q[30][1]_i_45, which resulted in an inversion of 4 pins
INFO: [Opt 31-138] Pushed 1 inverter(s) to 1271 load pin(s).
INFO: [Opt 31-49] Retargeted 0 cell(s).
Phase 1 Retarget | Checksum: 1b9584c01

Time (s): cpu = 00:00:01 ; elapsed = 00:00:00.540 . Memory (MB): peak = 2800.016 ; gain = 0.000
INFO: [Opt 31-389] Phase Retarget created 1 cells and removed 37 cells

Phase 2 Constant propagation
INFO: [Opt 31-138] Pushed 0 inverter(s) to 0 load pin(s).
Phase 2 Constant propagation | Checksum: 164aa5843

Time (s): cpu = 00:00:01 ; elapsed = 00:00:00.599 . Memory (MB): peak = 2800.016 ; gain = 0.000
INFO: [Opt 31-389] Phase Constant propagation created 0 cells and removed 0 cells

Phase 3 Sweep
Phase 3 Sweep | Checksum: 1b2d2b983

Time (s): cpu = 00:00:01 ; elapsed = 00:00:00.688 . Memory (MB): peak = 2800.016 ; gain = 0.000
INFO: [Opt 31-389] Phase Sweep created 0 cells and removed 0 cells

Phase 4 BUFG optimization
INFO: [Opt 31-194] Inserted BUFG sys_clk_ibuf_BUFG_inst to drive 1 load(s) on clock net sys_clk_ibuf_BUFGCE
INFO: [Opt 31-193] Inserted 1 BUFG(s) on clock nets
INFO: [Opt 31-1077] Phase BUFG optimization inserted 0 global clock buffer(s) for CLOCK_LOW_FANOUT.
Phase 4 BUFG optimization | Checksum: 11ed5fbc5

Time (s): cpu = 00:00:01 ; elapsed = 00:00:00.790 . Memory (MB): peak = 2800.016 ; gain = 0.000
INFO: [Opt 31-662] Phase BUFG optimization created 1 cells of which 1 are BUFGs and removed 0 cells.

Phase 5 Shift Register Optimization
INFO: [Opt 31-1064] SRL Remap converted 0 SRLs to 0 registers and converted 0 registers of register chains to 0 SRLs
Phase 5 Shift Register Optimization | Checksum: 11ed5fbc5

Time (s): cpu = 00:00:01 ; elapsed = 00:00:00.801 . Memory (MB): peak = 2800.016 ; gain = 0.000
INFO: [Opt 31-389] Phase Shift Register Optimization created 0 cells and removed 0 cells

Phase 6 Post Processing Netlist
Phase 6 Post Processing Netlist | Checksum: 11ed5fbc5

Time (s): cpu = 00:00:01 ; elapsed = 00:00:00.825 . Memory (MB): peak = 2800.016 ; gain = 0.000
INFO: [Opt 31-389] Phase Post Processing Netlist created 0 cells and removed 0 cells
Opt_design Change Summary
=========================


-------------------------------------------------------------------------------------------------------------------------
|  Phase                        |  #Cells created  |  #Cells Removed  |  #Constrained objects preventing optimizations  |
-------------------------------------------------------------------------------------------------------------------------
|  Retarget                     |               1  |              37  |                                              0  |
|  Constant propagation         |               0  |               0  |                                              0  |
|  Sweep                        |               0  |               0  |                                              0  |
|  BUFG optimization            |               1  |               0  |                                              0  |
|  Shift Register Optimization  |               0  |               0  |                                              0  |
|  Post Processing Netlist      |               0  |               0  |                                              0  |
-------------------------------------------------------------------------------------------------------------------------



Starting Connectivity Check Task

Time (s): cpu = 00:00:00 ; elapsed = 00:00:00.013 . Memory (MB): peak = 2800.016 ; gain = 0.000
Ending Logic Optimization Task | Checksum: 21389e7a7

Time (s): cpu = 00:00:01 ; elapsed = 00:00:00.976 . Memory (MB): peak = 2800.016 ; gain = 0.000

Starting Power Optimization Task
INFO: [Pwropt 34-132] Skipping clock gating for clocks with a period < 2.00 ns.
Ending Power Optimization Task | Checksum: 21389e7a7

Time (s): cpu = 00:00:00 ; elapsed = 00:00:00.011 . Memory (MB): peak = 2800.016 ; gain = 0.000

Starting Final Cleanup Task
Ending Final Cleanup Task | Checksum: 21389e7a7

Time (s): cpu = 00:00:00 ; elapsed = 00:00:00.001 . Memory (MB): peak = 2800.016 ; gain = 0.000

Starting Netlist Obfuscation Task
Netlist sorting complete. Time (s): cpu = 00:00:00 ; elapsed = 00:00:00.002 . Memory (MB): peak = 2800.016 ; gain = 0.000
Ending Netlist Obfuscation Task | Checksum: 21389e7a7

Time (s): cpu = 00:00:00 ; elapsed = 00:00:00.003 . Memory (MB): peak = 2800.016 ; gain = 0.000
INFO: [Common 17-83] Releasing license: Implementation
58 Infos, 0 Warnings, 0 Critical Warnings and 0 Errors encountered.
opt_design completed successfully
opt_design: Time (s): cpu = 00:00:08 ; elapsed = 00:00:07 . Memory (MB): peak = 2800.016 ; gain = 653.766
INFO: [Timing 38-480] Writing timing data to binary archive.
Writing XDEF routing.
Writing XDEF routing logical nets.
Writing XDEF routing special nets.
Write XDEF Complete: Time (s): cpu = 00:00:01 ; elapsed = 00:00:00.080 . Memory (MB): peak = 2800.016 ; gain = 0.000
INFO: [Common 17-1381] The checkpoint 'E:/VivadoProject/project_2/project_2.runs/impl_1/top_fpga_opt.dcp' has been generated.
INFO: [runtcl-4] Executing : report_drc -file top_fpga_drc_opted.rpt -pb top_fpga_drc_opted.pb -rpx top_fpga_drc_opted.rpx
Command: report_drc -file top_fpga_drc_opted.rpt -pb top_fpga_drc_opted.pb -rpx top_fpga_drc_opted.rpx
INFO: [IP_Flow 19-234] Refreshing IP repositories
INFO: [IP_Flow 19-1704] No user IP repositories specified
INFO: [IP_Flow 19-2313] Loaded Vivado IP repository 'E:/Xilinx/Vivado/2022.2/data/ip'.
INFO: [DRC 23-27] Running DRC with 2 threads
INFO: [Vivado_Tcl 2-168] The results of DRC are in file E:/VivadoProject/project_2/project_2.runs/impl_1/top_fpga_drc_opted.rpt.
report_drc completed successfully
Command: place_design
Attempting to get a license for feature 'Implementation' and/or device 'xczu9eg'
INFO: [Common 17-349] Got license for feature 'Implementation' and/or device 'xczu9eg'
INFO: [DRC 23-27] Running DRC with 2 threads
INFO: [Vivado_Tcl 4-198] DRC finished with 0 Errors
INFO: [Vivado_Tcl 4-199] Please refer to the DRC report (report_drc) for more information.
Running DRC as a precondition to command place_design
INFO: [DRC 23-27] Running DRC with 2 threads
INFO: [Vivado_Tcl 4-198] DRC finished with 0 Errors
INFO: [Vivado_Tcl 4-199] Please refer to the DRC report (report_drc) for more information.

Starting Placer Task
INFO: [Place 30-611] Multithreading enabled for place_design using a maximum of 2 CPUs

Phase 1 Placer Initialization

Phase 1.1 Placer Initialization Netlist Sorting
Netlist sorting complete. Time (s): cpu = 00:00:00 ; elapsed = 00:00:00.002 . Memory (MB): peak = 2800.016 ; gain = 0.000
Phase 1.1 Placer Initialization Netlist Sorting | Checksum: 140780ed5

Time (s): cpu = 00:00:00 ; elapsed = 00:00:00.008 . Memory (MB): peak = 2800.016 ; gain = 0.000
Netlist sorting complete. Time (s): cpu = 00:00:00 ; elapsed = 00:00:00.002 . Memory (MB): peak = 2800.016 ; gain = 0.000

Phase 1.2 IO Placement/ Clock Placement/ Build Placer Device
INFO: [Timing 38-35] Done setting XDC timing constraints.
Phase 1.2 IO Placement/ Clock Placement/ Build Placer Device | Checksum: 18a03d296

Time (s): cpu = 00:00:27 ; elapsed = 00:00:27 . Memory (MB): peak = 4367.172 ; gain = 1567.156

Phase 1.3 Build Placer Netlist Model
Phase 1.3 Build Placer Netlist Model | Checksum: 1cd2ff631

Time (s): cpu = 00:00:31 ; elapsed = 00:00:29 . Memory (MB): peak = 4367.172 ; gain = 1567.156

Phase 1.4 Constrain Clocks/Macros
Phase 1.4 Constrain Clocks/Macros | Checksum: 1cd2ff631

Time (s): cpu = 00:00:31 ; elapsed = 00:00:29 . Memory (MB): peak = 4367.172 ; gain = 1567.156
Phase 1 Placer Initialization | Checksum: 1cd2ff631

Time (s): cpu = 00:00:31 ; elapsed = 00:00:29 . Memory (MB): peak = 4367.172 ; gain = 1567.156

Phase 2 Global Placement

Phase 2.1 Floorplanning

Phase 2.1.1 Partition Driven Placement

Phase 2.1.1.1 PBP: Partition Driven Placement
Phase 2.1.1.1 PBP: Partition Driven Placement | Checksum: 1f69661f7

Time (s): cpu = 00:00:34 ; elapsed = 00:00:32 . Memory (MB): peak = 4367.172 ; gain = 1567.156

Phase 2.1.1.2 PBP: Clock Region Placement
Phase 2.1.1.2 PBP: Clock Region Placement | Checksum: 1f69661f7

Time (s): cpu = 00:00:34 ; elapsed = 00:00:32 . Memory (MB): peak = 4367.172 ; gain = 1567.156

Phase 2.1.1.3 PBP: Compute Congestion
Phase 2.1.1.3 PBP: Compute Congestion | Checksum: 1f69661f7

Time (s): cpu = 00:00:35 ; elapsed = 00:00:32 . Memory (MB): peak = 4367.172 ; gain = 1567.156

Phase 2.1.1.4 PBP: UpdateTiming
Phase 2.1.1.4 PBP: UpdateTiming | Checksum: 2732925d3

Time (s): cpu = 00:00:35 ; elapsed = 00:00:33 . Memory (MB): peak = 4367.172 ; gain = 1567.156

Phase 2.1.1.5 PBP: Add part constraints
Phase 2.1.1.5 PBP: Add part constraints | Checksum: 2732925d3

Time (s): cpu = 00:00:35 ; elapsed = 00:00:33 . Memory (MB): peak = 4367.172 ; gain = 1567.156
Phase 2.1.1 Partition Driven Placement | Checksum: 2732925d3

Time (s): cpu = 00:00:35 ; elapsed = 00:00:33 . Memory (MB): peak = 4367.172 ; gain = 1567.156
Phase 2.1 Floorplanning | Checksum: 1fcf873cc

Time (s): cpu = 00:00:35 ; elapsed = 00:00:33 . Memory (MB): peak = 4367.172 ; gain = 1567.156

Phase 2.2 Update Timing before SLR Path Opt
Phase 2.2 Update Timing before SLR Path Opt | Checksum: 1fcf873cc

Time (s): cpu = 00:00:35 ; elapsed = 00:00:33 . Memory (MB): peak = 4367.172 ; gain = 1567.156

Phase 2.3 Post-Processing in Floorplanning
Phase 2.3 Post-Processing in Floorplanning | Checksum: 1fcf873cc

Time (s): cpu = 00:00:35 ; elapsed = 00:00:33 . Memory (MB): peak = 4367.172 ; gain = 1567.156

Phase 2.4 Global Placement Core

Phase 2.4.1 UpdateTiming Before Physical Synthesis
Phase 2.4.1 UpdateTiming Before Physical Synthesis | Checksum: 2360f0c11

Time (s): cpu = 00:00:46 ; elapsed = 00:00:40 . Memory (MB): peak = 4367.172 ; gain = 1567.156

Phase 2.4.2 Physical Synthesis In Placer
INFO: [Physopt 32-1035] Found 0 LUTNM shape to break, 393 LUT instances to create LUTNM shape
INFO: [Physopt 32-1044] Break lutnm for timing: one critical 0, two critical 0, total 0, new lutff created 0
INFO: [Physopt 32-1138] End 1 Pass. Optimized 180 nets or LUTs. Breaked 0 LUT, combined 180 existing LUTs and moved 0 existing LUT
INFO: [Physopt 32-1030] Pass 1. Identified 37 candidate driver sets for equivalent driver rewiring.
INFO: [Physopt 32-661] Optimized 16 nets.  Re-placed 87 instances.
INFO: [Physopt 32-775] End 1 Pass. Optimized 16 nets or cells. Created 0 new cell, deleted 2 existing cells and moved 87 existing cells
Netlist sorting complete. Time (s): cpu = 00:00:00 ; elapsed = 00:00:00.026 . Memory (MB): peak = 4367.172 ; gain = 0.000
INFO: [Physopt 32-65] No nets found for high-fanout optimization.
INFO: [Physopt 32-232] Optimized 0 net. Created 0 new instance.
INFO: [Physopt 32-775] End 1 Pass. Optimized 0 net or cell. Created 0 new cell, deleted 0 existing cell and moved 0 existing cell
INFO: [Physopt 32-670] No setup violation found.  DSP Register Optimization was not performed.
INFO: [Physopt 32-670] No setup violation found.  Shift Register to Pipeline Optimization was not performed.
INFO: [Physopt 32-670] No setup violation found.  Shift Register Optimization was not performed.
INFO: [Physopt 32-670] No setup violation found.  BRAM Register Optimization was not performed.
INFO: [Physopt 32-670] No setup violation found.  URAM Register Optimization was not performed.
INFO: [Physopt 32-949] No candidate nets found for dynamic/static region interface net replication
INFO: [Physopt 32-775] End 1 Pass. Optimized 0 net or cell. Created 0 new cell, deleted 0 existing cell and moved 0 existing cell
Netlist sorting complete. Time (s): cpu = 00:00:00 ; elapsed = 00:00:00.002 . Memory (MB): peak = 4367.172 ; gain = 0.000

Summary of Physical Synthesis Optimizations
============================================


-----------------------------------------------------------------------------------------------------------------------------------------------------------
|  Optimization                                     |  Added Cells  |  Removed Cells  |  Optimized Cells/Nets  |  Dont Touch  |  Iterations  |  Elapsed   |
-----------------------------------------------------------------------------------------------------------------------------------------------------------
|  LUT Combining                                    |            0  |            180  |                   180  |           0  |           1  |  00:00:00  |
|  Retime                                           |            0  |              0  |                     0  |           0  |           1  |  00:00:00  |
|  Equivalent Driver Rewiring                       |            0  |              2  |                    16  |           0  |           1  |  00:00:01  |
|  Very High Fanout                                 |            0  |              0  |                     0  |           0  |           1  |  00:00:00  |
|  DSP Register                                     |            0  |              0  |                     0  |           0  |           0  |  00:00:00  |
|  Shift Register to Pipeline                       |            0  |              0  |                     0  |           0  |           0  |  00:00:00  |
|  Shift Register                                   |            0  |              0  |                     0  |           0  |           0  |  00:00:00  |
|  BRAM Register                                    |            0  |              0  |                     0  |           0  |           0  |  00:00:00  |
|  URAM Register                                    |            0  |              0  |                     0  |           0  |           0  |  00:00:00  |
|  Dynamic/Static Region Interface Net Replication  |            0  |              0  |                     0  |           0  |           1  |  00:00:00  |
|  Total                                            |            0  |            182  |                   196  |           0  |           5  |  00:00:01  |
-----------------------------------------------------------------------------------------------------------------------------------------------------------


Phase 2.4.2 Physical Synthesis In Placer | Checksum: 22fbaad1d

Time (s): cpu = 00:00:47 ; elapsed = 00:00:41 . Memory (MB): peak = 4367.172 ; gain = 1567.156
Phase 2.4 Global Placement Core | Checksum: 226bafbfb

Time (s): cpu = 00:00:48 ; elapsed = 00:00:41 . Memory (MB): peak = 4367.172 ; gain = 1567.156
Phase 2 Global Placement | Checksum: 226bafbfb

Time (s): cpu = 00:00:48 ; elapsed = 00:00:42 . Memory (MB): peak = 4367.172 ; gain = 1567.156

Phase 3 Detail Placement

Phase 3.1 Commit Multi Column Macros
Phase 3.1 Commit Multi Column Macros | Checksum: 1bee1c6ce

Time (s): cpu = 00:00:49 ; elapsed = 00:00:42 . Memory (MB): peak = 4367.172 ; gain = 1567.156

Phase 3.2 Commit Most Macros & LUTRAMs
Phase 3.2 Commit Most Macros & LUTRAMs | Checksum: 2255ffabb

Time (s): cpu = 00:00:50 ; elapsed = 00:00:43 . Memory (MB): peak = 4367.172 ; gain = 1567.156

Phase 3.3 Small Shape DP

Phase 3.3.1 Small Shape Clustering
Phase 3.3.1 Small Shape Clustering | Checksum: 161868c32

Time (s): cpu = 00:00:51 ; elapsed = 00:00:44 . Memory (MB): peak = 4367.172 ; gain = 1567.156

Phase 3.3.2 Flow Legalize Slice Clusters
Phase 3.3.2 Flow Legalize Slice Clusters | Checksum: 2086a939c

Time (s): cpu = 00:00:51 ; elapsed = 00:00:44 . Memory (MB): peak = 4367.172 ; gain = 1567.156

Phase 3.3.3 Slice Area Swap

Phase 3.3.3.1 Slice Area Swap Initial
Phase 3.3.3.1 Slice Area Swap Initial | Checksum: 1b738c888

Time (s): cpu = 00:00:53 ; elapsed = 00:00:46 . Memory (MB): peak = 4367.172 ; gain = 1567.156
Phase 3.3.3 Slice Area Swap | Checksum: 1b738c888

Time (s): cpu = 00:00:53 ; elapsed = 00:00:46 . Memory (MB): peak = 4367.172 ; gain = 1567.156
Phase 3.3 Small Shape DP | Checksum: 20657ad84

Time (s): cpu = 00:00:56 ; elapsed = 00:00:48 . Memory (MB): peak = 4367.172 ; gain = 1567.156

Phase 3.4 Re-assign LUT pins
Phase 3.4 Re-assign LUT pins | Checksum: 1d1cbb674

Time (s): cpu = 00:00:57 ; elapsed = 00:00:48 . Memory (MB): peak = 4367.172 ; gain = 1567.156

Phase 3.5 Pipeline Register Optimization
Phase 3.5 Pipeline Register Optimization | Checksum: 145e26818

Time (s): cpu = 00:00:57 ; elapsed = 00:00:49 . Memory (MB): peak = 4367.172 ; gain = 1567.156
Phase 3 Detail Placement | Checksum: 145e26818

Time (s): cpu = 00:00:57 ; elapsed = 00:00:49 . Memory (MB): peak = 4367.172 ; gain = 1567.156

Phase 4 Post Placement Optimization and Clean-Up

Phase 4.1 Post Commit Optimization
INFO: [Timing 38-35] Done setting XDC timing constraints.

Phase 4.1.1 Post Placement Optimization
Post Placement Optimization Initialization | Checksum: f390f23d

Phase 4.1.1.1 BUFG Insertion

Starting Physical Synthesis Task

Phase 1 Physical Synthesis Initialization
INFO: [Physopt 32-721] Multithreading enabled for phys_opt_design using a maximum of 2 CPUs
INFO: [Physopt 32-619] Estimated Timing Summary | WNS=7.169 | TNS=0.000 |
Phase 1 Physical Synthesis Initialization | Checksum: 18c63a88f

Time (s): cpu = 00:00:00 ; elapsed = 00:00:00.223 . Memory (MB): peak = 4367.172 ; gain = 0.000
INFO: [Place 46-35] Processed net rst_n, inserted BUFG to drive 1269 loads.
INFO: [Place 46-45] Replicated bufg driver rst_sync_reg[1]_replica
INFO: [Place 46-56] BUFG insertion identified 1 candidate nets. Inserted BUFG: 1, Replicated BUFG Driver: 1, Skipped due to Placement/Routing Conflicts: 0, Skipped due to Timing Degradation: 0, Skipped due to Illegal Netlist: 0.
Ending Physical Synthesis Task | Checksum: 19d759c76

Time (s): cpu = 00:00:01 ; elapsed = 00:00:00.710 . Memory (MB): peak = 4367.172 ; gain = 0.000
Phase 4.1.1.1 BUFG Insertion | Checksum: 1cfa27e87

Time (s): cpu = 00:01:02 ; elapsed = 00:00:52 . Memory (MB): peak = 4367.172 ; gain = 1567.156

Phase 4.1.1.2 Post Placement Timing Optimization
INFO: [Place 30-746] Post Placement Timing Summary WNS=7.169. For the most accurate timing information please run report_timing.
Phase 4.1.1.2 Post Placement Timing Optimization | Checksum: 1c7f0567b

Time (s): cpu = 00:01:02 ; elapsed = 00:00:52 . Memory (MB): peak = 4367.172 ; gain = 1567.156

Time (s): cpu = 00:01:02 ; elapsed = 00:00:52 . Memory (MB): peak = 4367.172 ; gain = 1567.156
Phase 4.1 Post Commit Optimization | Checksum: 1c7f0567b

Time (s): cpu = 00:01:02 ; elapsed = 00:00:52 . Memory (MB): peak = 4367.172 ; gain = 1567.156
Netlist sorting complete. Time (s): cpu = 00:00:00 ; elapsed = 00:00:00.025 . Memory (MB): peak = 4367.172 ; gain = 0.000

Phase 4.2 Post Placement Cleanup
Phase 4.2 Post Placement Cleanup | Checksum: 24ce6eb80

Time (s): cpu = 00:01:07 ; elapsed = 00:00:57 . Memory (MB): peak = 4367.172 ; gain = 1567.156

Phase 4.3 Placer Reporting

Phase 4.3.1 Print Estimated Congestion
INFO: [Place 30-612] Post-Placement Estimated Congestion 
 ________________________________________________________________________
|           | Global Congestion | Long Congestion   | Short Congestion  |
| Direction | Region Size       | Region Size       | Region Size       |
|___________|___________________|___________________|___________________|
|      North|                1x1|                1x1|                2x2|
|___________|___________________|___________________|___________________|
|      South|                1x1|                1x1|                1x1|
|___________|___________________|___________________|___________________|
|       East|                1x1|                1x1|                2x2|
|___________|___________________|___________________|___________________|
|       West|                1x1|                1x1|                4x4|
|___________|___________________|___________________|___________________|

Phase 4.3.1 Print Estimated Congestion | Checksum: 24ce6eb80

Time (s): cpu = 00:01:07 ; elapsed = 00:00:57 . Memory (MB): peak = 4367.172 ; gain = 1567.156
Phase 4.3 Placer Reporting | Checksum: 24ce6eb80

Time (s): cpu = 00:01:07 ; elapsed = 00:00:57 . Memory (MB): peak = 4367.172 ; gain = 1567.156

Phase 4.4 Final Placement Cleanup
Netlist sorting complete. Time (s): cpu = 00:00:00 ; elapsed = 00:00:00.003 . Memory (MB): peak = 4367.172 ; gain = 0.000

Time (s): cpu = 00:01:07 ; elapsed = 00:00:57 . Memory (MB): peak = 4367.172 ; gain = 1567.156
Phase 4 Post Placement Optimization and Clean-Up | Checksum: 29bb12ffe

Time (s): cpu = 00:01:07 ; elapsed = 00:00:57 . Memory (MB): peak = 4367.172 ; gain = 1567.156
Ending Placer Task | Checksum: 24544aa49

Time (s): cpu = 00:01:07 ; elapsed = 00:00:58 . Memory (MB): peak = 4367.172 ; gain = 1567.156
INFO: [Common 17-83] Releasing license: Implementation
100 Infos, 0 Warnings, 0 Critical Warnings and 0 Errors encountered.
place_design completed successfully
place_design: Time (s): cpu = 00:01:09 ; elapsed = 00:00:59 . Memory (MB): peak = 4367.172 ; gain = 1567.156
INFO: [Timing 38-480] Writing timing data to binary archive.
Writing XDEF routing.
Writing XDEF routing logical nets.
Writing XDEF routing special nets.
Write XDEF Complete: Time (s): cpu = 00:00:02 ; elapsed = 00:00:00.756 . Memory (MB): peak = 4367.172 ; gain = 0.000
INFO: [Common 17-1381] The checkpoint 'E:/VivadoProject/project_2/project_2.runs/impl_1/top_fpga_placed.dcp' has been generated.
INFO: [runtcl-4] Executing : report_io -file top_fpga_io_placed.rpt
report_io: Time (s): cpu = 00:00:00 ; elapsed = 00:00:00.132 . Memory (MB): peak = 4367.172 ; gain = 0.000
INFO: [runtcl-4] Executing : report_utilization -file top_fpga_utilization_placed.rpt -pb top_fpga_utilization_placed.pb
INFO: [runtcl-4] Executing : report_control_sets -verbose -file top_fpga_control_sets_placed.rpt
report_control_sets: Time (s): cpu = 00:00:00 ; elapsed = 00:00:00.038 . Memory (MB): peak = 4367.172 ; gain = 0.000
Command: phys_opt_design
Attempting to get a license for feature 'Implementation' and/or device 'xczu9eg'
INFO: [Common 17-349] Got license for feature 'Implementation' and/or device 'xczu9eg'

Starting Initial Update Timing Task

Time (s): cpu = 00:00:04 ; elapsed = 00:00:02 . Memory (MB): peak = 4367.172 ; gain = 0.000
INFO: [Vivado_Tcl 4-383] Design worst setup slack (WNS) is greater than or equal to 0.000 ns. Skipping all physical synthesis optimizations.
INFO: [Vivado_Tcl 4-232] No setup violation found. The netlist was not modified.
INFO: [Common 17-83] Releasing license: Implementation
109 Infos, 0 Warnings, 0 Critical Warnings and 0 Errors encountered.
phys_opt_design completed successfully
INFO: [Timing 38-480] Writing timing data to binary archive.
Writing XDEF routing.
Writing XDEF routing logical nets.
Writing XDEF routing special nets.
Write XDEF Complete: Time (s): cpu = 00:00:02 ; elapsed = 00:00:00.760 . Memory (MB): peak = 4367.172 ; gain = 0.000
INFO: [Common 17-1381] The checkpoint 'E:/VivadoProject/project_2/project_2.runs/impl_1/top_fpga_physopt.dcp' has been generated.
Command: route_design
Attempting to get a license for feature 'Implementation' and/or device 'xczu9eg'
INFO: [Common 17-349] Got license for feature 'Implementation' and/or device 'xczu9eg'
Running DRC as a precondition to command route_design
INFO: [DRC 23-27] Running DRC with 2 threads
INFO: [Vivado_Tcl 4-198] DRC finished with 0 Errors
INFO: [Vivado_Tcl 4-199] Please refer to the DRC report (report_drc) for more information.


Starting Routing Task
INFO: [Route 35-254] Multithreading enabled for route_design using a maximum of 2 CPUs

Phase 1 Build RT Design
Checksum: PlaceDB: e5dfe707 ConstDB: 0 ShapeSum: da6e2e3d RouteDB: 84f69505
Nodegraph reading from file.  Time (s): cpu = 00:00:01 ; elapsed = 00:00:00.893 . Memory (MB): peak = 4367.172 ; gain = 0.000
Post Restoration Checksum: NetGraph: 2fd7a775 NumContArr: 120e75e Constraints: 26cb4f7b Timing: 0
Phase 1 Build RT Design | Checksum: 57c3de4e

Time (s): cpu = 00:00:07 ; elapsed = 00:00:06 . Memory (MB): peak = 4367.172 ; gain = 0.000

Phase 2 Router Initialization

Phase 2.1 Fix Topology Constraints
Phase 2.1 Fix Topology Constraints | Checksum: 57c3de4e

Time (s): cpu = 00:00:07 ; elapsed = 00:00:06 . Memory (MB): peak = 4367.172 ; gain = 0.000

Phase 2.2 Pre Route Cleanup
Phase 2.2 Pre Route Cleanup | Checksum: 57c3de4e

Time (s): cpu = 00:00:08 ; elapsed = 00:00:06 . Memory (MB): peak = 4367.172 ; gain = 0.000

Phase 2.3 Global Clock Net Routing
 Number of Nodes with overlaps = 0
Phase 2.3 Global Clock Net Routing | Checksum: 10b3a345d

Time (s): cpu = 00:00:09 ; elapsed = 00:00:07 . Memory (MB): peak = 4367.172 ; gain = 0.000

Phase 2.4 Update Timing
Phase 2.4 Update Timing | Checksum: 1e5bf4de5

Time (s): cpu = 00:00:12 ; elapsed = 00:00:09 . Memory (MB): peak = 4367.172 ; gain = 0.000
INFO: [Route 35-416] Intermediate Timing Summary | WNS=8.068  | TNS=0.000  | WHS=-0.039 | THS=-1.516 |


Router Utilization Summary
  Global Vertical Routing Utilization    = 0 %
  Global Horizontal Routing Utilization  = 0 %
  Routable Net Status*
  *Does not include unroutable nets such as driverless and loadless.
  Run report_route_status for detailed report.
  Number of Failed Nets               = 12178
    (Failed Nets is the sum of unrouted and partially routed nets)
  Number of Unrouted Nets             = 10393
  Number of Partially Routed Nets     = 1785
  Number of Node Overlaps             = 0

Phase 2 Router Initialization | Checksum: 1cd53807d

Time (s): cpu = 00:00:16 ; elapsed = 00:00:12 . Memory (MB): peak = 4367.172 ; gain = 0.000

Phase 3 Initial Routing

Phase 3.1 Global Routing
Phase 3.1 Global Routing | Checksum: 1cd53807d

Time (s): cpu = 00:00:16 ; elapsed = 00:00:12 . Memory (MB): peak = 4367.172 ; gain = 0.000
Phase 3 Initial Routing | Checksum: 2b2c947d4

Time (s): cpu = 00:00:21 ; elapsed = 00:00:15 . Memory (MB): peak = 4367.172 ; gain = 0.000

Phase 4 Rip-up And Reroute

Phase 4.1 Global Iteration 0
 Number of Nodes with overlaps = 3147
 Number of Nodes with overlaps = 276
 Number of Nodes with overlaps = 15
 Number of Nodes with overlaps = 6
 Number of Nodes with overlaps = 0
INFO: [Route 35-416] Intermediate Timing Summary | WNS=6.256  | TNS=0.000  | WHS=0.016  | THS=0.000  |

Phase 4.1 Global Iteration 0 | Checksum: 2615e517e

Time (s): cpu = 00:00:40 ; elapsed = 00:00:28 . Memory (MB): peak = 4367.172 ; gain = 0.000

Phase 4.2 Additional Iteration for Hold
Phase 4.2 Additional Iteration for Hold | Checksum: 2db4bd940

Time (s): cpu = 00:00:40 ; elapsed = 00:00:28 . Memory (MB): peak = 4367.172 ; gain = 0.000
Phase 4 Rip-up And Reroute | Checksum: 2db4bd940

Time (s): cpu = 00:00:40 ; elapsed = 00:00:28 . Memory (MB): peak = 4367.172 ; gain = 0.000

Phase 5 Delay and Skew Optimization

Phase 5.1 Delay CleanUp
Phase 5.1 Delay CleanUp | Checksum: 22daaddd1

Time (s): cpu = 00:00:40 ; elapsed = 00:00:28 . Memory (MB): peak = 4367.172 ; gain = 0.000

Phase 5.2 Clock Skew Optimization
Phase 5.2 Clock Skew Optimization | Checksum: 22daaddd1

Time (s): cpu = 00:00:40 ; elapsed = 00:00:28 . Memory (MB): peak = 4367.172 ; gain = 0.000
Phase 5 Delay and Skew Optimization | Checksum: 22daaddd1

Time (s): cpu = 00:00:40 ; elapsed = 00:00:28 . Memory (MB): peak = 4367.172 ; gain = 0.000

Phase 6 Post Hold Fix

Phase 6.1 Hold Fix Iter

Phase 6.1.1 Update Timing
Phase 6.1.1 Update Timing | Checksum: 1790288ac

Time (s): cpu = 00:00:42 ; elapsed = 00:00:29 . Memory (MB): peak = 4367.172 ; gain = 0.000
INFO: [Route 35-416] Intermediate Timing Summary | WNS=6.256  | TNS=0.000  | WHS=0.016  | THS=0.000  |

Phase 6.1 Hold Fix Iter | Checksum: 1790288ac

Time (s): cpu = 00:00:42 ; elapsed = 00:00:29 . Memory (MB): peak = 4367.172 ; gain = 0.000
Phase 6 Post Hold Fix | Checksum: 1790288ac

Time (s): cpu = 00:00:42 ; elapsed = 00:00:29 . Memory (MB): peak = 4367.172 ; gain = 0.000

Phase 7 Route finalize

Router Utilization Summary
  Global Vertical Routing Utilization    = 0.597837 %
  Global Horizontal Routing Utilization  = 0.625601 %
  Routable Net Status*
  *Does not include unroutable nets such as driverless and loadless.
  Run report_route_status for detailed report.
  Number of Failed Nets               = 0
    (Failed Nets is the sum of unrouted and partially routed nets)
  Number of Unrouted Nets             = 0
  Number of Partially Routed Nets     = 0
  Number of Node Overlaps             = 0

Phase 7 Route finalize | Checksum: 2147f04c2

Time (s): cpu = 00:00:42 ; elapsed = 00:00:30 . Memory (MB): peak = 4367.172 ; gain = 0.000

Phase 8 Verifying routed nets

 Verification completed successfully
Phase 8 Verifying routed nets | Checksum: 2147f04c2

Time (s): cpu = 00:00:43 ; elapsed = 00:00:30 . Memory (MB): peak = 4367.172 ; gain = 0.000

Phase 9 Depositing Routes
Phase 9 Depositing Routes | Checksum: 2147f04c2

Time (s): cpu = 00:00:43 ; elapsed = 00:00:31 . Memory (MB): peak = 4367.172 ; gain = 0.000

Phase 10 Resolve XTalk
Phase 10 Resolve XTalk | Checksum: 2147f04c2

Time (s): cpu = 00:00:44 ; elapsed = 00:00:31 . Memory (MB): peak = 4367.172 ; gain = 0.000

Phase 11 Post Router Timing
INFO: [Route 35-57] Estimated Timing Summary | WNS=6.256  | TNS=0.000  | WHS=0.016  | THS=0.000  |

INFO: [Route 35-327] The final timing numbers are based on the router estimated timing analysis. For a complete and accurate timing signoff, please run report_timing_summary.
Phase 11 Post Router Timing | Checksum: 2147f04c2

Time (s): cpu = 00:00:44 ; elapsed = 00:00:31 . Memory (MB): peak = 4367.172 ; gain = 0.000
INFO: [Route 35-16] Router Completed Successfully

Time (s): cpu = 00:00:44 ; elapsed = 00:00:31 . Memory (MB): peak = 4367.172 ; gain = 0.000

Routing Is Done.
INFO: [Common 17-83] Releasing license: Implementation
123 Infos, 0 Warnings, 0 Critical Warnings and 0 Errors encountered.
route_design completed successfully
route_design: Time (s): cpu = 00:00:47 ; elapsed = 00:00:33 . Memory (MB): peak = 4367.172 ; gain = 0.000
INFO: [Timing 38-480] Writing timing data to binary archive.
Writing XDEF routing.
Writing XDEF routing logical nets.
Writing XDEF routing special nets.
Write XDEF Complete: Time (s): cpu = 00:00:02 ; elapsed = 00:00:00.898 . Memory (MB): peak = 4367.172 ; gain = 0.000
INFO: [Common 17-1381] The checkpoint 'E:/VivadoProject/project_2/project_2.runs/impl_1/top_fpga_routed.dcp' has been generated.
INFO: [runtcl-4] Executing : report_drc -file top_fpga_drc_routed.rpt -pb top_fpga_drc_routed.pb -rpx top_fpga_drc_routed.rpx
Command: report_drc -file top_fpga_drc_routed.rpt -pb top_fpga_drc_routed.pb -rpx top_fpga_drc_routed.rpx
INFO: [IP_Flow 19-1839] IP Catalog is up to date.
INFO: [DRC 23-27] Running DRC with 2 threads
INFO: [Vivado_Tcl 2-168] The results of DRC are in file E:/VivadoProject/project_2/project_2.runs/impl_1/top_fpga_drc_routed.rpt.
report_drc completed successfully
INFO: [runtcl-4] Executing : report_methodology -file top_fpga_methodology_drc_routed.rpt -pb top_fpga_methodology_drc_routed.pb -rpx top_fpga_methodology_drc_routed.rpx
Command: report_methodology -file top_fpga_methodology_drc_routed.rpt -pb top_fpga_methodology_drc_routed.pb -rpx top_fpga_methodology_drc_routed.rpx
INFO: [Timing 38-35] Done setting XDC timing constraints.
INFO: [DRC 23-133] Running Methodology with 2 threads
INFO: [Vivado_Tcl 2-1520] The results of Report Methodology are in file E:/VivadoProject/project_2/project_2.runs/impl_1/top_fpga_methodology_drc_routed.rpt.
report_methodology completed successfully
INFO: [runtcl-4] Executing : report_power -file top_fpga_power_routed.rpt -pb top_fpga_power_summary_routed.pb -rpx top_fpga_power_routed.rpx
Command: report_power -file top_fpga_power_routed.rpt -pb top_fpga_power_summary_routed.pb -rpx top_fpga_power_routed.rpx
INFO: [Timing 38-35] Done setting XDC timing constraints.
Running Vector-less Activity Propagation...

Finished Running Vector-less Activity Propagation
135 Infos, 0 Warnings, 0 Critical Warnings and 0 Errors encountered.
report_power completed successfully
INFO: [runtcl-4] Executing : report_route_status -file top_fpga_route_status.rpt -pb top_fpga_route_status.pb
INFO: [runtcl-4] Executing : report_timing_summary -max_paths 10 -report_unconstrained -file top_fpga_timing_summary_routed.rpt -pb top_fpga_timing_summary_routed.pb -rpx top_fpga_timing_summary_routed.rpx -warn_on_violation 
INFO: [Timing 38-91] UpdateTimingParams: Speed grade: -2, Temperature grade: E, Delay Type: min_max.
INFO: [Timing 38-191] Multithreading enabled for timing update using a maximum of 2 CPUs
INFO: [runtcl-4] Executing : report_incremental_reuse -file top_fpga_incremental_reuse_routed.rpt
INFO: [Vivado_Tcl 4-1062] Incremental flow is disabled. No incremental reuse Info to report.
INFO: [runtcl-4] Executing : report_clock_utilization -file top_fpga_clock_utilization_routed.rpt
INFO: [runtcl-4] Executing : report_bus_skew -warn_on_violation -file top_fpga_bus_skew_routed.rpt -pb top_fpga_bus_skew_routed.pb -rpx top_fpga_bus_skew_routed.rpx
INFO: [Timing 38-91] UpdateTimingParams: Speed grade: -2, Temperature grade: E, Delay Type: min_max.
INFO: [Timing 38-191] Multithreading enabled for timing update using a maximum of 2 CPUs
Command: write_bitstream -force top_fpga.bit
Attempting to get a license for feature 'Implementation' and/or device 'xczu9eg'
INFO: [Common 17-349] Got license for feature 'Implementation' and/or device 'xczu9eg'
Running DRC as a precondition to command write_bitstream
INFO: [IP_Flow 19-1839] IP Catalog is up to date.
INFO: [DRC 23-27] Running DRC with 2 threads
INFO: [Vivado 12-3199] DRC finished with 0 Errors
INFO: [Vivado 12-3200] Please refer to the DRC report (report_drc) for more information.
INFO: [Designutils 20-2272] Running write_bitstream with 2 threads.
Loading data files...
Loading site data...
Loading route data...
Processing options...
Creating bitmap...
Creating bitstream...
Bitstream compression saved 146159392 bits.
Writing bitstream ./top_fpga.bit...
INFO: [Vivado 12-1842] Bitgen Completed Successfully.
INFO: [Common 17-83] Releasing license: Implementation
11 Infos, 0 Warnings, 0 Critical Warnings and 0 Errors encountered.
write_bitstream completed successfully
write_bitstream: Time (s): cpu = 00:00:36 ; elapsed = 00:00:33 . Memory (MB): peak = 4517.465 ; gain = 150.293
INFO: [Common 17-206] Exiting Vivado at Wed Mar  4 00:39:37 2026...
