Copyright 1986-2022 Xilinx, Inc. All Rights Reserved.
-------------------------------------------------------------------------------------------
| Tool Version      : Vivado v.2022.2 (win64) Build 3671981 Fri Oct 14 05:00:03 MDT 2022
| Date              : Wed Mar  4 00:39:04 2026
| Host              : Sakura running 64-bit major release  (build 9200)
| Command           : report_clock_utilization -file top_fpga_clock_utilization_routed.rpt
| Design            : top_fpga
| Device            : xczu9eg-ffvb1156
| Speed File        : -2  PRODUCTION 1.30 05-15-2022
| Temperature Grade : E
| Design State      : Routed
-------------------------------------------------------------------------------------------

Clock Utilization Report

Table of Contents
-----------------
1. Clock Primitive Utilization
2. Global Clock Resources
3. Global Clock Source Details
4. Clock Regions : Clock Primitives
5. Clock Regions : Load Primitives
6. Clock Regions : Global Clock Summary
7. Clock Regions : Routing Resource Utilization
8. Device Cell Placement Summary for Global Clock g0
9. Device Cell Placement Summary for Global Clock g1
10. Device Cell Placement Summary for Global Clock g2
11. Clock Region Cell Placement per Global Clock: Region X2Y0
12. Clock Region Cell Placement per Global Clock: Region X3Y0
13. Clock Region Cell Placement per Global Clock: Region X2Y1
14. Clock Region Cell Placement per Global Clock: Region X3Y1
15. Clock Region Cell Placement per Global Clock: Region X2Y2
16. Clock Region Cell Placement per Global Clock: Region X3Y2
17. Clock Region Cell Placement per Global Clock: Region X2Y3
18. Clock Region Cell Placement per Global Clock: Region X3Y3

1. Clock Primitive Utilization
------------------------------

+------------+------+-----------+-----+--------------+--------+
| Type       | Used | Available | LOC | Clock Region | Pblock |
+------------+------+-----------+-----+--------------+--------+
| BUFGCE     |    3 |       116 |   0 |            0 |      0 |
| BUFGCE_DIV |    0 |        16 |   0 |            0 |      0 |
| BUFGCTRL   |    0 |        32 |   0 |            0 |      0 |
| BUFG_GT    |    0 |       168 |   0 |            0 |      0 |
| BUFG_PS    |    0 |        72 |   0 |            0 |      0 |
| MMCM       |    1 |         4 |   0 |            0 |      0 |
| PLL        |    0 |         8 |   0 |            0 |      0 |
+------------+------+-----------+-----+--------------+--------+


2. Global Clock Resources
-------------------------

+-----------+-----------+-----------------+------------+--------------+--------------+------+-------------------+-------------------+-------------+-----------------+--------------+--------------+------------------------------+---------------------+
| Global Id | Source Id | Driver Type/Pin | Constraint | Site         | Clock Region | Root | Clock Delay Group | Load Clock Region | Clock Loads | Non-Clock Loads | Clock Period | Clock        | Driver Pin                   | Net                 |
+-----------+-----------+-----------------+------------+--------------+--------------+------+-------------------+-------------------+-------------+-----------------+--------------+--------------+------------------------------+---------------------+
| g0        | src0      | BUFGCE/O        | None       | BUFGCE_X0Y95 | X3Y3         | X2Y1 |                   |                 8 |        7564 |               0 |       19.998 | clk_mmcm_out | u_bufg/O                     | clk_50m             |
| g1        | src1      | BUFGCE/O        | None       | BUFGCE_X0Y50 | X3Y2         | X3Y2 | n/a               |                 6 |           0 |            1269 |          n/a | n/a          | rst_sync_reg[1]_bufg_place/O | rst_n               |
| g2        | src2      | BUFGCE/O        | None       | BUFGCE_X0Y12 | X3Y0         | X3Y3 | n/a               |                 1 |           0 |               1 |        3.333 | sys_clk      | sys_clk_ibuf_BUFG_inst/O     | sys_clk_ibuf_BUFGCE |
+-----------+-----------+-----------------+------------+--------------+--------------+------+-------------------+-------------------+-------------+-----------------+--------------+--------------+------------------------------+---------------------+
* Clock Loads column represents cell count of net connects that connect to a clock pin. Internal cell leaf pins are not considered
** Non-Clock Loads column represents cell count of non-clock pin loads


3. Global Clock Source Details
------------------------------

+-----------+-----------+--------------------+------------+--------------+--------------+-------------+-----------------+---------------------+--------------+--------------------------+------------------+
| Source Id | Global Id | Driver Type/Pin    | Constraint | Site         | Clock Region | Clock Loads | Non-Clock Loads | Source Clock Period | Source Clock | Driver Pin               | Net              |
+-----------+-----------+--------------------+------------+--------------+--------------+-------------+-----------------+---------------------+--------------+--------------------------+------------------+
| src0      | g0        | MMCME4_ADV/CLKOUT0 | None       | MMCM_X0Y3    | X3Y3         |           1 |               0 |              19.998 | clk_mmcm_out | u_mmcm/CLKOUT0           | clk_mmcm_out     |
| src1      | g1        | FDCE/Q             | None       | SLICE_X76Y94 | X2Y1         |           1 |               0 |                     |              | rst_sync_reg[1]/Q        | rst_n_bufg_place |
| src2      | g2        | IBUFCTRL/O         | IOB_X1Y23  | IOB_X1Y23    | X3Y0         |           1 |               0 |               3.333 | sys_clk      | u_ibufds/IBUFCTRL_INST/O | u_ibufds/O       |
+-----------+-----------+--------------------+------------+--------------+--------------+-------------+-----------------+---------------------+--------------+--------------------------+------------------+
* Clock Loads column represents cell count of net connects that connect to a clock pin. Internal cell leaf pins are not considered
** Non-Clock Loads column represents cell count of non-clock pin loads


4. Clock Regions : Clock Primitives
-----------------------------------

+-------------------+---------------+---------------+---------------+---------------+---------------+---------------+---------------+---------------+
|                   |  Global Clock |     BUFGCE    |   BUFGCE_DIV  |    BUFGCTRL   |    BUFG_GT    |    BUFG_PS    |      MMCM     |      PLL      |
+-------------------+-------+-------+-------+-------+-------+-------+-------+-------+-------+-------+-------+-------+-------+-------+-------+-------+
| Clock Region Name | Used  | Avail | Used  | Avail | Used  | Avail | Used  | Avail | Used  | Avail | Used  | Avail | Used  | Avail | Used  | Avail |
+-------------------+-------+-------+-------+-------+-------+-------+-------+-------+-------+-------+-------+-------+-------+-------+-------+-------+
| X0Y0              |     0 |     0 |     0 |     0 |     0 |     0 |     0 |     0 |     0 |     0 |     0 |     0 |     0 |     0 |     0 |     0 |
| X1Y0              |     0 |    24 |     0 |     0 |     0 |     0 |     0 |     0 |     0 |     0 |     0 |    24 |     0 |     0 |     0 |     0 |
| X2Y0              |     2 |    24 |     0 |     0 |     0 |     0 |     0 |     0 |     0 |     0 |     0 |     0 |     0 |     0 |     0 |     0 |
| X3Y0              |     2 |    24 |     1 |    28 |     0 |     4 |     0 |     8 |     0 |     0 |     0 |     0 |     0 |     1 |     0 |     2 |
| X0Y1              |     0 |     0 |     0 |     0 |     0 |     0 |     0 |     0 |     0 |     0 |     0 |     0 |     0 |     0 |     0 |     0 |
| X1Y1              |     0 |    24 |     0 |     0 |     0 |     0 |     0 |     0 |     0 |     0 |     0 |    24 |     0 |     0 |     0 |     0 |
| X2Y1              |     2 |    24 |     0 |     0 |     0 |     0 |     0 |     0 |     0 |     0 |     0 |     0 |     0 |     0 |     0 |     0 |
| X3Y1              |     2 |    24 |     0 |    24 |     0 |     4 |     0 |     8 |     0 |     0 |     0 |     0 |     0 |     1 |     0 |     2 |
| X0Y2              |     0 |     0 |     0 |     0 |     0 |     0 |     0 |     0 |     0 |     0 |     0 |     0 |     0 |     0 |     0 |     0 |
| X1Y2              |     0 |    24 |     0 |     0 |     0 |     0 |     0 |     0 |     0 |     0 |     0 |    24 |     0 |     0 |     0 |     0 |
| X2Y2              |     2 |    24 |     0 |     0 |     0 |     0 |     0 |     0 |     0 |     0 |     0 |     0 |     0 |     0 |     0 |     0 |
| X3Y2              |     2 |    24 |     1 |    24 |     0 |     4 |     0 |     8 |     0 |     0 |     0 |     0 |     0 |     1 |     0 |     2 |
| X0Y3              |     0 |    24 |     0 |     0 |     0 |     0 |     0 |     0 |     0 |    24 |     0 |     0 |     0 |     0 |     0 |     0 |
| X1Y3              |     0 |    24 |     0 |     0 |     0 |     0 |     0 |     0 |     0 |     0 |     0 |     0 |     0 |     0 |     0 |     0 |
| X2Y3              |     1 |    24 |     0 |     0 |     0 |     0 |     0 |     0 |     0 |     0 |     0 |     0 |     0 |     0 |     0 |     0 |
| X3Y3              |     2 |    24 |     1 |    28 |     0 |     4 |     0 |     8 |     0 |     0 |     0 |     0 |     1 |     1 |     0 |     2 |
| X0Y4              |     0 |    24 |     0 |     0 |     0 |     0 |     0 |     0 |     0 |    24 |     0 |     0 |     0 |     0 |     0 |     0 |
| X1Y4              |     0 |    24 |     0 |     0 |     0 |     0 |     0 |     0 |     0 |     0 |     0 |     0 |     0 |     0 |     0 |     0 |
| X2Y4              |     0 |    24 |     0 |     0 |     0 |     0 |     0 |     0 |     0 |     0 |     0 |     0 |     0 |     0 |     0 |     0 |
| X3Y4              |     0 |    24 |     0 |     4 |     0 |     0 |     0 |     0 |     0 |    24 |     0 |     0 |     0 |     0 |     0 |     0 |
| X0Y5              |     0 |    24 |     0 |     0 |     0 |     0 |     0 |     0 |     0 |    24 |     0 |     0 |     0 |     0 |     0 |     0 |
| X1Y5              |     0 |    24 |     0 |     0 |     0 |     0 |     0 |     0 |     0 |     0 |     0 |     0 |     0 |     0 |     0 |     0 |
| X2Y5              |     0 |    24 |     0 |     0 |     0 |     0 |     0 |     0 |     0 |     0 |     0 |     0 |     0 |     0 |     0 |     0 |
| X3Y5              |     0 |    24 |     0 |     4 |     0 |     0 |     0 |     0 |     0 |    24 |     0 |     0 |     0 |     0 |     0 |     0 |
| X0Y6              |     0 |    24 |     0 |     0 |     0 |     0 |     0 |     0 |     0 |    24 |     0 |     0 |     0 |     0 |     0 |     0 |
| X1Y6              |     0 |    24 |     0 |     0 |     0 |     0 |     0 |     0 |     0 |     0 |     0 |     0 |     0 |     0 |     0 |     0 |
| X2Y6              |     0 |    24 |     0 |     0 |     0 |     0 |     0 |     0 |     0 |     0 |     0 |     0 |     0 |     0 |     0 |     0 |
| X3Y6              |     0 |    24 |     0 |     4 |     0 |     0 |     0 |     0 |     0 |    24 |     0 |     0 |     0 |     0 |     0 |     0 |
+-------------------+-------+-------+-------+-------+-------+-------+-------+-------+-------+-------+-------+-------+-------+-------+-------+-------+
* Global Clock column represents track count; while other columns represents cell counts


5. Clock Regions : Load Primitives
----------------------------------

+-------------------+------------------+------------------+------------------+------------------+------------------+------------------+------------------+
|                   |   Global Clock   |        FF        |      LUTRAM      |  Block RAM (18K) |        DSP       |        GT        |      HARD IP     |
+-------------------+--------+---------+--------+---------+--------+---------+--------+---------+--------+---------+--------+---------+--------+---------+
| Clock Region Name | Used   | Avail   | Used   | Avail   | Used   | Avail   | Used   | Avail   | Used   | Avail   | Used   | Avail   | Used   | Avail   |
+-------------------+--------+---------+--------+---------+--------+---------+--------+---------+--------+---------+--------+---------+--------+---------+
| X0Y0              |      0 |       0 |      0 |       0 |      0 |       0 |      0 |       0 |      0 |       0 |      0 |       0 |      0 |       0 |
| X1Y0              |      0 |      24 |      0 |   19200 |      0 |    5280 |      0 |      48 |      0 |     120 |      0 |       0 |      0 |       0 |
| X2Y0              |      2 |      24 |     68 |   20160 |      0 |    5280 |      0 |      72 |      0 |      96 |      0 |       0 |      0 |       0 |
| X3Y0              |      2 |      24 |     97 |   19200 |      0 |    4800 |      0 |      72 |      0 |      48 |      0 |       0 |      0 |       0 |
| X0Y1              |      0 |       0 |      0 |       0 |      0 |       0 |      0 |       0 |      0 |       0 |      0 |       0 |      0 |       0 |
| X1Y1              |      0 |      24 |      0 |   19200 |      0 |    5280 |      0 |      48 |      0 |     120 |      0 |       0 |      0 |       0 |
| X2Y1              |      2 |      24 |    979 |   20160 |     16 |    5280 |      0 |      72 |      0 |      96 |      0 |       0 |      0 |       0 |
| X3Y1              |      2 |      24 |   1135 |   19200 |      2 |    4800 |      0 |      72 |      0 |      48 |      0 |       0 |      0 |       0 |
| X0Y2              |      0 |       0 |      0 |       0 |      0 |       0 |      0 |       0 |      0 |       0 |      0 |       0 |      0 |       0 |
| X1Y2              |      0 |      24 |      0 |   19200 |      0 |    5280 |      0 |      48 |      0 |     120 |      0 |       0 |      0 |       0 |
| X2Y2              |      2 |      24 |   1897 |   20160 |      2 |    5280 |      0 |      72 |      0 |      96 |      0 |       0 |      0 |       0 |
| X3Y2              |      2 |      24 |   3148 |   19200 |      0 |    4800 |      0 |      72 |      0 |      48 |      0 |       0 |      0 |       0 |
| X0Y3              |      0 |      24 |      0 |   27840 |      0 |    7200 |      0 |      96 |      0 |     144 |      0 |       4 |      0 |       0 |
| X1Y3              |      0 |      24 |      0 |   25920 |      0 |    7200 |      0 |      72 |      0 |     144 |      0 |       0 |      0 |       0 |
| X2Y3              |      1 |      24 |     15 |   20160 |      0 |    5280 |      0 |      72 |      0 |      96 |      0 |       0 |      0 |       0 |
| X3Y3              |      2 |      24 |    205 |   19200 |      0 |    4800 |      0 |      72 |      0 |      48 |      0 |       0 |      0 |       0 |
| X0Y4              |      0 |      24 |      0 |   27840 |      0 |    7200 |      0 |      96 |      0 |     144 |      0 |       4 |      0 |       0 |
| X1Y4              |      0 |      24 |      0 |   25920 |      0 |    7200 |      0 |      72 |      0 |     144 |      0 |       0 |      0 |       0 |
| X2Y4              |      0 |      24 |      0 |   20160 |      0 |    5280 |      0 |      72 |      0 |      96 |      0 |       0 |      0 |       0 |
| X3Y4              |      0 |      24 |      0 |   19200 |      0 |    4800 |      0 |      72 |      0 |      48 |      0 |       4 |      0 |       0 |
| X0Y5              |      0 |      24 |      0 |   27840 |      0 |    7200 |      0 |      96 |      0 |     144 |      0 |       4 |      0 |       0 |
| X1Y5              |      0 |      24 |      0 |   25920 |      0 |    7200 |      0 |      72 |      0 |     144 |      0 |       0 |      0 |       0 |
| X2Y5              |      0 |      24 |      0 |   20160 |      0 |    5280 |      0 |      72 |      0 |      96 |      0 |       0 |      0 |       0 |
| X3Y5              |      0 |      24 |      0 |   19200 |      0 |    4800 |      0 |      72 |      0 |      48 |      0 |       4 |      0 |       0 |
| X0Y6              |      0 |      24 |      0 |   27840 |      0 |    7200 |      0 |      96 |      0 |     144 |      0 |       4 |      0 |       0 |
| X1Y6              |      0 |      24 |      0 |   25920 |      0 |    7200 |      0 |      72 |      0 |     144 |      0 |       0 |      0 |       0 |
| X2Y6              |      0 |      24 |      0 |   20160 |      0 |    5280 |      0 |      72 |      0 |      96 |      0 |       0 |      0 |       0 |
| X3Y6              |      0 |      24 |      0 |   19200 |      0 |    4800 |      0 |      72 |      0 |      48 |      0 |       4 |      0 |       0 |
+-------------------+--------+---------+--------+---------+--------+---------+--------+---------+--------+---------+--------+---------+--------+---------+
* Global Clock column represents track count; while other columns represents cell counts


6. Clock Regions : Global Clock Summary
---------------------------------------

All Modules
+----+----+----+----+----+
|    | X0 | X1 | X2 | X3 |
+----+----+----+----+----+
| Y6 |  0 |  0 |  0 |  0 |
| Y5 |  0 |  0 |  0 |  0 |
| Y4 |  0 |  0 |  0 |  0 |
| Y3 |  0 |  0 |  1 |  2 |
| Y2 |  0 |  0 |  2 |  3 |
| Y1 |  0 |  0 |  2 |  3 |
| Y0 |  0 |  0 |  2 |  3 |
+----+----+----+----+----+


7. Clock Regions : Routing Resource Utilization
-----------------------------------------------

All Modules
+-------------------+----------------------+----------------------+----------------------+----------------------+
|                   |        HROUTES       |        HDISTRS       |        VROUTES       |        VDISTRS       |
+-------------------+------+-------+-------+------+-------+-------+------+-------+-------+------+-------+-------+
| Clock Region Name | Used | Avail | Util% | Used | Avail | Util% | Used | Avail | Util% | Used | Avail | Util% |
+-------------------+------+-------+-------+------+-------+-------+------+-------+-------+------+-------+-------+
| X0Y0              |    0 |     0 |  0.00 |    0 |     0 |  0.00 |    0 |     0 |  0.00 |    0 |     0 |  0.00 |
| X1Y0              |    0 |    24 |  0.00 |    0 |    24 |  0.00 |    0 |    24 |  0.00 |    0 |    24 |  0.00 |
| X2Y0              |    0 |    24 |  0.00 |    2 |    24 |  8.33 |    0 |    24 |  0.00 |    1 |    24 |  4.17 |
| X3Y0              |    1 |    24 |  4.17 |    2 |    24 |  8.33 |    0 |    24 |  0.00 |    1 |    24 |  4.17 |
| X0Y1              |    0 |     0 |  0.00 |    0 |     0 |  0.00 |    0 |     0 |  0.00 |    0 |     0 |  0.00 |
| X1Y1              |    0 |    24 |  0.00 |    0 |    24 |  0.00 |    0 |    24 |  0.00 |    0 |    24 |  0.00 |
| X2Y1              |    0 |    24 |  0.00 |    2 |    24 |  8.33 |    1 |    24 |  4.17 |    1 |    24 |  4.17 |
| X3Y1              |    0 |    24 |  0.00 |    2 |    24 |  8.33 |    1 |    24 |  4.17 |    1 |    24 |  4.17 |
| X0Y2              |    0 |     0 |  0.00 |    0 |     0 |  0.00 |    0 |     0 |  0.00 |    0 |     0 |  0.00 |
| X1Y2              |    0 |    24 |  0.00 |    0 |    24 |  0.00 |    0 |    24 |  0.00 |    0 |    24 |  0.00 |
| X2Y2              |    0 |    24 |  0.00 |    2 |    24 |  8.33 |    1 |    24 |  4.17 |    1 |    24 |  4.17 |
| X3Y2              |    0 |    24 |  0.00 |    2 |    24 |  8.33 |    1 |    24 |  4.17 |    1 |    24 |  4.17 |
| X0Y3              |    0 |    24 |  0.00 |    0 |    24 |  0.00 |    0 |    24 |  0.00 |    0 |    24 |  0.00 |
| X1Y3              |    0 |    24 |  0.00 |    0 |    24 |  0.00 |    0 |    24 |  0.00 |    0 |    24 |  0.00 |
| X2Y3              |    1 |    24 |  4.17 |    1 |    24 |  4.17 |    1 |    24 |  4.17 |    0 |    24 |  0.00 |
| X3Y3              |    2 |    24 |  8.33 |    2 |    24 |  8.33 |    1 |    24 |  4.17 |    1 |    24 |  4.17 |
| X0Y4              |    0 |    24 |  0.00 |    0 |    24 |  0.00 |    0 |    24 |  0.00 |    0 |    24 |  0.00 |
| X1Y4              |    0 |    24 |  0.00 |    0 |    24 |  0.00 |    0 |    24 |  0.00 |    0 |    24 |  0.00 |
| X2Y4              |    0 |    24 |  0.00 |    0 |    24 |  0.00 |    0 |    24 |  0.00 |    0 |    24 |  0.00 |
| X3Y4              |    0 |    24 |  0.00 |    0 |    24 |  0.00 |    0 |    24 |  0.00 |    0 |    24 |  0.00 |
| X0Y5              |    0 |    24 |  0.00 |    0 |    24 |  0.00 |    0 |    24 |  0.00 |    0 |    24 |  0.00 |
| X1Y5              |    0 |    24 |  0.00 |    0 |    24 |  0.00 |    0 |    24 |  0.00 |    0 |    24 |  0.00 |
| X2Y5              |    0 |    24 |  0.00 |    0 |    24 |  0.00 |    0 |    24 |  0.00 |    0 |    24 |  0.00 |
| X3Y5              |    0 |    24 |  0.00 |    0 |    24 |  0.00 |    0 |    24 |  0.00 |    0 |    24 |  0.00 |
| X0Y6              |    0 |    24 |  0.00 |    0 |    24 |  0.00 |    0 |    24 |  0.00 |    0 |    24 |  0.00 |
| X1Y6              |    0 |    24 |  0.00 |    0 |    24 |  0.00 |    0 |    24 |  0.00 |    0 |    24 |  0.00 |
| X2Y6              |    0 |    24 |  0.00 |    0 |    24 |  0.00 |    0 |    24 |  0.00 |    0 |    24 |  0.00 |
| X3Y6              |    0 |    24 |  0.00 |    0 |    24 |  0.00 |    0 |    24 |  0.00 |    0 |    24 |  0.00 |
+-------------------+------+-------+-------+------+-------+-------+------+-------+-------+------+-------+-------+


8. Device Cell Placement Summary for Global Clock g0
----------------------------------------------------

+-----------+-----------------+-------------------+--------------+-------------+---------------+----------+-------------+----------+----------------+----------+---------+
| Global Id | Driver Type/Pin | Driver Region (D) | Clock        | Period (ns) | Waveform (ns) | Root (R) | Slice Loads | IO Loads | Clocking Loads | GT Loads | Net     |
+-----------+-----------------+-------------------+--------------+-------------+---------------+----------+-------------+----------+----------------+----------+---------+
| g0        | BUFGCE/O        | X3Y3              | clk_mmcm_out |      19.998 | {0.000 9.999} | X2Y1     |        7564 |        0 |              0 |        0 | clk_50m |
+-----------+-----------------+-------------------+--------------+-------------+---------------+----------+-------------+----------+----------------+----------+---------+
* Slice Loads column represents load cell count of all cell types other than IO, GT and clock resources
** IO Loads column represents load cell count of IO types
*** Clocking Loads column represents load cell count that are clock resources (global clock buffer, MMCM, PLL, etc)
**** GT Loads column represents load cell count of GT types


+----+----+----+---------+----------+-----------------------+
|    | X0 | X1 | X2      | X3       | HORIZONTAL PROG DELAY |
+----+----+----+---------+----------+-----------------------+
| Y6 |  0 |  0 |       0 |        0 |                     - |
| Y5 |  0 |  0 |       0 |        0 |                     - |
| Y4 |  0 |  0 |       0 |        0 |                     - |
| Y3 |  0 |  0 |      15 |  (D) 205 |                     0 |
| Y2 |  0 |  0 |    1899 |     3148 |                     1 |
| Y1 |  0 |  0 | (R) 995 |     1137 |                     1 |
| Y0 |  0 |  0 |      68 |       97 |                     0 |
+----+----+----+---------+----------+-----------------------+


9. Device Cell Placement Summary for Global Clock g1
----------------------------------------------------

+-----------+-----------------+-------------------+-------+-------------+---------------+----------+-------------+----------+----------------+----------+-------+
| Global Id | Driver Type/Pin | Driver Region (D) | Clock | Period (ns) | Waveform (ns) | Root (R) | Slice Loads | IO Loads | Clocking Loads | GT Loads | Net   |
+-----------+-----------------+-------------------+-------+-------------+---------------+----------+-------------+----------+----------------+----------+-------+
| g1        | BUFGCE/O        | X3Y2              |       |             |               | X3Y2     |        1269 |        0 |              0 |        0 | rst_n |
+-----------+-----------------+-------------------+-------+-------------+---------------+----------+-------------+----------+----------------+----------+-------+
* Slice Loads column represents load cell count of all cell types other than IO, GT and clock resources
** IO Loads column represents load cell count of IO types
*** Clocking Loads column represents load cell count that are clock resources (global clock buffer, MMCM, PLL, etc)
**** GT Loads column represents load cell count of GT types


+----+----+----+------+------------+-----------------------+
|    | X0 | X1 | X2   | X3         | HORIZONTAL PROG DELAY |
+----+----+----+------+------------+-----------------------+
| Y6 |  0 |  0 |    0 |          0 |                     - |
| Y5 |  0 |  0 |    0 |          0 |                     - |
| Y4 |  0 |  0 |    0 |          0 |                     - |
| Y3 |  0 |  0 |    0 |          0 |                     - |
| Y2 |  0 |  0 |   56 | (R) (D) 89 |                     0 |
| Y1 |  0 |  0 |  974 |        113 |                     0 |
| Y0 |  0 |  0 |    9 |         28 |                     0 |
+----+----+----+------+------------+-----------------------+


10. Device Cell Placement Summary for Global Clock g2
-----------------------------------------------------

+-----------+-----------------+-------------------+---------+-------------+---------------+----------+-------------+----------+----------------+----------+---------------------+
| Global Id | Driver Type/Pin | Driver Region (D) | Clock   | Period (ns) | Waveform (ns) | Root (R) | Slice Loads | IO Loads | Clocking Loads | GT Loads | Net                 |
+-----------+-----------------+-------------------+---------+-------------+---------------+----------+-------------+----------+----------------+----------+---------------------+
| g2        | BUFGCE/O        | X3Y0              | sys_clk |       3.333 | {0.000 1.666} | X3Y3     |           0 |        0 |              1 |        0 | sys_clk_ibuf_BUFGCE |
+-----------+-----------------+-------------------+---------+-------------+---------------+----------+-------------+----------+----------------+----------+---------------------+
* Slice Loads column represents load cell count of all cell types other than IO, GT and clock resources
** IO Loads column represents load cell count of IO types
*** Clocking Loads column represents load cell count that are clock resources (global clock buffer, MMCM, PLL, etc)
**** GT Loads column represents load cell count of GT types


+----+----+----+----+--------+-----------------------+
|    | X0 | X1 | X2 | X3     | HORIZONTAL PROG DELAY |
+----+----+----+----+--------+-----------------------+
| Y6 |  0 |  0 |  0 |      0 |                     - |
| Y5 |  0 |  0 |  0 |      0 |                     - |
| Y4 |  0 |  0 |  0 |      0 |                     - |
| Y3 |  0 |  0 |  0 |  (R) 1 |                     0 |
| Y2 |  0 |  0 |  0 |      0 |                     - |
| Y1 |  0 |  0 |  0 |      0 |                     - |
| Y0 |  0 |  0 |  0 |  (D) 0 |                     - |
+----+----+----+----+--------+-----------------------+


11. Clock Region Cell Placement per Global Clock: Region X2Y0
-------------------------------------------------------------

+-----------+-------+-----------------+------------+-------------+-----------------+----+-------------+------+-----+----+------+-----+---------+---------+
| Global Id | Track | Driver Type/Pin | Constraint | Clock Loads | Non-Clock Loads | FF | Memory LUTs | RAMB | DSP | GT | MMCM | PLL | Hard IP | Net     |
+-----------+-------+-----------------+------------+-------------+-----------------+----+-------------+------+-----+----+------+-----+---------+---------+
| g0        | 23    | BUFGCE/O        | None       |          68 |               0 | 68 |           0 |    0 |   0 |  0 |    0 |   0 |       0 | clk_50m |
| g1        | 2     | BUFGCE/O        | None       |           0 |               9 |  9 |           0 |    0 |   0 |  0 |    0 |   0 |       0 | rst_n   |
+-----------+-------+-----------------+------------+-------------+-----------------+----+-------------+------+-----+----+------+-----+---------+---------+
* Clock Loads column represents cell count of net connects that connect to a clock pin. Internal cell leaf pins are not considered
** Non-Clock Loads column represents cell count of non-clock pin loads
*** Columns FF, LUTRAM, RAMB through 'Hard IP' represents load cell counts


12. Clock Region Cell Placement per Global Clock: Region X3Y0
-------------------------------------------------------------

+-----------+-------+-----------------+------------+-------------+-----------------+----+-------------+------+-----+----+------+-----+---------+---------------------+
| Global Id | Track | Driver Type/Pin | Constraint | Clock Loads | Non-Clock Loads | FF | Memory LUTs | RAMB | DSP | GT | MMCM | PLL | Hard IP | Net                 |
+-----------+-------+-----------------+------------+-------------+-----------------+----+-------------+------+-----+----+------+-----+---------+---------------------+
| g0        | 23    | BUFGCE/O        | None       |          97 |               0 | 97 |           0 |    0 |   0 |  0 |    0 |   0 |       0 | clk_50m             |
| g1        | 2     | BUFGCE/O        | None       |           0 |              28 | 28 |           0 |    0 |   0 |  0 |    0 |   0 |       0 | rst_n               |
| g2+       | 12    | BUFGCE/O        | None       |           0 |               0 |  0 |           0 |    0 |   0 |  0 |    0 |   0 |       0 | sys_clk_ibuf_BUFGCE |
+-----------+-------+-----------------+------------+-------------+-----------------+----+-------------+------+-----+----+------+-----+---------+---------------------+
* Clock Loads column represents cell count of net connects that connect to a clock pin. Internal cell leaf pins are not considered
** Non-Clock Loads column represents cell count of non-clock pin loads
*** Columns FF, LUTRAM, RAMB through 'Hard IP' represents load cell counts
**** In Global Id column, sympbol '+' indicates that global clock was used only to route through the clock region.


13. Clock Region Cell Placement per Global Clock: Region X2Y1
-------------------------------------------------------------

+-----------+-------+-----------------+------------+-------------+-----------------+-----+-------------+------+-----+----+------+-----+---------+---------+
| Global Id | Track | Driver Type/Pin | Constraint | Clock Loads | Non-Clock Loads | FF  | Memory LUTs | RAMB | DSP | GT | MMCM | PLL | Hard IP | Net     |
+-----------+-------+-----------------+------------+-------------+-----------------+-----+-------------+------+-----+----+------+-----+---------+---------+
| g0        | 23    | BUFGCE/O        | None       |         995 |               0 | 979 |          16 |    0 |   0 |  0 |    0 |   0 |       0 | clk_50m |
| g1        | 2     | BUFGCE/O        | None       |           0 |             974 | 974 |           0 |    0 |   0 |  0 |    0 |   0 |       0 | rst_n   |
+-----------+-------+-----------------+------------+-------------+-----------------+-----+-------------+------+-----+----+------+-----+---------+---------+
* Clock Loads column represents cell count of net connects that connect to a clock pin. Internal cell leaf pins are not considered
** Non-Clock Loads column represents cell count of non-clock pin loads
*** Columns FF, LUTRAM, RAMB through 'Hard IP' represents load cell counts


14. Clock Region Cell Placement per Global Clock: Region X3Y1
-------------------------------------------------------------

+-----------+-------+-----------------+------------+-------------+-----------------+------+-------------+------+-----+----+------+-----+---------+---------------------+
| Global Id | Track | Driver Type/Pin | Constraint | Clock Loads | Non-Clock Loads | FF   | Memory LUTs | RAMB | DSP | GT | MMCM | PLL | Hard IP | Net                 |
+-----------+-------+-----------------+------------+-------------+-----------------+------+-------------+------+-----+----+------+-----+---------+---------------------+
| g0        | 23    | BUFGCE/O        | None       |        1137 |               0 | 1135 |           2 |    0 |   0 |  0 |    0 |   0 |       0 | clk_50m             |
| g1        | 2     | BUFGCE/O        | None       |           0 |             113 |  113 |           0 |    0 |   0 |  0 |    0 |   0 |       0 | rst_n               |
| g2+       | 12    | BUFGCE/O        | None       |           0 |               0 |    0 |           0 |    0 |   0 |  0 |    0 |   0 |       0 | sys_clk_ibuf_BUFGCE |
+-----------+-------+-----------------+------------+-------------+-----------------+------+-------------+------+-----+----+------+-----+---------+---------------------+
* Clock Loads column represents cell count of net connects that connect to a clock pin. Internal cell leaf pins are not considered
** Non-Clock Loads column represents cell count of non-clock pin loads
*** Columns FF, LUTRAM, RAMB through 'Hard IP' represents load cell counts
**** In Global Id column, sympbol '+' indicates that global clock was used only to route through the clock region.


15. Clock Region Cell Placement per Global Clock: Region X2Y2
-------------------------------------------------------------

+-----------+-------+-----------------+------------+-------------+-----------------+------+-------------+------+-----+----+------+-----+---------+---------+
| Global Id | Track | Driver Type/Pin | Constraint | Clock Loads | Non-Clock Loads | FF   | Memory LUTs | RAMB | DSP | GT | MMCM | PLL | Hard IP | Net     |
+-----------+-------+-----------------+------------+-------------+-----------------+------+-------------+------+-----+----+------+-----+---------+---------+
| g0        | 23    | BUFGCE/O        | None       |        1899 |               0 | 1897 |           2 |    0 |   0 |  0 |    0 |   0 |       0 | clk_50m |
| g1        | 2     | BUFGCE/O        | None       |           0 |              56 |   56 |           0 |    0 |   0 |  0 |    0 |   0 |       0 | rst_n   |
+-----------+-------+-----------------+------------+-------------+-----------------+------+-------------+------+-----+----+------+-----+---------+---------+
* Clock Loads column represents cell count of net connects that connect to a clock pin. Internal cell leaf pins are not considered
** Non-Clock Loads column represents cell count of non-clock pin loads
*** Columns FF, LUTRAM, RAMB through 'Hard IP' represents load cell counts


16. Clock Region Cell Placement per Global Clock: Region X3Y2
-------------------------------------------------------------

+-----------+-------+-----------------+------------+-------------+-----------------+------+-------------+------+-----+----+------+-----+---------+---------------------+
| Global Id | Track | Driver Type/Pin | Constraint | Clock Loads | Non-Clock Loads | FF   | Memory LUTs | RAMB | DSP | GT | MMCM | PLL | Hard IP | Net                 |
+-----------+-------+-----------------+------------+-------------+-----------------+------+-------------+------+-----+----+------+-----+---------+---------------------+
| g0        | 23    | BUFGCE/O        | None       |        3148 |               0 | 3148 |           0 |    0 |   0 |  0 |    0 |   0 |       0 | clk_50m             |
| g1        | 2     | BUFGCE/O        | None       |           0 |              89 |   89 |           0 |    0 |   0 |  0 |    0 |   0 |       0 | rst_n               |
| g2+       | 12    | BUFGCE/O        | None       |           0 |               0 |    0 |           0 |    0 |   0 |  0 |    0 |   0 |       0 | sys_clk_ibuf_BUFGCE |
+-----------+-------+-----------------+------------+-------------+-----------------+------+-------------+------+-----+----+------+-----+---------+---------------------+
* Clock Loads column represents cell count of net connects that connect to a clock pin. Internal cell leaf pins are not considered
** Non-Clock Loads column represents cell count of non-clock pin loads
*** Columns FF, LUTRAM, RAMB through 'Hard IP' represents load cell counts
**** In Global Id column, sympbol '+' indicates that global clock was used only to route through the clock region.


17. Clock Region Cell Placement per Global Clock: Region X2Y3
-------------------------------------------------------------

+-----------+-------+-----------------+------------+-------------+-----------------+----+-------------+------+-----+----+------+-----+---------+---------+
| Global Id | Track | Driver Type/Pin | Constraint | Clock Loads | Non-Clock Loads | FF | Memory LUTs | RAMB | DSP | GT | MMCM | PLL | Hard IP | Net     |
+-----------+-------+-----------------+------------+-------------+-----------------+----+-------------+------+-----+----+------+-----+---------+---------+
| g0        | 23    | BUFGCE/O        | None       |          15 |               0 | 15 |           0 |    0 |   0 |  0 |    0 |   0 |       0 | clk_50m |
+-----------+-------+-----------------+------------+-------------+-----------------+----+-------------+------+-----+----+------+-----+---------+---------+
* Clock Loads column represents cell count of net connects that connect to a clock pin. Internal cell leaf pins are not considered
** Non-Clock Loads column represents cell count of non-clock pin loads
*** Columns FF, LUTRAM, RAMB through 'Hard IP' represents load cell counts


18. Clock Region Cell Placement per Global Clock: Region X3Y3
-------------------------------------------------------------

+-----------+-------+-----------------+------------+-------------+-----------------+-----+-------------+------+-----+----+------+-----+---------+---------------------+
| Global Id | Track | Driver Type/Pin | Constraint | Clock Loads | Non-Clock Loads | FF  | Memory LUTs | RAMB | DSP | GT | MMCM | PLL | Hard IP | Net                 |
+-----------+-------+-----------------+------------+-------------+-----------------+-----+-------------+------+-----+----+------+-----+---------+---------------------+
| g0        | 23    | BUFGCE/O        | None       |         205 |               0 | 205 |           0 |    0 |   0 |  0 |    0 |   0 |       0 | clk_50m             |
| g2        | 12    | BUFGCE/O        | None       |           0 |               1 |   0 |           0 |    0 |   0 |  0 |    1 |   0 |       0 | sys_clk_ibuf_BUFGCE |
+-----------+-------+-----------------+------------+-------------+-----------------+-----+-------------+------+-----+----+------+-----+---------+---------------------+
* Clock Loads column represents cell count of net connects that connect to a clock pin. Internal cell leaf pins are not considered
** Non-Clock Loads column represents cell count of non-clock pin loads
*** Columns FF, LUTRAM, RAMB through 'Hard IP' represents load cell counts


