
*** Running vivado
    with args -log top_fpga.vds -m64 -product Vivado -mode batch -messageDb vivado.pb -notrace -source top_fpga.tcl



****** Vivado v2022.2 (64-bit)
  **** SW Build 3671981 on Fri Oct 14 05:00:03 MDT 2022
  **** IP Build 3669848 on Fri Oct 14 08:30:02 MDT 2022
    ** Copyright 1986-2022 Xilinx, Inc. All Rights Reserved.

source top_fpga.tcl -notrace
Command: read_checkpoint -auto_incremental -incremental E:/VivadoProject/project_2/project_2.srcs/utils_1/imports/synth_1/top_fpga.dcp
INFO: [Vivado 12-5825] Read reference checkpoint from E:/VivadoProject/project_2/project_2.srcs/utils_1/imports/synth_1/top_fpga.dcp for incremental synthesis
INFO: [Vivado 12-7989] Please ensure there are no constraint changes
Command: synth_design -top top_fpga -part xczu9eg-ffvb1156-2-e
Starting synth_design
Attempting to get a license for feature 'Synthesis' and/or device 'xczu9eg'
INFO: [Common 17-349] Got license for feature 'Synthesis' and/or device 'xczu9eg'
INFO: [Device 21-403] Loading part xczu9eg-ffvb1156-2-e
INFO: [Designutils 20-5440] No compile time benefit to using incremental synthesis; A full resynthesis will be run
INFO: [Designutils 20-4379] Flow is switching to default flow due to incremental criteria not met. If you would like to alter this behaviour and have the flow terminate instead, please set the following parameter config_implementation {autoIncr.Synth.RejectBehavior Terminate}
INFO: [Synth 8-7079] Multithreading enabled for synth_design using a maximum of 2 processes.
INFO: [Synth 8-7078] Launching helper process for spawning children vivado processes
INFO: [Synth 8-7075] Helper process launched with PID 25204
INFO: [Synth 8-11241] undeclared symbol 'REGCCE', assumed default net type 'wire' [E:/Xilinx/Vivado/2022.2/data/verilog/src/unimacro/BRAM_SINGLE_MACRO.v:2170]
WARNING: [Synth 8-11067] parameter 'NUM_INPUTS' declared inside package 'snn_soc_pkg' shall be treated as localparam [F:/SoC Design/rtl/top/snn_soc_pkg.sv:42]
WARNING: [Synth 8-11067] parameter 'NUM_OUTPUTS' declared inside package 'snn_soc_pkg' shall be treated as localparam [F:/SoC Design/rtl/top/snn_soc_pkg.sv:45]
WARNING: [Synth 8-11067] parameter 'WL_GROUP_WIDTH' declared inside package 'snn_soc_pkg' shall be treated as localparam [F:/SoC Design/rtl/top/snn_soc_pkg.sv:52]
WARNING: [Synth 8-11067] parameter 'WL_GROUP_COUNT' declared inside package 'snn_soc_pkg' shall be treated as localparam [F:/SoC Design/rtl/top/snn_soc_pkg.sv:53]
WARNING: [Synth 8-11067] parameter 'ADC_CHANNELS' declared inside package 'snn_soc_pkg' shall be treated as localparam [F:/SoC Design/rtl/top/snn_soc_pkg.sv:59]
WARNING: [Synth 8-11067] parameter 'PIXEL_BITS' declared inside package 'snn_soc_pkg' shall be treated as localparam [F:/SoC Design/rtl/top/snn_soc_pkg.sv:62]
WARNING: [Synth 8-11067] parameter 'ADC_BITS' declared inside package 'snn_soc_pkg' shall be treated as localparam [F:/SoC Design/rtl/top/snn_soc_pkg.sv:66]
WARNING: [Synth 8-11067] parameter 'NEURON_DATA_WIDTH' declared inside package 'snn_soc_pkg' shall be treated as localparam [F:/SoC Design/rtl/top/snn_soc_pkg.sv:71]
WARNING: [Synth 8-11067] parameter 'LIF_MEM_WIDTH' declared inside package 'snn_soc_pkg' shall be treated as localparam [F:/SoC Design/rtl/top/snn_soc_pkg.sv:78]
WARNING: [Synth 8-11067] parameter 'THRESHOLD_RATIO_DEFAULT' declared inside package 'snn_soc_pkg' shall be treated as localparam [F:/SoC Design/rtl/top/snn_soc_pkg.sv:86]
WARNING: [Synth 8-11067] parameter 'TIMESTEPS_DEFAULT' declared inside package 'snn_soc_pkg' shall be treated as localparam [F:/SoC Design/rtl/top/snn_soc_pkg.sv:90]
WARNING: [Synth 8-11067] parameter 'THRESHOLD_DEFAULT' declared inside package 'snn_soc_pkg' shall be treated as localparam [F:/SoC Design/rtl/top/snn_soc_pkg.sv:95]
WARNING: [Synth 8-11067] parameter 'INPUT_FIFO_DEPTH' declared inside package 'snn_soc_pkg' shall be treated as localparam [F:/SoC Design/rtl/top/snn_soc_pkg.sv:104]
WARNING: [Synth 8-11067] parameter 'OUTPUT_FIFO_DEPTH' declared inside package 'snn_soc_pkg' shall be treated as localparam [F:/SoC Design/rtl/top/snn_soc_pkg.sv:105]
WARNING: [Synth 8-11067] parameter 'DAC_LATENCY_CYCLES' declared inside package 'snn_soc_pkg' shall be treated as localparam [F:/SoC Design/rtl/top/snn_soc_pkg.sv:110]
WARNING: [Synth 8-11067] parameter 'CIM_LATENCY_CYCLES' declared inside package 'snn_soc_pkg' shall be treated as localparam [F:/SoC Design/rtl/top/snn_soc_pkg.sv:111]
WARNING: [Synth 8-11067] parameter 'ADC_MUX_SETTLE_CYCLES' declared inside package 'snn_soc_pkg' shall be treated as localparam [F:/SoC Design/rtl/top/snn_soc_pkg.sv:113]
WARNING: [Synth 8-11067] parameter 'ADC_SAMPLE_CYCLES' declared inside package 'snn_soc_pkg' shall be treated as localparam [F:/SoC Design/rtl/top/snn_soc_pkg.sv:114]
---------------------------------------------------------------------------------
Starting RTL Elaboration : Time (s): cpu = 00:00:04 ; elapsed = 00:00:04 . Memory (MB): peak = 2378.980 ; gain = 339.223
---------------------------------------------------------------------------------
INFO: [Synth 8-6157] synthesizing module 'top_fpga' [F:/SoC Design/fpga/boards/zcu102/top_fpga.sv:4]
INFO: [Synth 8-6157] synthesizing module 'IBUFDS' [E:/Xilinx/Vivado/2022.2/scripts/rt/data/unisim_comp.v:71342]
	Parameter DIFF_TERM bound to: TRUE - type: string 
	Parameter IBUF_LOW_PWR bound to: FALSE - type: string 
INFO: [Synth 8-6155] done synthesizing module 'IBUFDS' (0#1) [E:/Xilinx/Vivado/2022.2/scripts/rt/data/unisim_comp.v:71342]
INFO: [Synth 8-6157] synthesizing module 'MMCME4_ADV' [E:/Xilinx/Vivado/2022.2/scripts/rt/data/unisim_comp.v:80245]
	Parameter CLKFBOUT_MULT_F bound to: 4.000000 - type: double 
	Parameter CLKIN1_PERIOD bound to: 3.333000 - type: double 
	Parameter CLKOUT0_DIVIDE_F bound to: 24.000000 - type: double 
	Parameter DIVCLK_DIVIDE bound to: 1 - type: integer 
INFO: [Synth 8-6155] done synthesizing module 'MMCME4_ADV' (0#1) [E:/Xilinx/Vivado/2022.2/scripts/rt/data/unisim_comp.v:80245]
INFO: [Synth 8-6157] synthesizing module 'BUFG' [E:/Xilinx/Vivado/2022.2/scripts/rt/data/unisim_comp.v:1082]
INFO: [Synth 8-6155] done synthesizing module 'BUFG' (0#1) [E:/Xilinx/Vivado/2022.2/scripts/rt/data/unisim_comp.v:1082]
INFO: [Synth 8-6157] synthesizing module 'snn_soc_top' [F:/SoC Design/rtl/top/snn_soc_top.sv:56]
INFO: [Synth 8-6157] synthesizing module 'bus_simple_if' [F:/SoC Design/rtl/bus/bus_simple_if.sv:47]
INFO: [Synth 8-6155] done synthesizing module 'bus_simple_if' (0#1) [F:/SoC Design/rtl/bus/bus_simple_if.sv:47]
INFO: [Synth 8-6157] synthesizing module 'bus_interconnect' [F:/SoC Design/rtl/bus/bus_interconnect.sv:72]
INFO: [Synth 8-6155] done synthesizing module 'bus_interconnect' (0#1) [F:/SoC Design/rtl/bus/bus_interconnect.sv:72]
INFO: [Synth 8-6157] synthesizing module 'sram_simple' [F:/SoC Design/rtl/mem/sram_simple.sv:55]
	Parameter MEM_BYTES bound to: 16384 - type: integer 
INFO: [Synth 8-6155] done synthesizing module 'sram_simple' (0#1) [F:/SoC Design/rtl/mem/sram_simple.sv:55]
INFO: [Synth 8-6157] synthesizing module 'sram_simple_dp' [F:/SoC Design/rtl/mem/sram_simple_dp.sv:56]
	Parameter MEM_BYTES bound to: 16384 - type: integer 
INFO: [Synth 8-6155] done synthesizing module 'sram_simple_dp' (0#1) [F:/SoC Design/rtl/mem/sram_simple_dp.sv:56]
INFO: [Synth 8-6157] synthesizing module 'dma_engine' [F:/SoC Design/rtl/dma/dma_engine.sv:64]
INFO: [Synth 8-6155] done synthesizing module 'dma_engine' (0#1) [F:/SoC Design/rtl/dma/dma_engine.sv:64]
INFO: [Synth 8-6157] synthesizing module 'fifo_sync' [F:/SoC Design/rtl/mem/fifo_sync.sv:86]
	Parameter WIDTH bound to: 32'sb00000000000000000000000001000000 
	Parameter DEPTH bound to: 32'sb00000000000000000000000100000000 
INFO: [Synth 8-6155] done synthesizing module 'fifo_sync' (0#1) [F:/SoC Design/rtl/mem/fifo_sync.sv:86]
INFO: [Synth 8-6157] synthesizing module 'fifo_sync__parameterized0' [F:/SoC Design/rtl/mem/fifo_sync.sv:86]
	Parameter WIDTH bound to: 32'sb00000000000000000000000000000100 
	Parameter DEPTH bound to: 32'sb00000000000000000000000100000000 
INFO: [Synth 8-6155] done synthesizing module 'fifo_sync__parameterized0' (0#1) [F:/SoC Design/rtl/mem/fifo_sync.sv:86]
INFO: [Synth 8-6157] synthesizing module 'reg_bank' [F:/SoC Design/rtl/reg/reg_bank.sv:96]
INFO: [Synth 8-6155] done synthesizing module 'reg_bank' (0#1) [F:/SoC Design/rtl/reg/reg_bank.sv:96]
INFO: [Synth 8-6157] synthesizing module 'fifo_regs' [F:/SoC Design/rtl/reg/fifo_regs.sv:39]
INFO: [Synth 8-6155] done synthesizing module 'fifo_regs' (0#1) [F:/SoC Design/rtl/reg/fifo_regs.sv:39]
INFO: [Synth 8-6157] synthesizing module 'cim_array_ctrl' [F:/SoC Design/rtl/snn/cim_array_ctrl.sv:54]
INFO: [Synth 8-6155] done synthesizing module 'cim_array_ctrl' (0#1) [F:/SoC Design/rtl/snn/cim_array_ctrl.sv:54]
INFO: [Synth 8-6157] synthesizing module 'wl_mux_wrapper' [F:/SoC Design/rtl/snn/wl_mux_wrapper.sv:103]
INFO: [Synth 8-6155] done synthesizing module 'wl_mux_wrapper' (0#1) [F:/SoC Design/rtl/snn/wl_mux_wrapper.sv:103]
INFO: [Synth 8-6157] synthesizing module 'dac_ctrl' [F:/SoC Design/rtl/snn/dac_ctrl.sv:58]
INFO: [Synth 8-226] default block is never used [F:/SoC Design/rtl/snn/dac_ctrl.sv:107]
INFO: [Synth 8-6155] done synthesizing module 'dac_ctrl' (0#1) [F:/SoC Design/rtl/snn/dac_ctrl.sv:58]
INFO: [Synth 8-6157] synthesizing module 'cim_fpga_model' [F:/SoC Design/fpga/cim_model/cim_fpga_model.sv:20]
INFO: [Synth 8-3876] $readmem data file 'weight_pos.hex' is read successfully [F:/SoC Design/fpga/cim_model/cim_fpga_model.sv:64]
WARNING: [Synth 8-2898] ignoring malformed $readmem task: invalid memory range [F:/SoC Design/fpga/cim_model/cim_fpga_model.sv:65]
INFO: [Synth 8-6155] done synthesizing module 'cim_fpga_model' (0#1) [F:/SoC Design/fpga/cim_model/cim_fpga_model.sv:20]
INFO: [Synth 8-6157] synthesizing module 'adc_ctrl' [F:/SoC Design/rtl/snn/adc_ctrl.sv:40]
INFO: [Synth 8-226] default block is never used [F:/SoC Design/rtl/snn/adc_ctrl.sv:132]
INFO: [Synth 8-6155] done synthesizing module 'adc_ctrl' (0#1) [F:/SoC Design/rtl/snn/adc_ctrl.sv:40]
INFO: [Synth 8-6157] synthesizing module 'lif_neurons' [F:/SoC Design/rtl/snn/lif_neurons.sv:59]
WARNING: [Synth 8-693] zero replication count - replication ignored [F:/SoC Design/rtl/snn/lif_neurons.sv:95]
INFO: [Synth 8-6155] done synthesizing module 'lif_neurons' (0#1) [F:/SoC Design/rtl/snn/lif_neurons.sv:59]
INFO: [Synth 8-6157] synthesizing module 'uart_stub' [F:/SoC Design/rtl/periph/uart_stub.sv:33]
INFO: [Synth 8-6155] done synthesizing module 'uart_stub' (0#1) [F:/SoC Design/rtl/periph/uart_stub.sv:33]
INFO: [Synth 8-6157] synthesizing module 'spi_stub' [F:/SoC Design/rtl/periph/spi_stub.sv:41]
INFO: [Synth 8-6155] done synthesizing module 'spi_stub' (0#1) [F:/SoC Design/rtl/periph/spi_stub.sv:41]
INFO: [Synth 8-6157] synthesizing module 'jtag_stub' [F:/SoC Design/rtl/periph/jtag_stub.sv:36]
INFO: [Synth 8-6155] done synthesizing module 'jtag_stub' (0#1) [F:/SoC Design/rtl/periph/jtag_stub.sv:36]
INFO: [Synth 8-6155] done synthesizing module 'snn_soc_top' (0#1) [F:/SoC Design/rtl/top/snn_soc_top.sv:56]
INFO: [Synth 8-6155] done synthesizing module 'top_fpga' (0#1) [F:/SoC Design/fpga/boards/zcu102/top_fpga.sv:4]
WARNING: [Synth 8-7137] Register mem_reg in module fifo_sync has both Set and reset with same priority. This may cause simulation mismatches. Consider rewriting code 
WARNING: [Synth 8-4767] Trying to implement RAM 'mem_reg' in registers. Block RAM or DRAM implementation is not possible; see log for reasons.
Reason is one or more of the following :
	1: RAM is sensitive to asynchronous reset signal. this RTL style is not supported. 
RAM "mem_reg" dissolved into registers
WARNING: [Synth 8-7137] Register mem_reg in module fifo_sync__parameterized0 has both Set and reset with same priority. This may cause simulation mismatches. Consider rewriting code 
WARNING: [Synth 8-4767] Trying to implement RAM 'mem_reg' in registers. Block RAM or DRAM implementation is not possible; see log for reasons.
Reason is one or more of the following :
	1: RAM is sensitive to asynchronous reset signal. this RTL style is not supported. 
RAM "mem_reg" dissolved into registers
WARNING: [Synth 8-3848] Net weight_neg[0][9] in module/entity cim_fpga_model does not have driver. [F:/SoC Design/fpga/cim_model/cim_fpga_model.sv:61]
WARNING: [Synth 8-3848] Net weight_neg[1][9] in module/entity cim_fpga_model does not have driver. [F:/SoC Design/fpga/cim_model/cim_fpga_model.sv:61]
WARNING: [Synth 8-3848] Net weight_neg[2][9] in module/entity cim_fpga_model does not have driver. [F:/SoC Design/fpga/cim_model/cim_fpga_model.sv:61]
WARNING: [Synth 8-3848] Net weight_neg[3][9] in module/entity cim_fpga_model does not have driver. [F:/SoC Design/fpga/cim_model/cim_fpga_model.sv:61]
WARNING: [Synth 8-3848] Net weight_neg[4][9] in module/entity cim_fpga_model does not have driver. [F:/SoC Design/fpga/cim_model/cim_fpga_model.sv:61]
WARNING: [Synth 8-3848] Net weight_neg[5][9] in module/entity cim_fpga_model does not have driver. [F:/SoC Design/fpga/cim_model/cim_fpga_model.sv:61]
WARNING: [Synth 8-3848] Net weight_neg[6][9] in module/entity cim_fpga_model does not have driver. [F:/SoC Design/fpga/cim_model/cim_fpga_model.sv:61]
WARNING: [Synth 8-3848] Net weight_neg[7][9] in module/entity cim_fpga_model does not have driver. [F:/SoC Design/fpga/cim_model/cim_fpga_model.sv:61]
WARNING: [Synth 8-3848] Net weight_neg[8][9] in module/entity cim_fpga_model does not have driver. [F:/SoC Design/fpga/cim_model/cim_fpga_model.sv:61]
WARNING: [Synth 8-3848] Net weight_neg[9][9] in module/entity cim_fpga_model does not have driver. [F:/SoC Design/fpga/cim_model/cim_fpga_model.sv:61]
WARNING: [Synth 8-3848] Net weight_neg[10][9] in module/entity cim_fpga_model does not have driver. [F:/SoC Design/fpga/cim_model/cim_fpga_model.sv:61]
WARNING: [Synth 8-3848] Net weight_neg[11][9] in module/entity cim_fpga_model does not have driver. [F:/SoC Design/fpga/cim_model/cim_fpga_model.sv:61]
WARNING: [Synth 8-3848] Net weight_neg[12][9] in module/entity cim_fpga_model does not have driver. [F:/SoC Design/fpga/cim_model/cim_fpga_model.sv:61]
WARNING: [Synth 8-3848] Net weight_neg[13][9] in module/entity cim_fpga_model does not have driver. [F:/SoC Design/fpga/cim_model/cim_fpga_model.sv:61]
WARNING: [Synth 8-3848] Net weight_neg[14][9] in module/entity cim_fpga_model does not have driver. [F:/SoC Design/fpga/cim_model/cim_fpga_model.sv:61]
WARNING: [Synth 8-3848] Net weight_neg[15][9] in module/entity cim_fpga_model does not have driver. [F:/SoC Design/fpga/cim_model/cim_fpga_model.sv:61]
WARNING: [Synth 8-3848] Net weight_neg[16][9] in module/entity cim_fpga_model does not have driver. [F:/SoC Design/fpga/cim_model/cim_fpga_model.sv:61]
WARNING: [Synth 8-3848] Net weight_neg[17][9] in module/entity cim_fpga_model does not have driver. [F:/SoC Design/fpga/cim_model/cim_fpga_model.sv:61]
WARNING: [Synth 8-3848] Net weight_neg[18][9] in module/entity cim_fpga_model does not have driver. [F:/SoC Design/fpga/cim_model/cim_fpga_model.sv:61]
WARNING: [Synth 8-3848] Net weight_neg[19][9] in module/entity cim_fpga_model does not have driver. [F:/SoC Design/fpga/cim_model/cim_fpga_model.sv:61]
WARNING: [Synth 8-3848] Net weight_neg[20][9] in module/entity cim_fpga_model does not have driver. [F:/SoC Design/fpga/cim_model/cim_fpga_model.sv:61]
WARNING: [Synth 8-3848] Net weight_neg[21][9] in module/entity cim_fpga_model does not have driver. [F:/SoC Design/fpga/cim_model/cim_fpga_model.sv:61]
WARNING: [Synth 8-3848] Net weight_neg[22][9] in module/entity cim_fpga_model does not have driver. [F:/SoC Design/fpga/cim_model/cim_fpga_model.sv:61]
WARNING: [Synth 8-3848] Net weight_neg[23][9] in module/entity cim_fpga_model does not have driver. [F:/SoC Design/fpga/cim_model/cim_fpga_model.sv:61]
WARNING: [Synth 8-3848] Net weight_neg[24][9] in module/entity cim_fpga_model does not have driver. [F:/SoC Design/fpga/cim_model/cim_fpga_model.sv:61]
WARNING: [Synth 8-3848] Net weight_neg[25][9] in module/entity cim_fpga_model does not have driver. [F:/SoC Design/fpga/cim_model/cim_fpga_model.sv:61]
WARNING: [Synth 8-3848] Net weight_neg[26][9] in module/entity cim_fpga_model does not have driver. [F:/SoC Design/fpga/cim_model/cim_fpga_model.sv:61]
WARNING: [Synth 8-3848] Net weight_neg[27][9] in module/entity cim_fpga_model does not have driver. [F:/SoC Design/fpga/cim_model/cim_fpga_model.sv:61]
WARNING: [Synth 8-3848] Net weight_neg[28][9] in module/entity cim_fpga_model does not have driver. [F:/SoC Design/fpga/cim_model/cim_fpga_model.sv:61]
WARNING: [Synth 8-3848] Net weight_neg[29][9] in module/entity cim_fpga_model does not have driver. [F:/SoC Design/fpga/cim_model/cim_fpga_model.sv:61]
WARNING: [Synth 8-3848] Net weight_neg[30][9] in module/entity cim_fpga_model does not have driver. [F:/SoC Design/fpga/cim_model/cim_fpga_model.sv:61]
WARNING: [Synth 8-3848] Net weight_neg[31][9] in module/entity cim_fpga_model does not have driver. [F:/SoC Design/fpga/cim_model/cim_fpga_model.sv:61]
WARNING: [Synth 8-3848] Net weight_neg[32][9] in module/entity cim_fpga_model does not have driver. [F:/SoC Design/fpga/cim_model/cim_fpga_model.sv:61]
WARNING: [Synth 8-3848] Net weight_neg[33][9] in module/entity cim_fpga_model does not have driver. [F:/SoC Design/fpga/cim_model/cim_fpga_model.sv:61]
WARNING: [Synth 8-3848] Net weight_neg[34][9] in module/entity cim_fpga_model does not have driver. [F:/SoC Design/fpga/cim_model/cim_fpga_model.sv:61]
WARNING: [Synth 8-3848] Net weight_neg[35][9] in module/entity cim_fpga_model does not have driver. [F:/SoC Design/fpga/cim_model/cim_fpga_model.sv:61]
WARNING: [Synth 8-3848] Net weight_neg[36][9] in module/entity cim_fpga_model does not have driver. [F:/SoC Design/fpga/cim_model/cim_fpga_model.sv:61]
WARNING: [Synth 8-3848] Net weight_neg[37][9] in module/entity cim_fpga_model does not have driver. [F:/SoC Design/fpga/cim_model/cim_fpga_model.sv:61]
WARNING: [Synth 8-3848] Net weight_neg[38][9] in module/entity cim_fpga_model does not have driver. [F:/SoC Design/fpga/cim_model/cim_fpga_model.sv:61]
WARNING: [Synth 8-3848] Net weight_neg[39][9] in module/entity cim_fpga_model does not have driver. [F:/SoC Design/fpga/cim_model/cim_fpga_model.sv:61]
WARNING: [Synth 8-3848] Net weight_neg[40][9] in module/entity cim_fpga_model does not have driver. [F:/SoC Design/fpga/cim_model/cim_fpga_model.sv:61]
WARNING: [Synth 8-3848] Net weight_neg[41][9] in module/entity cim_fpga_model does not have driver. [F:/SoC Design/fpga/cim_model/cim_fpga_model.sv:61]
WARNING: [Synth 8-3848] Net weight_neg[42][9] in module/entity cim_fpga_model does not have driver. [F:/SoC Design/fpga/cim_model/cim_fpga_model.sv:61]
WARNING: [Synth 8-3848] Net weight_neg[43][9] in module/entity cim_fpga_model does not have driver. [F:/SoC Design/fpga/cim_model/cim_fpga_model.sv:61]
WARNING: [Synth 8-3848] Net weight_neg[44][9] in module/entity cim_fpga_model does not have driver. [F:/SoC Design/fpga/cim_model/cim_fpga_model.sv:61]
WARNING: [Synth 8-3848] Net weight_neg[45][9] in module/entity cim_fpga_model does not have driver. [F:/SoC Design/fpga/cim_model/cim_fpga_model.sv:61]
WARNING: [Synth 8-3848] Net weight_neg[46][9] in module/entity cim_fpga_model does not have driver. [F:/SoC Design/fpga/cim_model/cim_fpga_model.sv:61]
WARNING: [Synth 8-3848] Net weight_neg[47][9] in module/entity cim_fpga_model does not have driver. [F:/SoC Design/fpga/cim_model/cim_fpga_model.sv:61]
WARNING: [Synth 8-3848] Net weight_neg[48][9] in module/entity cim_fpga_model does not have driver. [F:/SoC Design/fpga/cim_model/cim_fpga_model.sv:61]
WARNING: [Synth 8-3848] Net weight_neg[49][9] in module/entity cim_fpga_model does not have driver. [F:/SoC Design/fpga/cim_model/cim_fpga_model.sv:61]
WARNING: [Synth 8-3848] Net weight_neg[50][9] in module/entity cim_fpga_model does not have driver. [F:/SoC Design/fpga/cim_model/cim_fpga_model.sv:61]
WARNING: [Synth 8-3848] Net weight_neg[51][9] in module/entity cim_fpga_model does not have driver. [F:/SoC Design/fpga/cim_model/cim_fpga_model.sv:61]
WARNING: [Synth 8-3848] Net weight_neg[52][9] in module/entity cim_fpga_model does not have driver. [F:/SoC Design/fpga/cim_model/cim_fpga_model.sv:61]
WARNING: [Synth 8-3848] Net weight_neg[53][9] in module/entity cim_fpga_model does not have driver. [F:/SoC Design/fpga/cim_model/cim_fpga_model.sv:61]
WARNING: [Synth 8-3848] Net weight_neg[54][9] in module/entity cim_fpga_model does not have driver. [F:/SoC Design/fpga/cim_model/cim_fpga_model.sv:61]
WARNING: [Synth 8-3848] Net weight_neg[55][9] in module/entity cim_fpga_model does not have driver. [F:/SoC Design/fpga/cim_model/cim_fpga_model.sv:61]
WARNING: [Synth 8-3848] Net weight_neg[56][9] in module/entity cim_fpga_model does not have driver. [F:/SoC Design/fpga/cim_model/cim_fpga_model.sv:61]
WARNING: [Synth 8-3848] Net weight_neg[57][9] in module/entity cim_fpga_model does not have driver. [F:/SoC Design/fpga/cim_model/cim_fpga_model.sv:61]
WARNING: [Synth 8-3848] Net weight_neg[58][9] in module/entity cim_fpga_model does not have driver. [F:/SoC Design/fpga/cim_model/cim_fpga_model.sv:61]
WARNING: [Synth 8-3848] Net weight_neg[59][9] in module/entity cim_fpga_model does not have driver. [F:/SoC Design/fpga/cim_model/cim_fpga_model.sv:61]
WARNING: [Synth 8-3848] Net weight_neg[60][9] in module/entity cim_fpga_model does not have driver. [F:/SoC Design/fpga/cim_model/cim_fpga_model.sv:61]
WARNING: [Synth 8-3848] Net weight_neg[61][9] in module/entity cim_fpga_model does not have driver. [F:/SoC Design/fpga/cim_model/cim_fpga_model.sv:61]
WARNING: [Synth 8-3848] Net weight_neg[62][9] in module/entity cim_fpga_model does not have driver. [F:/SoC Design/fpga/cim_model/cim_fpga_model.sv:61]
WARNING: [Synth 8-3848] Net weight_neg[63][9] in module/entity cim_fpga_model does not have driver. [F:/SoC Design/fpga/cim_model/cim_fpga_model.sv:61]
WARNING: [Synth 8-3848] Net weight_neg[0][8] in module/entity cim_fpga_model does not have driver. [F:/SoC Design/fpga/cim_model/cim_fpga_model.sv:61]
WARNING: [Synth 8-3848] Net weight_neg[1][8] in module/entity cim_fpga_model does not have driver. [F:/SoC Design/fpga/cim_model/cim_fpga_model.sv:61]
WARNING: [Synth 8-3848] Net weight_neg[2][8] in module/entity cim_fpga_model does not have driver. [F:/SoC Design/fpga/cim_model/cim_fpga_model.sv:61]
WARNING: [Synth 8-3848] Net weight_neg[3][8] in module/entity cim_fpga_model does not have driver. [F:/SoC Design/fpga/cim_model/cim_fpga_model.sv:61]
WARNING: [Synth 8-3848] Net weight_neg[4][8] in module/entity cim_fpga_model does not have driver. [F:/SoC Design/fpga/cim_model/cim_fpga_model.sv:61]
WARNING: [Synth 8-3848] Net weight_neg[5][8] in module/entity cim_fpga_model does not have driver. [F:/SoC Design/fpga/cim_model/cim_fpga_model.sv:61]
WARNING: [Synth 8-3848] Net weight_neg[6][8] in module/entity cim_fpga_model does not have driver. [F:/SoC Design/fpga/cim_model/cim_fpga_model.sv:61]
WARNING: [Synth 8-3848] Net weight_neg[7][8] in module/entity cim_fpga_model does not have driver. [F:/SoC Design/fpga/cim_model/cim_fpga_model.sv:61]
WARNING: [Synth 8-3848] Net weight_neg[8][8] in module/entity cim_fpga_model does not have driver. [F:/SoC Design/fpga/cim_model/cim_fpga_model.sv:61]
WARNING: [Synth 8-3848] Net weight_neg[9][8] in module/entity cim_fpga_model does not have driver. [F:/SoC Design/fpga/cim_model/cim_fpga_model.sv:61]
WARNING: [Synth 8-3848] Net weight_neg[10][8] in module/entity cim_fpga_model does not have driver. [F:/SoC Design/fpga/cim_model/cim_fpga_model.sv:61]
WARNING: [Synth 8-3848] Net weight_neg[11][8] in module/entity cim_fpga_model does not have driver. [F:/SoC Design/fpga/cim_model/cim_fpga_model.sv:61]
WARNING: [Synth 8-3848] Net weight_neg[12][8] in module/entity cim_fpga_model does not have driver. [F:/SoC Design/fpga/cim_model/cim_fpga_model.sv:61]
WARNING: [Synth 8-3848] Net weight_neg[13][8] in module/entity cim_fpga_model does not have driver. [F:/SoC Design/fpga/cim_model/cim_fpga_model.sv:61]
WARNING: [Synth 8-3848] Net weight_neg[14][8] in module/entity cim_fpga_model does not have driver. [F:/SoC Design/fpga/cim_model/cim_fpga_model.sv:61]
WARNING: [Synth 8-3848] Net weight_neg[15][8] in module/entity cim_fpga_model does not have driver. [F:/SoC Design/fpga/cim_model/cim_fpga_model.sv:61]
WARNING: [Synth 8-3848] Net weight_neg[16][8] in module/entity cim_fpga_model does not have driver. [F:/SoC Design/fpga/cim_model/cim_fpga_model.sv:61]
WARNING: [Synth 8-3848] Net weight_neg[17][8] in module/entity cim_fpga_model does not have driver. [F:/SoC Design/fpga/cim_model/cim_fpga_model.sv:61]
WARNING: [Synth 8-3848] Net weight_neg[18][8] in module/entity cim_fpga_model does not have driver. [F:/SoC Design/fpga/cim_model/cim_fpga_model.sv:61]
WARNING: [Synth 8-3848] Net weight_neg[19][8] in module/entity cim_fpga_model does not have driver. [F:/SoC Design/fpga/cim_model/cim_fpga_model.sv:61]
WARNING: [Synth 8-3848] Net weight_neg[20][8] in module/entity cim_fpga_model does not have driver. [F:/SoC Design/fpga/cim_model/cim_fpga_model.sv:61]
WARNING: [Synth 8-3848] Net weight_neg[21][8] in module/entity cim_fpga_model does not have driver. [F:/SoC Design/fpga/cim_model/cim_fpga_model.sv:61]
WARNING: [Synth 8-3848] Net weight_neg[22][8] in module/entity cim_fpga_model does not have driver. [F:/SoC Design/fpga/cim_model/cim_fpga_model.sv:61]
WARNING: [Synth 8-3848] Net weight_neg[23][8] in module/entity cim_fpga_model does not have driver. [F:/SoC Design/fpga/cim_model/cim_fpga_model.sv:61]
WARNING: [Synth 8-3848] Net weight_neg[24][8] in module/entity cim_fpga_model does not have driver. [F:/SoC Design/fpga/cim_model/cim_fpga_model.sv:61]
WARNING: [Synth 8-3848] Net weight_neg[25][8] in module/entity cim_fpga_model does not have driver. [F:/SoC Design/fpga/cim_model/cim_fpga_model.sv:61]
WARNING: [Synth 8-3848] Net weight_neg[26][8] in module/entity cim_fpga_model does not have driver. [F:/SoC Design/fpga/cim_model/cim_fpga_model.sv:61]
WARNING: [Synth 8-3848] Net weight_neg[27][8] in module/entity cim_fpga_model does not have driver. [F:/SoC Design/fpga/cim_model/cim_fpga_model.sv:61]
WARNING: [Synth 8-3848] Net weight_neg[28][8] in module/entity cim_fpga_model does not have driver. [F:/SoC Design/fpga/cim_model/cim_fpga_model.sv:61]
WARNING: [Synth 8-3848] Net weight_neg[29][8] in module/entity cim_fpga_model does not have driver. [F:/SoC Design/fpga/cim_model/cim_fpga_model.sv:61]
WARNING: [Synth 8-3848] Net weight_neg[30][8] in module/entity cim_fpga_model does not have driver. [F:/SoC Design/fpga/cim_model/cim_fpga_model.sv:61]
WARNING: [Synth 8-3848] Net weight_neg[31][8] in module/entity cim_fpga_model does not have driver. [F:/SoC Design/fpga/cim_model/cim_fpga_model.sv:61]
WARNING: [Synth 8-3848] Net weight_neg[32][8] in module/entity cim_fpga_model does not have driver. [F:/SoC Design/fpga/cim_model/cim_fpga_model.sv:61]
WARNING: [Synth 8-3848] Net weight_neg[33][8] in module/entity cim_fpga_model does not have driver. [F:/SoC Design/fpga/cim_model/cim_fpga_model.sv:61]
WARNING: [Synth 8-3848] Net weight_neg[34][8] in module/entity cim_fpga_model does not have driver. [F:/SoC Design/fpga/cim_model/cim_fpga_model.sv:61]
WARNING: [Synth 8-3848] Net weight_neg[35][8] in module/entity cim_fpga_model does not have driver. [F:/SoC Design/fpga/cim_model/cim_fpga_model.sv:61]
INFO: [Common 17-14] Message 'Synth 8-3848' appears 100 times and further instances of the messages will be disabled. Use the Tcl command set_msg_config to change the current settings.
WARNING: [Synth 8-6014] Unused sequential element queue_overflow_reg was removed.  [F:/SoC Design/rtl/snn/lif_neurons.sv:134]
WARNING: [Synth 8-6014] Unused sequential element lif_ff.temp_count_reg was removed.  [F:/SoC Design/rtl/snn/lif_neurons.sv:184]
WARNING: [Synth 8-6014] Unused sequential element lif_ff.temp_rd_ptr_reg was removed.  [F:/SoC Design/rtl/snn/lif_neurons.sv:185]
WARNING: [Synth 8-6014] Unused sequential element lif_ff.temp_wr_ptr_reg was removed.  [F:/SoC Design/rtl/snn/lif_neurons.sv:186]
WARNING: [Synth 8-6014] Unused sequential element lif_ff.signed_in_reg was removed.  [F:/SoC Design/rtl/snn/lif_neurons.sv:217]
WARNING: [Synth 8-6014] Unused sequential element lif_ff.addend_reg was removed.  [F:/SoC Design/rtl/snn/lif_neurons.sv:218]
WARNING: [Synth 8-6014] Unused sequential element lif_ff.new_mem_reg was removed.  [F:/SoC Design/rtl/snn/lif_neurons.sv:220]
WARNING: [Synth 8-6014] Unused sequential element lif_ff.spike_reg was removed.  [F:/SoC Design/rtl/snn/lif_neurons.sv:226]
WARNING: [Synth 8-7137] Register spike_q_reg in module lif_neurons has both Set and reset with same priority. This may cause simulation mismatches. Consider rewriting code 
WARNING: [Synth 8-4767] Trying to implement RAM ' ' in registers. Block RAM or DRAM implementation is not possible; see log for reasons.
	1: RAM has multiple writes via different ports in same process. If RAM inferencing intended, write to one port per process. 
	2: Unable to determine number of words or word size in RAM. 
	3: No valid read/write found for RAM. 
RAM dissolved into registers
WARNING: [Synth 8-4767] Trying to implement RAM ' ' in registers. Block RAM or DRAM implementation is not possible; see log for reasons.
	1: RAM has multiple writes via different ports in same process. If RAM inferencing intended, write to one port per process. 
	2: Unable to determine number of words or word size in RAM. 
	3: No valid read/write found for RAM. 
RAM dissolved into registers
WARNING: [Synth 8-4767] Trying to implement RAM ' ' in registers. Block RAM or DRAM implementation is not possible; see log for reasons.
	1: RAM has multiple writes via different ports in same process. If RAM inferencing intended, write to one port per process. 
	2: Unable to determine number of words or word size in RAM. 
	3: No valid read/write found for RAM. 
RAM dissolved into registers
WARNING: [Synth 8-4767] Trying to implement RAM ' ' in registers. Block RAM or DRAM implementation is not possible; see log for reasons.
	1: RAM has multiple writes via different ports in same process. If RAM inferencing intended, write to one port per process. 
	2: Unable to determine number of words or word size in RAM. 
	3: No valid read/write found for RAM. 
RAM dissolved into registers
WARNING: [Synth 8-4767] Trying to implement RAM 'spike_q_reg' in registers. Block RAM or DRAM implementation is not possible; see log for reasons.
Reason is one or more of the following :
	1: RAM has multiple writes via different ports in same process. If RAM inferencing intended, write to one port per process. 
	2: Unable to determine number of words or word size in RAM. 
	3: No valid read/write found for RAM. 
RAM "spike_q_reg" dissolved into registers
WARNING: [Synth 8-6014] Unused sequential element txn_addr_q_reg was removed.  [F:/SoC Design/fpga/boards/zcu102/top_fpga.sv:201]
WARNING: [Synth 8-6014] Unused sequential element txn_wdata_q_reg was removed.  [F:/SoC Design/fpga/boards/zcu102/top_fpga.sv:202]
WARNING: [Synth 8-6014] Unused sequential element out_fifo_count_reg was removed.  [F:/SoC Design/fpga/boards/zcu102/top_fpga.sv:426]
WARNING: [Synth 8-6014] Unused sequential element fail_code_reg was removed.  [F:/SoC Design/fpga/boards/zcu102/top_fpga.sv:427]
WARNING: [Synth 8-7129] Port jtag_tck in module jtag_stub is either unconnected or has no load
WARNING: [Synth 8-7129] Port jtag_tms in module jtag_stub is either unconnected or has no load
WARNING: [Synth 8-7129] Port jtag_tdi in module jtag_stub is either unconnected or has no load
WARNING: [Synth 8-7129] Port req_addr[31] in module spi_stub is either unconnected or has no load
WARNING: [Synth 8-7129] Port req_addr[30] in module spi_stub is either unconnected or has no load
WARNING: [Synth 8-7129] Port req_addr[29] in module spi_stub is either unconnected or has no load
WARNING: [Synth 8-7129] Port req_addr[28] in module spi_stub is either unconnected or has no load
WARNING: [Synth 8-7129] Port req_addr[27] in module spi_stub is either unconnected or has no load
WARNING: [Synth 8-7129] Port req_addr[26] in module spi_stub is either unconnected or has no load
WARNING: [Synth 8-7129] Port req_addr[25] in module spi_stub is either unconnected or has no load
WARNING: [Synth 8-7129] Port req_addr[24] in module spi_stub is either unconnected or has no load
WARNING: [Synth 8-7129] Port req_addr[23] in module spi_stub is either unconnected or has no load
WARNING: [Synth 8-7129] Port req_addr[22] in module spi_stub is either unconnected or has no load
WARNING: [Synth 8-7129] Port req_addr[21] in module spi_stub is either unconnected or has no load
WARNING: [Synth 8-7129] Port req_addr[20] in module spi_stub is either unconnected or has no load
WARNING: [Synth 8-7129] Port req_addr[19] in module spi_stub is either unconnected or has no load
WARNING: [Synth 8-7129] Port req_addr[18] in module spi_stub is either unconnected or has no load
WARNING: [Synth 8-7129] Port req_addr[17] in module spi_stub is either unconnected or has no load
WARNING: [Synth 8-7129] Port req_addr[16] in module spi_stub is either unconnected or has no load
WARNING: [Synth 8-7129] Port req_addr[15] in module spi_stub is either unconnected or has no load
WARNING: [Synth 8-7129] Port req_addr[14] in module spi_stub is either unconnected or has no load
WARNING: [Synth 8-7129] Port req_addr[13] in module spi_stub is either unconnected or has no load
WARNING: [Synth 8-7129] Port req_addr[12] in module spi_stub is either unconnected or has no load
WARNING: [Synth 8-7129] Port req_addr[11] in module spi_stub is either unconnected or has no load
WARNING: [Synth 8-7129] Port req_addr[10] in module spi_stub is either unconnected or has no load
WARNING: [Synth 8-7129] Port req_addr[9] in module spi_stub is either unconnected or has no load
WARNING: [Synth 8-7129] Port req_addr[8] in module spi_stub is either unconnected or has no load
WARNING: [Synth 8-7129] Port req_wstrb[3] in module spi_stub is either unconnected or has no load
WARNING: [Synth 8-7129] Port req_wstrb[2] in module spi_stub is either unconnected or has no load
WARNING: [Synth 8-7129] Port req_wstrb[1] in module spi_stub is either unconnected or has no load
WARNING: [Synth 8-7129] Port req_wstrb[0] in module spi_stub is either unconnected or has no load
WARNING: [Synth 8-7129] Port spi_miso in module spi_stub is either unconnected or has no load
WARNING: [Synth 8-7129] Port req_addr[31] in module uart_stub is either unconnected or has no load
WARNING: [Synth 8-7129] Port req_addr[30] in module uart_stub is either unconnected or has no load
WARNING: [Synth 8-7129] Port req_addr[29] in module uart_stub is either unconnected or has no load
WARNING: [Synth 8-7129] Port req_addr[28] in module uart_stub is either unconnected or has no load
WARNING: [Synth 8-7129] Port req_addr[27] in module uart_stub is either unconnected or has no load
WARNING: [Synth 8-7129] Port req_addr[26] in module uart_stub is either unconnected or has no load
WARNING: [Synth 8-7129] Port req_addr[25] in module uart_stub is either unconnected or has no load
WARNING: [Synth 8-7129] Port req_addr[24] in module uart_stub is either unconnected or has no load
WARNING: [Synth 8-7129] Port req_addr[23] in module uart_stub is either unconnected or has no load
WARNING: [Synth 8-7129] Port req_addr[22] in module uart_stub is either unconnected or has no load
WARNING: [Synth 8-7129] Port req_addr[21] in module uart_stub is either unconnected or has no load
WARNING: [Synth 8-7129] Port req_addr[20] in module uart_stub is either unconnected or has no load
WARNING: [Synth 8-7129] Port req_addr[19] in module uart_stub is either unconnected or has no load
WARNING: [Synth 8-7129] Port req_addr[18] in module uart_stub is either unconnected or has no load
WARNING: [Synth 8-7129] Port req_addr[17] in module uart_stub is either unconnected or has no load
WARNING: [Synth 8-7129] Port req_addr[16] in module uart_stub is either unconnected or has no load
WARNING: [Synth 8-7129] Port req_addr[15] in module uart_stub is either unconnected or has no load
WARNING: [Synth 8-7129] Port req_addr[14] in module uart_stub is either unconnected or has no load
WARNING: [Synth 8-7129] Port req_addr[13] in module uart_stub is either unconnected or has no load
WARNING: [Synth 8-7129] Port req_addr[12] in module uart_stub is either unconnected or has no load
WARNING: [Synth 8-7129] Port req_addr[11] in module uart_stub is either unconnected or has no load
WARNING: [Synth 8-7129] Port req_addr[10] in module uart_stub is either unconnected or has no load
WARNING: [Synth 8-7129] Port req_addr[9] in module uart_stub is either unconnected or has no load
WARNING: [Synth 8-7129] Port req_addr[8] in module uart_stub is either unconnected or has no load
WARNING: [Synth 8-7129] Port req_wstrb[3] in module uart_stub is either unconnected or has no load
WARNING: [Synth 8-7129] Port req_wstrb[2] in module uart_stub is either unconnected or has no load
WARNING: [Synth 8-7129] Port req_wstrb[1] in module uart_stub is either unconnected or has no load
WARNING: [Synth 8-7129] Port req_wstrb[0] in module uart_stub is either unconnected or has no load
WARNING: [Synth 8-7129] Port uart_rx in module uart_stub is either unconnected or has no load
WARNING: [Synth 8-7129] Port req_valid in module fifo_regs is either unconnected or has no load
WARNING: [Synth 8-7129] Port req_write in module fifo_regs is either unconnected or has no load
WARNING: [Synth 8-7129] Port req_addr[31] in module fifo_regs is either unconnected or has no load
WARNING: [Synth 8-7129] Port req_addr[30] in module fifo_regs is either unconnected or has no load
WARNING: [Synth 8-7129] Port req_addr[29] in module fifo_regs is either unconnected or has no load
WARNING: [Synth 8-7129] Port req_addr[28] in module fifo_regs is either unconnected or has no load
WARNING: [Synth 8-7129] Port req_addr[27] in module fifo_regs is either unconnected or has no load
WARNING: [Synth 8-7129] Port req_addr[26] in module fifo_regs is either unconnected or has no load
WARNING: [Synth 8-7129] Port req_addr[25] in module fifo_regs is either unconnected or has no load
WARNING: [Synth 8-7129] Port req_addr[24] in module fifo_regs is either unconnected or has no load
WARNING: [Synth 8-7129] Port req_addr[23] in module fifo_regs is either unconnected or has no load
WARNING: [Synth 8-7129] Port req_addr[22] in module fifo_regs is either unconnected or has no load
WARNING: [Synth 8-7129] Port req_addr[21] in module fifo_regs is either unconnected or has no load
WARNING: [Synth 8-7129] Port req_addr[20] in module fifo_regs is either unconnected or has no load
WARNING: [Synth 8-7129] Port req_addr[19] in module fifo_regs is either unconnected or has no load
WARNING: [Synth 8-7129] Port req_addr[18] in module fifo_regs is either unconnected or has no load
WARNING: [Synth 8-7129] Port req_addr[17] in module fifo_regs is either unconnected or has no load
WARNING: [Synth 8-7129] Port req_addr[16] in module fifo_regs is either unconnected or has no load
WARNING: [Synth 8-7129] Port req_addr[15] in module fifo_regs is either unconnected or has no load
WARNING: [Synth 8-7129] Port req_addr[14] in module fifo_regs is either unconnected or has no load
WARNING: [Synth 8-7129] Port req_addr[13] in module fifo_regs is either unconnected or has no load
WARNING: [Synth 8-7129] Port req_addr[12] in module fifo_regs is either unconnected or has no load
WARNING: [Synth 8-7129] Port req_addr[11] in module fifo_regs is either unconnected or has no load
WARNING: [Synth 8-7129] Port req_addr[10] in module fifo_regs is either unconnected or has no load
WARNING: [Synth 8-7129] Port req_addr[9] in module fifo_regs is either unconnected or has no load
WARNING: [Synth 8-7129] Port req_addr[8] in module fifo_regs is either unconnected or has no load
WARNING: [Synth 8-7129] Port req_wdata[31] in module fifo_regs is either unconnected or has no load
WARNING: [Synth 8-7129] Port req_wdata[30] in module fifo_regs is either unconnected or has no load
WARNING: [Synth 8-7129] Port req_wdata[29] in module fifo_regs is either unconnected or has no load
WARNING: [Synth 8-7129] Port req_wdata[28] in module fifo_regs is either unconnected or has no load
WARNING: [Synth 8-7129] Port req_wdata[27] in module fifo_regs is either unconnected or has no load
WARNING: [Synth 8-7129] Port req_wdata[26] in module fifo_regs is either unconnected or has no load
WARNING: [Synth 8-7129] Port req_wdata[25] in module fifo_regs is either unconnected or has no load
WARNING: [Synth 8-7129] Port req_wdata[24] in module fifo_regs is either unconnected or has no load
WARNING: [Synth 8-7129] Port req_wdata[23] in module fifo_regs is either unconnected or has no load
WARNING: [Synth 8-7129] Port req_wdata[22] in module fifo_regs is either unconnected or has no load
WARNING: [Synth 8-7129] Port req_wdata[21] in module fifo_regs is either unconnected or has no load
WARNING: [Synth 8-7129] Port req_wdata[20] in module fifo_regs is either unconnected or has no load
WARNING: [Synth 8-7129] Port req_wdata[19] in module fifo_regs is either unconnected or has no load
INFO: [Common 17-14] Message 'Synth 8-7129' appears 100 times and further instances of the messages will be disabled. Use the Tcl command set_msg_config to change the current settings.
---------------------------------------------------------------------------------
Finished RTL Elaboration : Time (s): cpu = 00:00:07 ; elapsed = 00:00:07 . Memory (MB): peak = 2672.277 ; gain = 632.520
---------------------------------------------------------------------------------
---------------------------------------------------------------------------------
Start Handling Custom Attributes
---------------------------------------------------------------------------------
---------------------------------------------------------------------------------
Finished Handling Custom Attributes : Time (s): cpu = 00:00:07 ; elapsed = 00:00:08 . Memory (MB): peak = 2672.277 ; gain = 632.520
---------------------------------------------------------------------------------
---------------------------------------------------------------------------------
Finished RTL Optimization Phase 1 : Time (s): cpu = 00:00:07 ; elapsed = 00:00:08 . Memory (MB): peak = 2672.277 ; gain = 632.520
---------------------------------------------------------------------------------
Netlist sorting complete. Time (s): cpu = 00:00:01 ; elapsed = 00:00:00.215 . Memory (MB): peak = 2672.277 ; gain = 0.000
INFO: [Netlist 29-17] Analyzing 3 Unisim elements for replacement
INFO: [Netlist 29-28] Unisim Transformation completed in 0 CPU seconds
INFO: [Project 1-570] Preparing netlist for logic optimization
WARNING: [Constraints 18-5254] DIFF_TERM is not supported in UltraScale devices.  Automatically translating DIFF_TERM of TRUE to DIFF_TERM_ADV=TERM_100.  Refer to UG571: UltraScale Architecture SelectIO User Guide for more detail.
WARNING: [Constraints 18-5254] DIFF_TERM is not supported in UltraScale devices.  Automatically translating DIFF_TERM of TRUE to DIFF_TERM_ADV=TERM_100.  Refer to UG571: UltraScale Architecture SelectIO User Guide for more detail.

Processing XDC Constraints
Initializing timing engine
Parsing XDC File [F:/SoC Design/fpga/boards/zcu102/constraints.xdc]
Finished Parsing XDC File [F:/SoC Design/fpga/boards/zcu102/constraints.xdc]
INFO: [Project 1-236] Implementation specific constraints were found while reading constraint file [F:/SoC Design/fpga/boards/zcu102/constraints.xdc]. These constraints will be ignored for synthesis but will be used in implementation. Impacted constraints are listed in the file [.Xil/top_fpga_propImpl.xdc].
Resolution: To avoid this warning, move constraints listed in [.Xil/top_fpga_propImpl.xdc] to another XDC file and exclude this new file from synthesis with the used_in_synthesis property (File Properties dialog in GUI) and re-run elaboration/synthesis.
INFO: [Timing 38-2] Deriving generated clocks
Completed Processing XDC Constraints

Netlist sorting complete. Time (s): cpu = 00:00:00 ; elapsed = 00:00:00.003 . Memory (MB): peak = 2749.406 ; gain = 0.000
INFO: [Project 1-111] Unisim Transformation Summary:
  A total of 2 instances were transformed.
  BUFG => BUFGCE: 1 instance 
  IBUFDS => IBUFDS (DIFFINBUF, IBUFCTRL): 1 instance 

Constraint Validation Runtime : Time (s): cpu = 00:00:00 ; elapsed = 00:00:00.084 . Memory (MB): peak = 2749.406 ; gain = 0.000
INFO: [Designutils 20-5440] No compile time benefit to using incremental synthesis; A full resynthesis will be run
INFO: [Designutils 20-4379] Flow is switching to default flow due to incremental criteria not met. If you would like to alter this behaviour and have the flow terminate instead, please set the following parameter config_implementation {autoIncr.Synth.RejectBehavior Terminate}
INFO: [Synth 8-11241] undeclared symbol 'REGCCE', assumed default net type 'wire' [E:/Xilinx/Vivado/2022.2/data/verilog/src/unimacro/BRAM_SINGLE_MACRO.v:2170]
---------------------------------------------------------------------------------
Finished Constraint Validation : Time (s): cpu = 00:00:20 ; elapsed = 00:00:20 . Memory (MB): peak = 2749.406 ; gain = 709.648
---------------------------------------------------------------------------------
---------------------------------------------------------------------------------
Start Loading Part and Timing Information
---------------------------------------------------------------------------------
Loading part: xczu9eg-ffvb1156-2-e
INFO: [Synth 8-6742] Reading net delay rules and data
---------------------------------------------------------------------------------
Finished Loading Part and Timing Information : Time (s): cpu = 00:00:20 ; elapsed = 00:00:20 . Memory (MB): peak = 2749.406 ; gain = 709.648
---------------------------------------------------------------------------------
---------------------------------------------------------------------------------
Start Applying 'set_property' XDC Constraints
---------------------------------------------------------------------------------
WARNING: set_property CLOCK_DEDICATED_ROUTE could not find object (constraint file  {F:/SoC Design/fpga/boards/zcu102/constraints.xdc}, line 25).
---------------------------------------------------------------------------------
Finished applying 'set_property' XDC Constraints : Time (s): cpu = 00:00:20 ; elapsed = 00:00:20 . Memory (MB): peak = 2749.406 ; gain = 709.648
---------------------------------------------------------------------------------
INFO: [Synth 8-802] inferred FSM for state register 'state_reg' in module 'dma_engine'
INFO: [Synth 8-802] inferred FSM for state register 'state_reg' in module 'cim_array_ctrl'
INFO: [Synth 8-802] inferred FSM for state register 'state_reg' in module 'wl_mux_wrapper'
INFO: [Synth 8-802] inferred FSM for state register 'state_reg' in module 'adc_ctrl'
INFO: [Synth 8-802] inferred FSM for state register 'txn_state_reg' in module 'top_fpga'
INFO: [Synth 8-802] inferred FSM for state register 'br_state_reg' in module 'top_fpga'
---------------------------------------------------------------------------------------------------
                   State |                     New Encoding |                Previous Encoding 
---------------------------------------------------------------------------------------------------
                 ST_IDLE |                              000 |                              000
                ST_SETUP |                              001 |                              001
                  ST_RD0 |                              010 |                              010
                  ST_RD1 |                              011 |                              011
                 ST_PUSH |                              100 |                              100
---------------------------------------------------------------------------------------------------
INFO: [Synth 8-3354] encoded FSM with state register 'state_reg' using encoding 'sequential' in module 'dma_engine'
---------------------------------------------------------------------------------------------------
                   State |                     New Encoding |                Previous Encoding 
---------------------------------------------------------------------------------------------------
                 ST_IDLE |                              000 |                              000
                ST_FETCH |                              001 |                              001
                  ST_DAC |                              010 |                              010
                  ST_CIM |                              011 |                              011
                  ST_ADC |                              100 |                              100
                  ST_INC |                              101 |                              101
                 ST_DONE |                              110 |                              110
---------------------------------------------------------------------------------------------------
INFO: [Synth 8-3354] encoded FSM with state register 'state_reg' using encoding 'sequential' in module 'cim_array_ctrl'
---------------------------------------------------------------------------------------------------
                   State |                     New Encoding |                Previous Encoding 
---------------------------------------------------------------------------------------------------
                 ST_IDLE |                              001 |                               00
                 ST_SEND |                              010 |                               01
                 ST_DONE |                              100 |                               10
---------------------------------------------------------------------------------------------------
INFO: [Synth 8-3354] encoded FSM with state register 'state_reg' using encoding 'one-hot' in module 'wl_mux_wrapper'
---------------------------------------------------------------------------------------------------
                   State |                     New Encoding |                Previous Encoding 
---------------------------------------------------------------------------------------------------
                 ST_IDLE |                             0001 |                               00
                  ST_SEL |                             0010 |                               01
                 ST_WAIT |                             0100 |                               10
                 ST_DONE |                             1000 |                               11
---------------------------------------------------------------------------------------------------
INFO: [Synth 8-3354] encoded FSM with state register 'state_reg' using encoding 'one-hot' in module 'adc_ctrl'
---------------------------------------------------------------------------------------------------
                   State |                     New Encoding |                Previous Encoding 
---------------------------------------------------------------------------------------------------
                TXN_IDLE |                              001 |                               00
                 TXN_REQ |                              010 |                               01
                TXN_WAIT |                              100 |                               10
---------------------------------------------------------------------------------------------------
INFO: [Synth 8-3354] encoded FSM with state register 'txn_state_reg' using encoding 'one-hot' in module 'top_fpga'
---------------------------------------------------------------------------------------------------
                   State |                     New Encoding |                Previous Encoding 
---------------------------------------------------------------------------------------------------
           BR_WAIT_RESET |                            00000 |                           000000
   BR_WR_TIMESTEPS_ISSUE |                            00001 |                           000001
    BR_WR_TIMESTEPS_WAIT |                            00010 |                           000010
   BR_WR_THRESHOLD_ISSUE |                            00011 |                           000011
    BR_WR_THRESHOLD_WAIT |                            00100 |                           000100
    BR_WR_CIM_TEST_ISSUE |                            00101 |                           000101
     BR_WR_CIM_TEST_WAIT |                            00110 |                           000110
           BR_DATA_ISSUE |                            00111 |                           000111
            BR_DATA_WAIT |                            01000 |                           001000
        BR_DMA_SRC_ISSUE |                            01001 |                           001001
         BR_DMA_SRC_WAIT |                            01010 |                           001010
        BR_DMA_LEN_ISSUE |                            01011 |                           001011
         BR_DMA_LEN_WAIT |                            01100 |                           001100
      BR_DMA_START_ISSUE |                            01101 |                           001101
       BR_DMA_START_WAIT |                            01110 |                           001110
       BR_DMA_POLL_ISSUE |                            01111 |                           001111
        BR_DMA_POLL_WAIT |                            10000 |                           010000
      BR_CIM_START_ISSUE |                            10001 |                           010001
       BR_CIM_START_WAIT |                            10010 |                           010010
       BR_CIM_POLL_ISSUE |                            10011 |                           010011
        BR_CIM_POLL_WAIT |                            10100 |                           010100
         BR_OUTCNT_ISSUE |                            10101 |                           010101
          BR_OUTCNT_WAIT |                            10110 |                           010110
                 BR_FAIL |                            10111 |                           011000
                 BR_PASS |                            11000 |                           010111
---------------------------------------------------------------------------------------------------
INFO: [Synth 8-3354] encoded FSM with state register 'br_state_reg' using encoding 'sequential' in module 'top_fpga'
---------------------------------------------------------------------------------
Finished RTL Optimization Phase 2 : Time (s): cpu = 00:00:26 ; elapsed = 00:00:27 . Memory (MB): peak = 2749.406 ; gain = 709.648
---------------------------------------------------------------------------------
---------------------------------------------------------------------------------
Start RTL Component Statistics 
---------------------------------------------------------------------------------
Detailed RTL Component Info : 
+---Adders : 
	   2 Input   32 Bit       Adders := 37    
	   3 Input   32 Bit       Adders := 11    
	   2 Input   16 Bit       Adders := 8     
	  64 Input   10 Bit       Adders := 10    
	  34 Input   10 Bit       Adders := 2     
	  29 Input   10 Bit       Adders := 1     
	  33 Input   10 Bit       Adders := 2     
	   2 Input    9 Bit       Adders := 3     
	   3 Input    9 Bit       Adders := 10    
	  32 Input    9 Bit       Adders := 3     
	  29 Input    9 Bit       Adders := 1     
	  30 Input    9 Bit       Adders := 1     
	   2 Input    8 Bit       Adders := 9     
	   2 Input    7 Bit       Adders := 2     
	   2 Input    6 Bit       Adders := 1     
	   2 Input    5 Bit       Adders := 4     
	   2 Input    4 Bit       Adders := 2     
	   2 Input    3 Bit       Adders := 3     
	   2 Input    2 Bit       Adders := 2     
+---Registers : 
	               64 Bit    Registers := 260   
	               32 Bit    Registers := 28    
	               16 Bit    Registers := 8     
	                9 Bit    Registers := 12    
	                8 Bit    Registers := 33    
	                6 Bit    Registers := 1     
	                5 Bit    Registers := 4     
	                4 Bit    Registers := 293   
	                3 Bit    Registers := 3     
	                2 Bit    Registers := 3     
	                1 Bit    Registers := 49    
+---RAMs : 
	             128K Bit	(4096 X 32 bit)          RAMs := 3     
+---Muxes : 
	   3 Input  128 Bit        Muxes := 4     
	   2 Input  128 Bit        Muxes := 2     
	   2 Input   64 Bit        Muxes := 2     
	   2 Input   32 Bit        Muxes := 109   
	  15 Input   32 Bit        Muxes := 1     
	   4 Input   32 Bit        Muxes := 1     
	   3 Input   32 Bit        Muxes := 2     
	   5 Input   32 Bit        Muxes := 2     
	   2 Input   31 Bit        Muxes := 8     
	  12 Input   31 Bit        Muxes := 1     
	   2 Input   19 Bit        Muxes := 1     
	   2 Input   17 Bit        Muxes := 1     
	  12 Input   17 Bit        Muxes := 1     
	   4 Input   16 Bit        Muxes := 2     
	  25 Input   16 Bit        Muxes := 2     
	   2 Input   12 Bit        Muxes := 1     
	   2 Input    8 Bit        Muxes := 34    
	   4 Input    8 Bit        Muxes := 1     
	   7 Input    8 Bit        Muxes := 1     
	   3 Input    8 Bit        Muxes := 1     
	   2 Input    7 Bit        Muxes := 1     
	   2 Input    6 Bit        Muxes := 5     
	   4 Input    5 Bit        Muxes := 2     
	   2 Input    5 Bit        Muxes := 8     
	  46 Input    5 Bit        Muxes := 1     
	   2 Input    4 Bit        Muxes := 871   
	   4 Input    4 Bit        Muxes := 1     
	   9 Input    4 Bit        Muxes := 1     
	   3 Input    3 Bit        Muxes := 1     
	   2 Input    3 Bit        Muxes := 5     
	   7 Input    3 Bit        Muxes := 1     
	  12 Input    3 Bit        Muxes := 1     
	   5 Input    3 Bit        Muxes := 1     
	  25 Input    3 Bit        Muxes := 1     
	   3 Input    2 Bit        Muxes := 2     
	   4 Input    2 Bit        Muxes := 2     
	   2 Input    2 Bit        Muxes := 1     
	  25 Input    2 Bit        Muxes := 1     
	   2 Input    1 Bit        Muxes := 620   
	   3 Input    1 Bit        Muxes := 22    
	   4 Input    1 Bit        Muxes := 26    
	   7 Input    1 Bit        Muxes := 25    
	   5 Input    1 Bit        Muxes := 9     
	  12 Input    1 Bit        Muxes := 3     
	  25 Input    1 Bit        Muxes := 11    
---------------------------------------------------------------------------------
Finished RTL Component Statistics 
---------------------------------------------------------------------------------
---------------------------------------------------------------------------------
Start Part Resource Summary
---------------------------------------------------------------------------------
Part Resources:
DSPs: 2520 (col length:168)
BRAMs: 1824 (col length: RAMB18 168 RAMB36 84)
---------------------------------------------------------------------------------
Finished Part Resource Summary
---------------------------------------------------------------------------------
---------------------------------------------------------------------------------
Start Cross Boundary and Area Optimization
---------------------------------------------------------------------------------
WARNING: [Synth 8-7080] Parallel synthesis criteria is not met
INFO: [Synth 8-6851] RAM (u_weight_sram/mem_reg) has partial Byte Wide Write Enable pattern, however no output register found in fanout of RAM. Recommended to use supported Byte Wide Write Enable template. 
INFO: [Synth 8-6851] RAM (u_data_sram/mem_reg) has partial Byte Wide Write Enable pattern, however no output register found in fanout of RAM. Recommended to use supported Byte Wide Write Enable template. 
INFO: [Synth 8-6851] RAM (u_instr_sram/mem_reg) has partial Byte Wide Write Enable pattern, however no output register found in fanout of RAM. Recommended to use supported Byte Wide Write Enable template. 
---------------------------------------------------------------------------------
Finished Cross Boundary and Area Optimization : Time (s): cpu = 00:01:57 ; elapsed = 00:02:00 . Memory (MB): peak = 2921.977 ; gain = 882.219
---------------------------------------------------------------------------------
---------------------------------------------------------------------------------
Start ROM, RAM, DSP, Shift Register and Retiming Reporting
---------------------------------------------------------------------------------

Distributed RAM: Preliminary Mapping Report (see note below)
+------------+----------------------+-----------+----------------------+------------------+
|Module Name | RTL Object           | Inference | Size (Depth x Width) | Primitives       | 
+------------+----------------------+-----------+----------------------+------------------+
|top_fpga    | u_data_sram/mem_reg  | Implied   | 4 K x 32             | RAM256X1D x 512  | 
|top_fpga    | u_instr_sram/mem_reg | Implied   | 4 K x 32             | RAM512X1S x 256  | 
+------------+----------------------+-----------+----------------------+------------------+

Note: The table above is a preliminary report that shows the Distributed RAMs at the current stage of the synthesis flow. Some Distributed RAMs may be reimplemented as non Distributed RAM primitives later in the synthesis flow. Multiple instantiated RAMs are reported only once.
---------------------------------------------------------------------------------
Finished ROM, RAM, DSP, Shift Register and Retiming Reporting
---------------------------------------------------------------------------------
---------------------------------------------------------------------------------
Start Applying XDC Timing Constraints
---------------------------------------------------------------------------------
---------------------------------------------------------------------------------
Finished Applying XDC Timing Constraints : Time (s): cpu = 00:02:10 ; elapsed = 00:02:13 . Memory (MB): peak = 3148.582 ; gain = 1108.824
---------------------------------------------------------------------------------
---------------------------------------------------------------------------------
Start Timing Optimization
---------------------------------------------------------------------------------
---------------------------------------------------------------------------------
Finished Timing Optimization : Time (s): cpu = 00:03:08 ; elapsed = 00:03:12 . Memory (MB): peak = 3587.375 ; gain = 1547.617
---------------------------------------------------------------------------------
---------------------------------------------------------------------------------
Start ROM, RAM, DSP, Shift Register and Retiming Reporting
---------------------------------------------------------------------------------

Distributed RAM: Final Mapping Report
+------------+----------------------+-----------+----------------------+------------------+
|Module Name | RTL Object           | Inference | Size (Depth x Width) | Primitives       | 
+------------+----------------------+-----------+----------------------+------------------+
|top_fpga    | u_data_sram/mem_reg  | Implied   | 4 K x 32             | RAM256X1D x 512  | 
|top_fpga    | u_instr_sram/mem_reg | Implied   | 4 K x 32             | RAM512X1S x 256  | 
+------------+----------------------+-----------+----------------------+------------------+

---------------------------------------------------------------------------------
Finished ROM, RAM, DSP, Shift Register and Retiming Reporting
---------------------------------------------------------------------------------
---------------------------------------------------------------------------------
Start Technology Mapping
---------------------------------------------------------------------------------
---------------------------------------------------------------------------------
Finished Technology Mapping : Time (s): cpu = 00:03:12 ; elapsed = 00:03:16 . Memory (MB): peak = 3605.457 ; gain = 1565.699
---------------------------------------------------------------------------------
---------------------------------------------------------------------------------
Start IO Insertion
---------------------------------------------------------------------------------
---------------------------------------------------------------------------------
Start Flattening Before IO Insertion
---------------------------------------------------------------------------------
---------------------------------------------------------------------------------
Finished Flattening Before IO Insertion
---------------------------------------------------------------------------------
---------------------------------------------------------------------------------
Start Final Netlist Cleanup
---------------------------------------------------------------------------------
---------------------------------------------------------------------------------
Finished Final Netlist Cleanup
---------------------------------------------------------------------------------
---------------------------------------------------------------------------------
Finished IO Insertion : Time (s): cpu = 00:03:16 ; elapsed = 00:03:20 . Memory (MB): peak = 3605.457 ; gain = 1565.699
---------------------------------------------------------------------------------
---------------------------------------------------------------------------------
Start Renaming Generated Instances
---------------------------------------------------------------------------------
---------------------------------------------------------------------------------
Finished Renaming Generated Instances : Time (s): cpu = 00:03:16 ; elapsed = 00:03:20 . Memory (MB): peak = 3605.457 ; gain = 1565.699
---------------------------------------------------------------------------------
---------------------------------------------------------------------------------
Start Rebuilding User Hierarchy
---------------------------------------------------------------------------------
---------------------------------------------------------------------------------
Finished Rebuilding User Hierarchy : Time (s): cpu = 00:03:17 ; elapsed = 00:03:21 . Memory (MB): peak = 3605.457 ; gain = 1565.699
---------------------------------------------------------------------------------
---------------------------------------------------------------------------------
Start Renaming Generated Ports
---------------------------------------------------------------------------------
---------------------------------------------------------------------------------
Finished Renaming Generated Ports : Time (s): cpu = 00:03:17 ; elapsed = 00:03:21 . Memory (MB): peak = 3605.457 ; gain = 1565.699
---------------------------------------------------------------------------------
---------------------------------------------------------------------------------
Start Handling Custom Attributes
---------------------------------------------------------------------------------
---------------------------------------------------------------------------------
Finished Handling Custom Attributes : Time (s): cpu = 00:03:17 ; elapsed = 00:03:21 . Memory (MB): peak = 3605.457 ; gain = 1565.699
---------------------------------------------------------------------------------
---------------------------------------------------------------------------------
Start Renaming Generated Nets
---------------------------------------------------------------------------------
---------------------------------------------------------------------------------
Finished Renaming Generated Nets : Time (s): cpu = 00:03:17 ; elapsed = 00:03:21 . Memory (MB): peak = 3605.457 ; gain = 1565.699
---------------------------------------------------------------------------------
---------------------------------------------------------------------------------
Start Writing Synthesis Report
---------------------------------------------------------------------------------

Report BlackBoxes: 
+-+--------------+----------+
| |BlackBox name |Instances |
+-+--------------+----------+
+-+--------------+----------+

Report Cell Usage: 
+------+-----------+------+
|      |Cell       |Count |
+------+-----------+------+
|1     |BUFG       |     1|
|2     |CARRY8     |   217|
|3     |LUT1       |   318|
|4     |LUT2       |   913|
|5     |LUT3       |   388|
|6     |LUT4       |   788|
|7     |LUT5       |  1239|
|8     |LUT6       |  3435|
|9     |MMCME4_ADV |     1|
|10    |MUXF7      |   850|
|11    |MUXF8      |   409|
|12    |RAM256X1D  |    10|
|13    |RAM512X1S  |    10|
|14    |FDCE       |  1258|
|15    |FDPE       |    15|
|16    |FDRE       |  6272|
|17    |IBUF       |     1|
|18    |IBUFDS     |     1|
|19    |OBUF       |     8|
+------+-----------+------+
---------------------------------------------------------------------------------
Finished Writing Synthesis Report : Time (s): cpu = 00:03:17 ; elapsed = 00:03:21 . Memory (MB): peak = 3605.457 ; gain = 1565.699
---------------------------------------------------------------------------------
Synthesis finished with 0 errors, 0 critical warnings and 1 warnings.
Synthesis Optimization Runtime : Time (s): cpu = 00:03:02 ; elapsed = 00:03:13 . Memory (MB): peak = 3605.457 ; gain = 1488.570
Synthesis Optimization Complete : Time (s): cpu = 00:03:17 ; elapsed = 00:03:21 . Memory (MB): peak = 3605.457 ; gain = 1565.699
INFO: [Project 1-571] Translating synthesized netlist
Netlist sorting complete. Time (s): cpu = 00:00:00 ; elapsed = 00:00:00.085 . Memory (MB): peak = 3605.457 ; gain = 0.000
INFO: [Netlist 29-17] Analyzing 1500 Unisim elements for replacement
INFO: [Netlist 29-28] Unisim Transformation completed in 0 CPU seconds
INFO: [Project 1-570] Preparing netlist for logic optimization
WARNING: [Constraints 18-5254] DIFF_TERM is not supported in UltraScale devices.  Automatically translating DIFF_TERM of TRUE to DIFF_TERM_ADV=TERM_100.  Refer to UG571: UltraScale Architecture SelectIO User Guide for more detail.
WARNING: [Constraints 18-5254] DIFF_TERM is not supported in UltraScale devices.  Automatically translating DIFF_TERM of TRUE to DIFF_TERM_ADV=TERM_100.  Refer to UG571: UltraScale Architecture SelectIO User Guide for more detail.
INFO: [Opt 31-138] Pushed 0 inverter(s) to 0 load pin(s).
INFO: [Opt 31-326] The CLKFBOUT to CLKFBIN net for instance u_mmcm with COMPENSATION=INTERNAL is optimized away to aid design routability
Netlist sorting complete. Time (s): cpu = 00:00:00 ; elapsed = 00:00:00.002 . Memory (MB): peak = 3623.043 ; gain = 0.000
INFO: [Project 1-111] Unisim Transformation Summary:
  A total of 23 instances were transformed.
  BUFG => BUFGCE: 1 instance 
  IBUF => IBUF (IBUFCTRL, INBUF): 1 instance 
  IBUFDS => IBUFDS (DIFFINBUF, IBUFCTRL): 1 instance 
  RAM256X1D => RAM256X1D (MUXF7(x4), MUXF8(x2), RAMD64E(x8)): 10 instances
  RAM512X1S => RAM512X1S (MUXF7(x4), MUXF8(x2), MUXF9, RAMS64E1(x8)): 10 instances

Synth Design complete, checksum: 4ba48dc0
INFO: [Common 17-83] Releasing license: Synthesis
94 Infos, 247 Warnings, 0 Critical Warnings and 0 Errors encountered.
synth_design completed successfully
synth_design: Time (s): cpu = 00:03:26 ; elapsed = 00:03:31 . Memory (MB): peak = 3623.043 ; gain = 2595.531
INFO: [Common 17-1381] The checkpoint 'E:/VivadoProject/project_2/project_2.runs/synth_1/top_fpga.dcp' has been generated.
INFO: [runtcl-4] Executing : report_utilization -file top_fpga_utilization_synth.rpt -pb top_fpga_utilization_synth.pb
INFO: [Common 17-206] Exiting Vivado at Wed Mar  4 00:36:26 2026...
