
UART_OK
[TB] v2b_arm_fashion14_trace start - 10 Fashion 14x14 samples via AXI-Lite
[TB] V2B_SOC_BASE=0xa0000000
[OK] MMIO round-trip CFG1
TRACE_HASH_BEGIN config=v2b_fc_fashion14_2L host=arm sample=0
HASH layer=0 t=0 buf=A 0xC7F0DFD3
HASH layer=0 t=1 buf=A 0x999F88A2
HASH layer=0 t=2 buf=A 0xE16BCABB
HASH layer=0 t=3 buf=A 0x83AE80A1
HASH layer=0 t=4 buf=A 0x0784004D
HASH layer=0 t=5 buf=A 0x34CB1170
HASH layer=0 t=6 buf=A 0xAD3A24E7
HASH layer=0 t=7 buf=A 0xC7F7ABDF
HASH layer=0 t=8 buf=A 0x4F6C7652
HASH layer=0 t=9 buf=A 0x58E801F7
HASH layer=0 t=10 buf=A 0x117AB17B
HASH layer=0 t=11 buf=A 0xD3ACA05F
HASH layer=0 t=12 buf=A 0x033D45CA
HASH layer=0 t=13 buf=A 0x49FF8A5F
HASH layer=0 t=14 buf=A 0x77D77801
HASH layer=0 t=15 buf=A 0x13B658AA
HASH layer=0 t=16 buf=A 0xBFC07FD6
HASH layer=0 t=17 buf=A 0x6789FE24
HASH layer=0 t=18 buf=A 0x825FC568
HASH layer=0 t=19 buf=A 0x81E88D88
HASH layer=0 t=20 buf=A 0x12FF88E3
HASH layer=0 t=21 buf=A 0x2BD81078
HASH layer=0 t=22 buf=A 0x3B53D0DC
HASH layer=0 t=23 buf=A 0x98D92044
HASH layer=0 t=24 buf=A 0x09E0F87B
HASH layer=0 t=25 buf=A 0x72A95495
HASH layer=0 t=26 buf=A 0xDE0A3568
HASH layer=0 t=27 buf=A 0x75A6E394
HASH layer=0 t=28 buf=A 0xD73A8584
HASH layer=0 t=29 buf=A 0x63BEDF3D
HASH layer=0 t=30 buf=A 0x5D962D63
HASH layer=0 t=31 buf=A 0x64B1683C
HASH layer=0 t=32 buf=A 0x72C79BBA
HASH layer=0 t=33 buf=A 0x6C0B3C3D
HASH layer=0 t=34 buf=A 0xB34D0ACE
HASH layer=0 t=35 buf=A 0x6B048B3C
HASH layer=0 t=36 buf=A 0x197D973E
HASH layer=0 t=37 buf=A 0x7D1CB795
HASH layer=0 t=38 buf=A 0x433445CB
HASH layer=0 t=39 buf=A 0x9B7DC439
HASH layer=0 t=40 buf=A 0xE5008831
HASH layer=0 t=41 buf=A 0x62DAF01C
HASH layer=0 t=42 buf=A 0x52D852D8
HASH layer=0 t=43 buf=A 0x10BA99E4
HASH layer=0 t=44 buf=A 0x511B587B
HASH layer=0 t=45 buf=A 0x683C1D24
HASH layer=0 t=46 buf=A 0x9179C040
HASH layer=0 t=47 buf=A 0xFDB83986
HASH layer=0 t=48 buf=A 0x9E03E8AD
HASH layer=0 t=49 buf=A 0xFA62C806
HASH layer=0 t=50 buf=A 0xC44A3A58
HASH layer=0 t=51 buf=A 0x32A08950
HASH layer=0 t=52 buf=A 0x6E7AA7A8
HASH layer=0 t=53 buf=A 0x60DA2AB6
HASH layer=0 t=54 buf=A 0xD55DB1F0
HASH layer=0 t=55 buf=A 0x13D4B508
HASH layer=0 t=56 buf=A 0xA58070E6
HASH layer=0 t=57 buf=A 0x208F94E0
HASH layer=0 t=58 buf=A 0x1EA766BE
HASH layer=0 t=59 buf=A 0x0923111B
HASH layer=0 t=60 buf=A 0x21F8175C
HASH layer=0 t=61 buf=A 0x1F3B2DB2
HASH layer=0 t=62 buf=A 0x412115D2
HASH layer=0 t=63 buf=A 0x8ABF0910
HASH layer=1 t=0 buf=B 0xE129EF7F
HASH layer=1 t=1 buf=B 0x8548A136
HASH layer=1 t=2 buf=B 0x5A0E97C5
HASH layer=1 t=3 buf=B 0x10CC8594
HASH layer=1 t=4 buf=B 0x3FF3FC62
HASH layer=1 t=5 buf=B 0x7531EE33
HASH layer=1 t=6 buf=B 0xAA77D8C0
HASH layer=1 t=7 buf=B 0xE0B5CA91
HASH layer=1 t=8 buf=B 0xF4092B2C
HASH layer=1 t=9 buf=B 0xBECB397D
HASH layer=1 t=10 buf=B 0xCFE6E90F
HASH layer=1 t=11 buf=B 0x2B4F1DDF
HASH layer=1 t=12 buf=B 0x04706429
HASH layer=1 t=13 buf=B 0x4EB27678
HASH layer=1 t=14 buf=B 0x91F4408B
HASH layer=1 t=15 buf=B 0xDB3652DA
HASH layer=1 t=16 buf=B 0xB88D83F1
HASH layer=1 t=17 buf=B 0xF24F91A0
HASH layer=1 t=18 buf=B 0x836241D2
HASH layer=1 t=19 buf=B 0xC9A05383
HASH layer=1 t=20 buf=B 0x48F4CCF4
HASH layer=1 t=21 buf=B 0x0236DEA5
HASH layer=1 t=22 buf=B 0xDD70E856
HASH layer=1 t=23 buf=B 0x97B2FA07
HASH layer=1 t=24 buf=B 0x830E1BBA
HASH layer=1 t=25 buf=B 0x67A7EF6A
HASH layer=1 t=26 buf=B 0xB8E1D999
HASH layer=1 t=27 buf=B 0x5C482D49
HASH layer=1 t=28 buf=B 0xDD1CB23E
HASH layer=1 t=29 buf=B 0x97DEA06F
HASH layer=1 t=30 buf=B 0x4898969C
HASH layer=1 t=31 buf=B 0x025A84CD
HASH layer=1 t=32 buf=B 0x8FEF34CA
HASH layer=1 t=33 buf=B 0xC52D269B
HASH layer=1 t=34 buf=B 0x1A6B1068
HASH layer=1 t=35 buf=B 0x50A90239
HASH layer=1 t=36 buf=B 0xD1FD9D4E
HASH layer=1 t=37 buf=B 0x3554699E
HASH layer=1 t=38 buf=B 0x4479B9EC
HASH layer=1 t=39 buf=B 0xA0D04D3C
HASH layer=1 t=40 buf=B 0xB46CAC81
HASH layer=1 t=41 buf=B 0xFEAEBED0
HASH layer=1 t=42 buf=B 0x21E88823
HASH layer=1 t=43 buf=B 0x6B2A9A72
HASH layer=1 t=44 buf=B 0x4415E384
HASH layer=1 t=45 buf=B 0x0ED7F1D5
HASH layer=1 t=46 buf=B 0xD191C726
HASH layer=1 t=47 buf=B 0x9B53D577
HASH layer=1 t=48 buf=B 0xF8E8045C
HASH layer=1 t=49 buf=B 0xB22A160D
HASH layer=1 t=50 buf=B 0x6D6C20FE
HASH layer=1 t=51 buf=B 0x27AE32AF
HASH layer=1 t=52 buf=B 0x08914B59
HASH layer=1 t=53 buf=B 0x42535908
HASH layer=1 t=54 buf=B 0x9D156FFB
HASH layer=1 t=55 buf=B 0xD7D77DAA
HASH layer=1 t=56 buf=B 0x6D007A96
HASH layer=1 t=57 buf=B 0x27C268C7
HASH layer=1 t=58 buf=B 0x56EFB8B5
HASH layer=1 t=59 buf=B 0x1C2DAAE4
HASH layer=1 t=60 buf=B 0x3312D312
HASH layer=1 t=61 buf=B 0xD7BB27C2
HASH layer=1 t=62 buf=B 0x08FD1131
HASH layer=1 t=63 buf=B 0x423F0360
TRACE_HASH_END count=128
[PASS] sample 0 label=0 pred=0 counts=[63 0 0 34 0 0 0 0 0 0]
TRACE_HASH_BEGIN config=v2b_fc_fashion14_2L host=arm sample=1
HASH layer=0 t=0 buf=A 0xC7F0DFD3
HASH layer=0 t=1 buf=A 0x13D81030
HASH layer=0 t=2 buf=A 0x79459C56
HASH layer=0 t=3 buf=A 0x2DFCC0E3
HASH layer=0 t=4 buf=A 0xE1A82B69
HASH layer=0 t=5 buf=A 0xE3A15F35
HASH layer=0 t=6 buf=A 0x3CE769C6
HASH layer=0 t=7 buf=A 0x695BC221
HASH layer=0 t=8 buf=A 0xAE8909FE
HASH layer=0 t=9 buf=A 0xA02984E0
HASH layer=0 t=10 buf=A 0x2F727793
HASH layer=0 t=11 buf=A 0x267AE0B6
HASH layer=0 t=12 buf=A 0x163B20F6
HASH layer=0 t=13 buf=A 0xD822C77E
HASH layer=0 t=14 buf=A 0xD8A322AD
HASH layer=0 t=15 buf=A 0x8D1F894A
HASH layer=0 t=16 buf=A 0x22B4CBB5
HASH layer=0 t=17 buf=A 0xECAD2C3D
HASH layer=0 t=18 buf=A 0x203C5A3A
HASH layer=0 t=19 buf=A 0x853C2355
HASH layer=0 t=20 buf=A 0xCDB33D06
HASH layer=0 t=21 buf=A 0x541F0535
HASH layer=0 t=22 buf=A 0x10FC7FA9
HASH layer=0 t=23 buf=A 0x9A87076E
HASH layer=0 t=24 buf=A 0x193753FE
HASH layer=0 t=25 buf=A 0x5F5CB8ED
HASH layer=0 t=26 buf=A 0xDB06A8E7
HASH layer=0 t=27 buf=A 0x517DD020
HASH layer=0 t=28 buf=A 0x29F7766D
HASH layer=0 t=29 buf=A 0xAF25F7E8
HASH layer=0 t=30 buf=A 0x2B7FE7E2
HASH layer=0 t=31 buf=A 0xA1049F25
HASH layer=0 t=32 buf=A 0xBBBD9A0F
HASH layer=0 t=33 buf=A 0x790D84C5
HASH layer=0 t=34 buf=A 0x229047EF
HASH layer=0 t=35 buf=A 0xE0205925
HASH layer=0 t=36 buf=A 0x1C710AB1
HASH layer=0 t=37 buf=A 0xE26D5527
HASH layer=0 t=38 buf=A 0x89F52E13
HASH layer=0 t=39 buf=A 0x038E56D4
HASH layer=0 t=40 buf=A 0x1732B769
HASH layer=0 t=41 buf=A 0xC655E957
HASH layer=0 t=42 buf=A 0x15BA26E6
HASH layer=0 t=43 buf=A 0x8C161ED5
HASH layer=0 t=44 buf=A 0xAF809E61
HASH layer=0 t=45 buf=A 0x7EE7C05F
HASH layer=0 t=46 buf=A 0x61189C3A
HASH layer=0 t=47 buf=A 0xA3A882F0
HASH layer=0 t=48 buf=A 0x1FD480FB
HASH layer=0 t=49 buf=A 0xD1CD6773
HASH layer=0 t=50 buf=A 0x11F5E836
HASH layer=0 t=51 buf=A 0x84F02947
HASH layer=0 t=52 buf=A 0x78A17AD3
HASH layer=0 t=53 buf=A 0xFE73FB56
HASH layer=0 t=54 buf=A 0xA5EE387C
HASH layer=0 t=55 buf=A 0xB4300CD4
HASH layer=0 t=56 buf=A 0x73E2C70B
HASH layer=0 t=57 buf=A 0x2AF795AE
HASH layer=0 t=58 buf=A 0xB1D33C12
HASH layer=0 t=59 buf=A 0x24D6FD63
HASH layer=0 t=60 buf=A 0x50F5A26C
HASH layer=0 t=61 buf=A 0x09E0F0C9
HASH layer=0 t=62 buf=A 0x9E6DA037
HASH layer=0 t=63 buf=A 0x9C64D46B
HASH layer=1 t=0 buf=B 0xE129EF7F
HASH layer=1 t=1 buf=B 0x710B8E5D
HASH layer=1 t=2 buf=B 0x29EB73ED
HASH layer=1 t=3 buf=B 0x632961BC
HASH layer=1 t=4 buf=B 0x4C16184A
HASH layer=1 t=5 buf=B 0x06D40A1B
HASH layer=1 t=6 buf=B 0xD9923CE8
HASH layer=1 t=7 buf=B 0x93502EB9
HASH layer=1 t=8 buf=B 0x87ECCF04
HASH layer=1 t=9 buf=B 0xCD2EDD55
HASH layer=1 t=10 buf=B 0x1268EBA6
HASH layer=1 t=11 buf=B 0x58AAF9F7
HASH layer=1 t=12 buf=B 0x77958001
HASH layer=1 t=13 buf=B 0x3D579250
HASH layer=1 t=14 buf=B 0xE211A4A3
HASH layer=1 t=15 buf=B 0xA8D3B6F2
HASH layer=1 t=16 buf=B 0xCB6867D9
HASH layer=1 t=17 buf=B 0x81AA7588
HASH layer=1 t=18 buf=B 0x5EEC437B
HASH layer=1 t=19 buf=B 0x142E512A
HASH layer=1 t=20 buf=B 0x3B1128DC
HASH layer=1 t=21 buf=B 0x71D33A8D
HASH layer=1 t=22 buf=B 0xAE950C7E
HASH layer=1 t=23 buf=B 0xE4571E2F
HASH layer=1 t=24 buf=B 0xF0EBFF92
HASH layer=1 t=25 buf=B 0xBA29EDC3
HASH layer=1 t=26 buf=B 0x656FDB30
HASH layer=1 t=27 buf=B 0x2FADC961
HASH layer=1 t=28 buf=B 0x0092B097
HASH layer=1 t=29 buf=B 0x4A50A2C6
HASH layer=1 t=30 buf=B 0x95169435
HASH layer=1 t=31 buf=B 0xDFD48664
HASH layer=1 t=32 buf=B 0x52613663
HASH layer=1 t=33 buf=B 0x18A32432
HASH layer=1 t=34 buf=B 0xC7E512C1
HASH layer=1 t=35 buf=B 0x8D270090
HASH layer=1 t=36 buf=B 0xA2187966
HASH layer=1 t=37 buf=B 0xE8DA6B37
HASH layer=1 t=38 buf=B 0x379C5DC4
HASH layer=1 t=39 buf=B 0x7D5E4F95
HASH layer=1 t=40 buf=B 0x69E2AE28
HASH layer=1 t=41 buf=B 0x2320BC79
HASH layer=1 t=42 buf=B 0xFC668A8A
HASH layer=1 t=43 buf=B 0xB6A498DB
HASH layer=1 t=44 buf=B 0x999BE12D
HASH layer=1 t=45 buf=B 0xD359F37C
HASH layer=1 t=46 buf=B 0x0C1FC58F
HASH layer=1 t=47 buf=B 0x46DDD7DE
HASH layer=1 t=48 buf=B 0x256606F5
HASH layer=1 t=49 buf=B 0x6FA414A4
HASH layer=1 t=50 buf=B 0xB0E22257
HASH layer=1 t=51 buf=B 0xFA203006
HASH layer=1 t=52 buf=B 0xD51F49F0
HASH layer=1 t=53 buf=B 0x9FDD5BA1
HASH layer=1 t=54 buf=B 0x409B6D52
HASH layer=1 t=55 buf=B 0x0A597F03
HASH layer=1 t=56 buf=B 0x1EE59EBE
HASH layer=1 t=57 buf=B 0x54278CEF
HASH layer=1 t=58 buf=B 0x8B61BA1C
HASH layer=1 t=59 buf=B 0xC1A3A84D
HASH layer=1 t=60 buf=B 0xEE9CD1BB
HASH layer=1 t=61 buf=B 0xA45EC3EA
HASH layer=1 t=62 buf=B 0x7B18F519
HASH layer=1 t=63 buf=B 0x31DAE748
TRACE_HASH_END count=128
[PASS] sample 1 label=1 pred=1 counts=[0 63 0 0 1 0 0 0 0 0]
TRACE_HASH_BEGIN config=v2b_fc_fashion14_2L host=arm sample=2
HASH layer=0 t=0 buf=A 0xC7F0DFD3
HASH layer=0 t=1 buf=A 0x5B1BC4BE
HASH layer=0 t=2 buf=A 0x449F4105
HASH layer=0 t=3 buf=A 0xCF185598
HASH layer=0 t=4 buf=A 0x7B61F9CF
HASH layer=0 t=5 buf=A 0x31A3EB9E
HASH layer=0 t=6 buf=A 0x6A99C7C9
HASH layer=0 t=7 buf=A 0x0AD10BF7
HASH layer=0 t=8 buf=A 0xF0D1AFF8
HASH layer=0 t=9 buf=A 0xF9C3AE9D
HASH layer=0 t=10 buf=A 0x65558B5A
HASH layer=0 t=11 buf=A 0xF2D2F904
HASH layer=0 t=12 buf=A 0xF9B981E7
HASH layer=0 t=13 buf=A 0xE43C0DEC
HASH layer=0 t=14 buf=A 0xE63F5B10
HASH layer=0 t=15 buf=A 0x1481272D
HASH layer=0 t=16 buf=A 0xA61C5531
HASH layer=0 t=17 buf=A 0x182B50C6
HASH layer=0 t=18 buf=A 0x3002E3DE
HASH layer=0 t=19 buf=A 0x049723F7
HASH layer=0 t=20 buf=A 0x56651A34
HASH layer=0 t=21 buf=A 0x35B74447
HASH layer=0 t=22 buf=A 0x77FE93C2
HASH layer=0 t=23 buf=A 0xD320FFAA
HASH layer=0 t=24 buf=A 0x696ADADC
HASH layer=0 t=25 buf=A 0x6E063F48
HASH layer=0 t=26 buf=A 0x61412483
HASH layer=0 t=27 buf=A 0xB5B67E62
HASH layer=0 t=28 buf=A 0x991395D9
HASH layer=0 t=29 buf=A 0xD0EB2E4E
HASH layer=0 t=30 buf=A 0xE22BF4C9
HASH layer=0 t=31 buf=A 0xE8A367E1
HASH layer=0 t=32 buf=A 0x3F15048B
HASH layer=0 t=33 buf=A 0x28BA7F6F
HASH layer=0 t=34 buf=A 0x6D9D1232
HASH layer=0 t=35 buf=A 0x942E17EF
HASH layer=0 t=36 buf=A 0x3B995C28
HASH layer=0 t=37 buf=A 0xF52754DD
HASH layer=0 t=38 buf=A 0xAD27D14C
HASH layer=0 t=39 buf=A 0x34DE47E3
HASH layer=0 t=40 buf=A 0x6DCC519B
HASH layer=0 t=41 buf=A 0x4E548E91
HASH layer=0 t=42 buf=A 0xF8E84EB2
HASH layer=0 t=43 buf=A 0xF2C0E611
HASH layer=0 t=44 buf=A 0xC48C6435
HASH layer=0 t=45 buf=A 0x973D8DB6
HASH layer=0 t=46 buf=A 0x089101B7
HASH layer=0 t=47 buf=A 0x02B9A914
HASH layer=0 t=48 buf=A 0x2148F946
HASH layer=0 t=49 buf=A 0xD2D10B74
HASH layer=0 t=50 buf=A 0xC7DF42AB
HASH layer=0 t=51 buf=A 0xB09A91B6
HASH layer=0 t=52 buf=A 0xFF4F40B9
HASH layer=0 t=53 buf=A 0x860988DE
HASH layer=0 t=54 buf=A 0x076581D5
HASH layer=0 t=55 buf=A 0x93D85A4D
HASH layer=0 t=56 buf=A 0x8764BBF0
HASH layer=0 t=57 buf=A 0x5333DA9A
HASH layer=0 t=58 buf=A 0xFC5CDAE0
HASH layer=0 t=59 buf=A 0x6BDBA8BE
HASH layer=0 t=60 buf=A 0x8348D8D8
HASH layer=0 t=61 buf=A 0x9329226F
HASH layer=0 t=62 buf=A 0xB89A033A
HASH layer=0 t=63 buf=A 0x9BA2E7BB
HASH layer=1 t=0 buf=B 0xE129EF7F
HASH layer=1 t=1 buf=B 0x2C4D366D
HASH layer=1 t=2 buf=B 0x74ADCBDD
HASH layer=1 t=3 buf=B 0x84E2A9EC
HASH layer=1 t=4 buf=B 0xABDDD01A
HASH layer=1 t=5 buf=B 0xE11FC24B
HASH layer=1 t=6 buf=B 0x3E59F4B8
HASH layer=1 t=7 buf=B 0x749BE6E9
HASH layer=1 t=8 buf=B 0x60270754
HASH layer=1 t=9 buf=B 0x2AE51505
HASH layer=1 t=10 buf=B 0xF5A323F6
HASH layer=1 t=11 buf=B 0xBF6131A7
HASH layer=1 t=12 buf=B 0x905E4851
HASH layer=1 t=13 buf=B 0xDA9C5A00
HASH layer=1 t=14 buf=B 0x05DA6CF3
HASH layer=1 t=15 buf=B 0x4F187EA2
HASH layer=1 t=16 buf=B 0x2CA3AF89
HASH layer=1 t=17 buf=B 0x6661BDD8
HASH layer=1 t=18 buf=B 0xB9278B2B
HASH layer=1 t=19 buf=B 0xF3E5997A
HASH layer=1 t=20 buf=B 0xDCDAE08C
HASH layer=1 t=21 buf=B 0x9618F2DD
HASH layer=1 t=22 buf=B 0x495EC42E
HASH layer=1 t=23 buf=B 0x039CD67F
HASH layer=1 t=24 buf=B 0x172037C2
HASH layer=1 t=25 buf=B 0x5DE22593
HASH layer=1 t=26 buf=B 0x82A41360
HASH layer=1 t=27 buf=B 0xC8660131
HASH layer=1 t=28 buf=B 0xE75978C7
HASH layer=1 t=29 buf=B 0xAD9B6A96
HASH layer=1 t=30 buf=B 0x72DD5C65
HASH layer=1 t=31 buf=B 0x381F4E34
HASH layer=1 t=32 buf=B 0xB5AAFE33
HASH layer=1 t=33 buf=B 0xFF68EC62
HASH layer=1 t=34 buf=B 0x202EDA91
HASH layer=1 t=35 buf=B 0x6AECC8C0
HASH layer=1 t=36 buf=B 0x45D3B136
HASH layer=1 t=37 buf=B 0x0F11A367
HASH layer=1 t=38 buf=B 0xD0579594
HASH layer=1 t=39 buf=B 0x9A9587C5
HASH layer=1 t=40 buf=B 0x8E296678
HASH layer=1 t=41 buf=B 0xC4EB7429
HASH layer=1 t=42 buf=B 0x1BAD42DA
HASH layer=1 t=43 buf=B 0x516F508B
HASH layer=1 t=44 buf=B 0x7E50297D
HASH layer=1 t=45 buf=B 0x34923B2C
HASH layer=1 t=46 buf=B 0xEBD40DDF
HASH layer=1 t=47 buf=B 0xA1161F8E
HASH layer=1 t=48 buf=B 0xC2ADCEA5
HASH layer=1 t=49 buf=B 0x886FDCF4
HASH layer=1 t=50 buf=B 0x5729EA07
HASH layer=1 t=51 buf=B 0x1DEBF856
HASH layer=1 t=52 buf=B 0x32D481A0
HASH layer=1 t=53 buf=B 0x781693F1
HASH layer=1 t=54 buf=B 0xA750A502
HASH layer=1 t=55 buf=B 0xED92B753
HASH layer=1 t=56 buf=B 0xF92E56EE
HASH layer=1 t=57 buf=B 0xB3EC44BF
HASH layer=1 t=58 buf=B 0x6CAA724C
HASH layer=1 t=59 buf=B 0x2668601D
HASH layer=1 t=60 buf=B 0x095719EB
HASH layer=1 t=61 buf=B 0x43950BBA
HASH layer=1 t=62 buf=B 0x9CD33D49
HASH layer=1 t=63 buf=B 0xD6112F18
TRACE_HASH_END count=128
[PASS] sample 2 label=2 pred=2 counts=[0 0 61 0 1 0 0 0 0 0]
TRACE_HASH_BEGIN config=v2b_fc_fashion14_2L host=arm sample=3
HASH layer=0 t=0 buf=A 0xC7F0DFD3
HASH layer=0 t=1 buf=A 0x71900828
HASH layer=0 t=2 buf=A 0xCF6D42FE
HASH layer=0 t=3 buf=A 0x07482176
HASH layer=0 t=4 buf=A 0x0DAB1959
HASH layer=0 t=5 buf=A 0xA3C6DA50
HASH layer=0 t=6 buf=A 0x1C4886E6
HASH layer=0 t=7 buf=A 0xD4BF13F5
HASH layer=0 t=8 buf=A 0x31D39122
HASH layer=0 t=9 buf=A 0xF71DC727
HASH layer=0 t=10 buf=A 0xDA6F43E6
HASH layer=0 t=11 buf=A 0xFC871897
HASH layer=0 t=12 buf=A 0x2E75171B
HASH layer=0 t=13 buf=A 0x6FD5AFAE
HASH layer=0 t=14 buf=A 0x994A825D
HASH layer=0 t=15 buf=A 0x9D1C9024
HASH layer=0 t=16 buf=A 0x7565344A
HASH layer=0 t=17 buf=A 0x5EB704C9
HASH layer=0 t=18 buf=A 0x79342207
HASH layer=0 t=19 buf=A 0x2111442C
HASH layer=0 t=20 buf=A 0x15977A8B
HASH layer=0 t=21 buf=A 0x242B406B
HASH layer=0 t=22 buf=A 0x45ECEA68
HASH layer=0 t=23 buf=A 0xFB2B0E2A
HASH layer=0 t=24 buf=A 0x2B19D26D
HASH layer=0 t=25 buf=A 0x60D486DC
HASH layer=0 t=26 buf=A 0xFA899E16
HASH layer=0 t=27 buf=A 0xBF5A3416
HASH layer=0 t=28 buf=A 0x053E21B1
HASH layer=0 t=29 buf=A 0xFDAA0352
HASH layer=0 t=30 buf=A 0xE7B54569
HASH layer=0 t=31 buf=A 0x64C6F9DC
HASH layer=0 t=32 buf=A 0x8996E370
HASH layer=0 t=33 buf=A 0x208B9A28
HASH layer=0 t=34 buf=A 0x5EBCEF4D
HASH layer=0 t=35 buf=A 0x9EB933F0
HASH layer=0 t=36 buf=A 0x6CA0698C
HASH layer=0 t=37 buf=A 0xC31AE7B7
HASH layer=0 t=38 buf=A 0x333A72EE
HASH layer=0 t=39 buf=A 0x56A1B17B
HASH layer=0 t=40 buf=A 0x72A9E941
HASH layer=0 t=41 buf=A 0x780C817C
HASH layer=0 t=42 buf=A 0x7B3525BC
HASH layer=0 t=43 buf=A 0x7F66CF29
HASH layer=0 t=44 buf=A 0x7A25C1B2
HASH layer=0 t=45 buf=A 0x64536138
HASH layer=0 t=46 buf=A 0x59E7BF69
HASH layer=0 t=47 buf=A 0xBB96938E
HASH layer=0 t=48 buf=A 0x8C5C4C89
HASH layer=0 t=49 buf=A 0xCF69ACDF
HASH layer=0 t=50 buf=A 0x588F26C9
HASH layer=0 t=51 buf=A 0x809C2C01
HASH layer=0 t=52 buf=A 0x02228784
HASH layer=0 t=53 buf=A 0xE4867D5F
HASH layer=0 t=54 buf=A 0x4282FAD2
HASH layer=0 t=55 buf=A 0x24DF2D54
HASH layer=0 t=56 buf=A 0x9D596D36
HASH layer=0 t=57 buf=A 0x0C3D9629
HASH layer=0 t=58 buf=A 0xF1FF6350
HASH layer=0 t=59 buf=A 0x059E28BA
HASH layer=0 t=60 buf=A 0x58A38F9D
HASH layer=0 t=61 buf=A 0x4AC73FA2
HASH layer=0 t=62 buf=A 0xB2DAA2EB
HASH layer=0 t=63 buf=A 0x1AD52A76
HASH layer=1 t=0 buf=B 0xE129EF7F
HASH layer=1 t=1 buf=B 0x05801BAF
HASH layer=1 t=2 buf=B 0x3CD662C2
HASH layer=1 t=3 buf=B 0x76147093
HASH layer=1 t=4 buf=B 0x592B0965
HASH layer=1 t=5 buf=B 0xF5F954AA
HASH layer=1 t=6 buf=B 0x2ABF6259
HASH layer=1 t=7 buf=B 0x607D7008
HASH layer=1 t=8 buf=B 0x92D1DE2B
HASH layer=1 t=9 buf=B 0x3E0383E4
HASH layer=1 t=10 buf=B 0xE145B517
HASH layer=1 t=11 buf=B 0xAB87A746
HASH layer=1 t=12 buf=B 0x84B8DEB0
HASH layer=1 t=13 buf=B 0xCE7ACCE1
HASH layer=1 t=14 buf=B 0x113CFA12
HASH layer=1 t=15 buf=B 0x5BFEE843
HASH layer=1 t=16 buf=B 0x38453968
HASH layer=1 t=17 buf=B 0x72872B39
HASH layer=1 t=18 buf=B 0xADC11DCA
HASH layer=1 t=19 buf=B 0xE7030F9B
HASH layer=1 t=20 buf=B 0xC83C766D
HASH layer=1 t=21 buf=B 0x82FE643C
HASH layer=1 t=22 buf=B 0x5DB852CF
HASH layer=1 t=23 buf=B 0x177A409E
HASH layer=1 t=24 buf=B 0x03C6A123
HASH layer=1 t=25 buf=B 0x4904B372
HASH layer=1 t=26 buf=B 0x96428581
HASH layer=1 t=27 buf=B 0xDC8097D0
HASH layer=1 t=28 buf=B 0xF3BFEE26
HASH layer=1 t=29 buf=B 0xB97DFC77
HASH layer=1 t=30 buf=B 0x663BCA84
HASH layer=1 t=31 buf=B 0x2CF9D8D5
HASH layer=1 t=32 buf=B 0xA14C68D2
HASH layer=1 t=33 buf=B 0xEB8E7A83
HASH layer=1 t=34 buf=B 0x34C84C70
HASH layer=1 t=35 buf=B 0x7E0A5E21
HASH layer=1 t=36 buf=B 0x513527D7
HASH layer=1 t=37 buf=B 0x1BF73586
HASH layer=1 t=38 buf=B 0xC4B10375
HASH layer=1 t=39 buf=B 0x8E731124
HASH layer=1 t=40 buf=B 0x9ACFF099
HASH layer=1 t=41 buf=B 0xD00DE2C8
HASH layer=1 t=42 buf=B 0x0F4BD43B
HASH layer=1 t=43 buf=B 0x4589C66A
HASH layer=1 t=44 buf=B 0x6AB6BF9C
HASH layer=1 t=45 buf=B 0x2074ADCD
HASH layer=1 t=46 buf=B 0xFF329B3E
HASH layer=1 t=47 buf=B 0xB5F0896F
HASH layer=1 t=48 buf=B 0xD64B5844
HASH layer=1 t=49 buf=B 0x9C894A15
HASH layer=1 t=50 buf=B 0x43CF7CE6
HASH layer=1 t=51 buf=B 0x090D6EB7
HASH layer=1 t=52 buf=B 0x26321741
HASH layer=1 t=53 buf=B 0x6CF00510
HASH layer=1 t=54 buf=B 0xB3B633E3
HASH layer=1 t=55 buf=B 0xF97421B2
HASH layer=1 t=56 buf=B 0xEDC8C00F
HASH layer=1 t=57 buf=B 0xA70AD25E
HASH layer=1 t=58 buf=B 0x784CE4AD
HASH layer=1 t=59 buf=B 0x328EF6FC
HASH layer=1 t=60 buf=B 0x1DB18F0A
HASH layer=1 t=61 buf=B 0x57739D5B
HASH layer=1 t=62 buf=B 0x8835ABA8
HASH layer=1 t=63 buf=B 0xC2F7B9F9
TRACE_HASH_END count=128
[PASS] sample 3 label=3 pred=3 counts=[0 0 0 63 0 0 0 4 0 0]
TRACE_HASH_BEGIN config=v2b_fc_fashion14_2L host=arm sample=4
HASH layer=0 t=0 buf=A 0xC7F0DFD3
HASH layer=0 t=1 buf=A 0xC2DF448B
HASH layer=0 t=2 buf=A 0x16674EB8
HASH layer=0 t=3 buf=A 0x4E181E9A
HASH layer=0 t=4 buf=A 0x4B304BC3
HASH layer=0 t=5 buf=A 0xDFC282D4
HASH layer=0 t=6 buf=A 0x53EDEA7F
HASH layer=0 t=7 buf=A 0x6248494D
HASH layer=0 t=8 buf=A 0x63CE201A
HASH layer=0 t=9 buf=A 0x53AD6A39
HASH layer=0 t=10 buf=A 0x29C5BC03
HASH layer=0 t=11 buf=A 0xE6A49686
HASH layer=0 t=12 buf=A 0xA72020DA
HASH layer=0 t=13 buf=A 0x4CEF6625
HASH layer=0 t=14 buf=A 0xB2997025
HASH layer=0 t=15 buf=A 0x5E0A882A
HASH layer=0 t=16 buf=A 0x350DBCFD
HASH layer=0 t=17 buf=A 0xA9637EFE
HASH layer=0 t=18 buf=A 0xA27D314D
HASH layer=0 t=19 buf=A 0x05C5F5ED
HASH layer=0 t=20 buf=A 0x14170FAD
HASH layer=0 t=21 buf=A 0x27967092
HASH layer=0 t=22 buf=A 0x086187A2
HASH layer=0 t=23 buf=A 0xB34AD4EF
HASH layer=0 t=24 buf=A 0xB181EFE5
HASH layer=0 t=25 buf=A 0xA48AF8FA
HASH layer=0 t=26 buf=A 0xAA9A0FC2
HASH layer=0 t=27 buf=A 0x29DB6E60
HASH layer=0 t=28 buf=A 0x526B5330
HASH layer=0 t=29 buf=A 0x99DD0800
HASH layer=0 t=30 buf=A 0x36D3DCC6
HASH layer=0 t=31 buf=A 0xDBFC40D1
HASH layer=0 t=32 buf=A 0xD09B8B2A
HASH layer=0 t=33 buf=A 0xD912B63B
HASH layer=0 t=34 buf=A 0x0105F995
HASH layer=0 t=35 buf=A 0x8CBE046E
HASH layer=0 t=36 buf=A 0x675C3B52
HASH layer=0 t=37 buf=A 0xBBF4CD87
HASH layer=0 t=38 buf=A 0x53905930
HASH layer=0 t=39 buf=A 0x22E65DE7
HASH layer=0 t=40 buf=A 0x3B42151F
HASH layer=0 t=41 buf=A 0x2295B857
HASH layer=0 t=42 buf=A 0x23864DA7
HASH layer=0 t=43 buf=A 0xE6D75CC6
HASH layer=0 t=44 buf=A 0xAADB8B49
HASH layer=0 t=45 buf=A 0x0AFB7EE5
HASH layer=0 t=46 buf=A 0x7C514A92
HASH layer=0 t=47 buf=A 0x116C2C1A
HASH layer=0 t=48 buf=A 0x7ECEBC8B
HASH layer=0 t=49 buf=A 0x0E25C36E
HASH layer=0 t=50 buf=A 0xF5D1E3A9
HASH layer=0 t=51 buf=A 0xBFD7A653
HASH layer=0 t=52 buf=A 0x5B512841
HASH layer=0 t=53 buf=A 0x8B172DEC
HASH layer=0 t=54 buf=A 0x52F4D399
HASH layer=0 t=55 buf=A 0xD4EEEDB8
HASH layer=0 t=56 buf=A 0xDDF2C33A
HASH layer=0 t=57 buf=A 0x1F8962AE
HASH layer=0 t=58 buf=A 0xE6E76593
HASH layer=0 t=59 buf=A 0x025203EA
HASH layer=0 t=60 buf=A 0x364AEC9D
HASH layer=0 t=61 buf=A 0x38A20A18
HASH layer=0 t=62 buf=A 0x4CF417D0
HASH layer=0 t=63 buf=A 0x4D1D099E
HASH layer=1 t=0 buf=B 0xE129EF7F
HASH layer=1 t=1 buf=B 0x2C4D366D
HASH layer=1 t=2 buf=B 0x80032751
HASH layer=1 t=3 buf=B 0xB9C912CF
HASH layer=1 t=4 buf=B 0x96F66B39
HASH layer=1 t=5 buf=B 0xDC347968
HASH layer=1 t=6 buf=B 0x03724F9B
HASH layer=1 t=7 buf=B 0x49B05DCA
HASH layer=1 t=8 buf=B 0x5D0CBC77
HASH layer=1 t=9 buf=B 0x17CEAE26
HASH layer=1 t=10 buf=B 0xC88898D5
HASH layer=1 t=11 buf=B 0x824A8A84
HASH layer=1 t=12 buf=B 0xAD75F372
HASH layer=1 t=13 buf=B 0xE7B7E123
HASH layer=1 t=14 buf=B 0x38F1D7D0
HASH layer=1 t=15 buf=B 0x7233C581
HASH layer=1 t=16 buf=B 0x118814AA
HASH layer=1 t=17 buf=B 0x5B4A06FB
HASH layer=1 t=18 buf=B 0x840C3008
HASH layer=1 t=19 buf=B 0xCECE2259
HASH layer=1 t=20 buf=B 0xE1F15BAF
HASH layer=1 t=21 buf=B 0xAB3349FE
HASH layer=1 t=22 buf=B 0x74757F0D
HASH layer=1 t=23 buf=B 0x3EB76D5C
HASH layer=1 t=24 buf=B 0x2A0B8CE1
HASH layer=1 t=25 buf=B 0x60C99EB0
HASH layer=1 t=26 buf=B 0xBF8FA843
HASH layer=1 t=27 buf=B 0xF54DBA12
HASH layer=1 t=28 buf=B 0xDA72C3E4
HASH layer=1 t=29 buf=B 0x90B0D1B5
HASH layer=1 t=30 buf=B 0x4FF6E746
HASH layer=1 t=31 buf=B 0x0534F517
HASH layer=1 t=32 buf=B 0x88814510
HASH layer=1 t=33 buf=B 0xC2435741
HASH layer=1 t=34 buf=B 0x1D0561B2
HASH layer=1 t=35 buf=B 0x57C773E3
HASH layer=1 t=36 buf=B 0x78F80A15
HASH layer=1 t=37 buf=B 0x323A1844
HASH layer=1 t=38 buf=B 0xED7C2EB7
HASH layer=1 t=39 buf=B 0xA7BE3CE6
HASH layer=1 t=40 buf=B 0xB302DD5B
HASH layer=1 t=41 buf=B 0xF9C0CF0A
HASH layer=1 t=42 buf=B 0x2686F9F9
HASH layer=1 t=43 buf=B 0x6C44EBA8
HASH layer=1 t=44 buf=B 0x437B925E
HASH layer=1 t=45 buf=B 0x09B9800F
HASH layer=1 t=46 buf=B 0xD6FFB6FC
HASH layer=1 t=47 buf=B 0x9C3DA4AD
HASH layer=1 t=48 buf=B 0xFF867586
HASH layer=1 t=49 buf=B 0xB54467D7
HASH layer=1 t=50 buf=B 0x6A025124
HASH layer=1 t=51 buf=B 0x20C04375
HASH layer=1 t=52 buf=B 0x0FFF3A83
HASH layer=1 t=53 buf=B 0x453D28D2
HASH layer=1 t=54 buf=B 0x9A7B1E21
HASH layer=1 t=55 buf=B 0xD0B90C70
HASH layer=1 t=56 buf=B 0xC405EDCD
HASH layer=1 t=57 buf=B 0x8EC7FF9C
HASH layer=1 t=58 buf=B 0x5181C96F
HASH layer=1 t=59 buf=B 0x1B43DB3E
HASH layer=1 t=60 buf=B 0x347CA2C8
HASH layer=1 t=61 buf=B 0x7EBEB099
HASH layer=1 t=62 buf=B 0xA1F8866A
HASH layer=1 t=63 buf=B 0xEB3A943B
TRACE_HASH_END count=128
[PASS] sample 4 label=4 pred=4 counts=[0 0 0 0 63 0 1 0 0 0]
TRACE_HASH_BEGIN config=v2b_fc_fashion14_2L host=arm sample=5
HASH layer=0 t=0 buf=A 0xC7F0DFD3
HASH layer=0 t=1 buf=A 0x52797394
HASH layer=0 t=2 buf=A 0x2AE6606F
HASH layer=0 t=3 buf=A 0x2C110839
HASH layer=0 t=4 buf=A 0x3960E100
HASH layer=0 t=5 buf=A 0xE5235C6B
HASH layer=0 t=6 buf=A 0x199CD4EE
HASH layer=0 t=7 buf=A 0x6AE4B8A1
HASH layer=0 t=8 buf=A 0x6037F162
HASH layer=0 t=9 buf=A 0xAEAF1287
HASH layer=0 t=10 buf=A 0xEBDBBB36
HASH layer=0 t=11 buf=A 0x55EE5895
HASH layer=0 t=12 buf=A 0xF8AE1491
HASH layer=0 t=13 buf=A 0xA63FB880
HASH layer=0 t=14 buf=A 0x7A34DB4E
HASH layer=0 t=15 buf=A 0x38D4F3DD
HASH layer=0 t=16 buf=A 0x0157005E
HASH layer=0 t=17 buf=A 0xC57E028A
HASH layer=0 t=18 buf=A 0x4266A842
HASH layer=0 t=19 buf=A 0xB4CE4582
HASH layer=0 t=20 buf=A 0x9CDEAFFC
HASH layer=0 t=21 buf=A 0x0676033C
HASH layer=0 t=22 buf=A 0x3178AA3E
HASH layer=0 t=23 buf=A 0x39DF578B
HASH layer=0 t=24 buf=A 0x6FD9045E
HASH layer=0 t=25 buf=A 0x12D34F09
HASH layer=0 t=26 buf=A 0x12A69763
HASH layer=0 t=27 buf=A 0x7BBC195C
HASH layer=0 t=28 buf=A 0x485798D7
HASH layer=0 t=29 buf=A 0x2C9820DC
HASH layer=0 t=30 buf=A 0x37B3F4D2
HASH layer=0 t=31 buf=A 0xB24274E2
HASH layer=0 t=32 buf=A 0x26167BD6
HASH layer=0 t=33 buf=A 0xC9E4749D
HASH layer=0 t=34 buf=A 0x8B94A438
HASH layer=0 t=35 buf=A 0x57D76378
HASH layer=0 t=36 buf=A 0xCDBEC54F
HASH layer=0 t=37 buf=A 0xDAA1ED46
HASH layer=0 t=38 buf=A 0xA64DFF98
HASH layer=0 t=39 buf=A 0x1DFC7187
HASH layer=0 t=40 buf=A 0x1BE14BAF
HASH layer=0 t=41 buf=A 0x9BB547F5
HASH layer=0 t=42 buf=A 0xEABDB228
HASH layer=0 t=43 buf=A 0x3AFB3626
HASH layer=0 t=44 buf=A 0xC49CE1CD
HASH layer=0 t=45 buf=A 0xA8DB8F1E
HASH layer=0 t=46 buf=A 0x58BED19D
HASH layer=0 t=47 buf=A 0x2909A92F
HASH layer=0 t=48 buf=A 0xB1768133
HASH layer=0 t=49 buf=A 0x2F3B1761
HASH layer=0 t=50 buf=A 0x130B1824
HASH layer=0 t=51 buf=A 0xAA59E93A
HASH layer=0 t=52 buf=A 0x864D3A03
HASH layer=0 t=53 buf=A 0x78F5EE87
HASH layer=0 t=54 buf=A 0x113805E6
HASH layer=0 t=55 buf=A 0x135C3670
HASH layer=0 t=56 buf=A 0xD13FCB66
HASH layer=0 t=57 buf=A 0x779C710D
HASH layer=0 t=58 buf=A 0x0E887335
HASH layer=0 t=59 buf=A 0x6C6A6F2D
HASH layer=0 t=60 buf=A 0x77C436E6
HASH layer=0 t=61 buf=A 0x35975404
HASH layer=0 t=62 buf=A 0x16A7DF19
HASH layer=0 t=63 buf=A 0x4B214870
HASH layer=1 t=0 buf=B 0xE129EF7F
HASH layer=1 t=1 buf=B 0xB7647E6F
HASH layer=1 t=2 buf=B 0x46811484
HASH layer=1 t=3 buf=B 0x0C4306D5
HASH layer=1 t=4 buf=B 0x7E3AC713
HASH layer=1 t=5 buf=B 0x69BE6D72
HASH layer=1 t=6 buf=B 0xB6F85B81
HASH layer=1 t=7 buf=B 0xFC3A49D0
HASH layer=1 t=8 buf=B 0xE886A86D
HASH layer=1 t=9 buf=B 0xA244BA3C
HASH layer=1 t=10 buf=B 0x7D028CCF
HASH layer=1 t=11 buf=B 0x37C09E9E
HASH layer=1 t=12 buf=B 0x18FFE768
HASH layer=1 t=13 buf=B 0x523DF539
HASH layer=1 t=14 buf=B 0x8D7BC3CA
HASH layer=1 t=15 buf=B 0xC7B9D19B
HASH layer=1 t=16 buf=B 0xA40200B0
HASH layer=1 t=17 buf=B 0xEEC012E1
HASH layer=1 t=18 buf=B 0x31862412
HASH layer=1 t=19 buf=B 0x7B443643
HASH layer=1 t=20 buf=B 0x547B4FB5
HASH layer=1 t=21 buf=B 0x1EB95DE4
HASH layer=1 t=22 buf=B 0xC1FF6B17
HASH layer=1 t=23 buf=B 0x8B3D7946
HASH layer=1 t=24 buf=B 0x9F8198FB
HASH layer=1 t=25 buf=B 0xD5438AAA
HASH layer=1 t=26 buf=B 0x0A05BC59
HASH layer=1 t=27 buf=B 0x40C7AE08
HASH layer=1 t=28 buf=B 0x6FF8D7FE
HASH layer=1 t=29 buf=B 0x253AC5AF
HASH layer=1 t=30 buf=B 0xFA7CF35C
HASH layer=1 t=31 buf=B 0xB0BEE10D
HASH layer=1 t=32 buf=B 0x3D0B510A
HASH layer=1 t=33 buf=B 0x77C9435B
HASH layer=1 t=34 buf=B 0xA88F75A8
HASH layer=1 t=35 buf=B 0xE24D67F9
HASH layer=1 t=36 buf=B 0xCD721E0F
HASH layer=1 t=37 buf=B 0x87B00C5E
HASH layer=1 t=38 buf=B 0x58F63AAD
HASH layer=1 t=39 buf=B 0x123428FC
HASH layer=1 t=40 buf=B 0x0688C941
HASH layer=1 t=41 buf=B 0x4C4ADB10
HASH layer=1 t=42 buf=B 0x930CEDE3
HASH layer=1 t=43 buf=B 0xD9CEFFB2
HASH layer=1 t=44 buf=B 0xF6F18644
HASH layer=1 t=45 buf=B 0xBC339415
HASH layer=1 t=46 buf=B 0x6375A2E6
HASH layer=1 t=47 buf=B 0x29B7B0B7
HASH layer=1 t=48 buf=B 0x4A0C619C
HASH layer=1 t=49 buf=B 0x00CE73CD
HASH layer=1 t=50 buf=B 0xDF88453E
HASH layer=1 t=51 buf=B 0x954A576F
HASH layer=1 t=52 buf=B 0xBA752E99
HASH layer=1 t=53 buf=B 0xF0B73CC8
HASH layer=1 t=54 buf=B 0x2FF10A3B
HASH layer=1 t=55 buf=B 0x6533186A
HASH layer=1 t=56 buf=B 0x718FF9D7
HASH layer=1 t=57 buf=B 0x3B4DEB86
HASH layer=1 t=58 buf=B 0xE40BDD75
HASH layer=1 t=59 buf=B 0xAEC9CF24
HASH layer=1 t=60 buf=B 0x81F6B6D2
HASH layer=1 t=61 buf=B 0xCB34A483
HASH layer=1 t=62 buf=B 0x14729270
HASH layer=1 t=63 buf=B 0x5EB08021
TRACE_HASH_END count=128
[PASS] sample 5 label=5 pred=5 counts=[1 1 0 0 0 63 0 63 0 0]
TRACE_HASH_BEGIN config=v2b_fc_fashion14_2L host=arm sample=6
HASH layer=0 t=0 buf=A 0xC7F0DFD3
HASH layer=0 t=1 buf=A 0x3140F30E
HASH layer=0 t=2 buf=A 0x35BFC94E
HASH layer=0 t=3 buf=A 0xD3F1008A
HASH layer=0 t=4 buf=A 0xD31CB47C
HASH layer=0 t=5 buf=A 0x87597605
HASH layer=0 t=6 buf=A 0xFC145B36
HASH layer=0 t=7 buf=A 0x0F56F7CD
HASH layer=0 t=8 buf=A 0x06215550
HASH layer=0 t=9 buf=A 0x3200B322
HASH layer=0 t=10 buf=A 0x82231DB4
HASH layer=0 t=11 buf=A 0x0D8D3186
HASH layer=0 t=12 buf=A 0x419C3BAE
HASH layer=0 t=13 buf=A 0x3EF38DAE
HASH layer=0 t=14 buf=A 0xAE931958
HASH layer=0 t=15 buf=A 0x6442C1D0
HASH layer=0 t=16 buf=A 0xE4CC1D34
HASH layer=0 t=17 buf=A 0xCBC2EBFC
HASH layer=0 t=18 buf=A 0x5F1721A1
HASH layer=0 t=19 buf=A 0x452A565C
HASH layer=0 t=20 buf=A 0x44242460
HASH layer=0 t=21 buf=A 0xE65C6827
HASH layer=0 t=22 buf=A 0x15A8EE66
HASH layer=0 t=23 buf=A 0x601B03D9
HASH layer=0 t=24 buf=A 0x110FA61F
HASH layer=0 t=25 buf=A 0xF1889C50
HASH layer=0 t=26 buf=A 0x60DECAA2
HASH layer=0 t=27 buf=A 0x56307226
HASH layer=0 t=28 buf=A 0xA0552D6D
HASH layer=0 t=29 buf=A 0xB57ECCB1
HASH layer=0 t=30 buf=A 0xFB4D9A50
HASH layer=0 t=31 buf=A 0xEA01936E
HASH layer=0 t=32 buf=A 0x626D9E7C
HASH layer=0 t=33 buf=A 0x9BEC6F9E
HASH layer=0 t=34 buf=A 0x803EFF03
HASH layer=0 t=35 buf=A 0x7350A2D2
HASH layer=0 t=36 buf=A 0xE0B1235E
HASH layer=0 t=37 buf=A 0xB8C39AA4
HASH layer=0 t=38 buf=A 0x36093039
HASH layer=0 t=39 buf=A 0xE6A1339E
HASH layer=0 t=40 buf=A 0x6BAB6D70
HASH layer=0 t=41 buf=A 0x8CD3369D
HASH layer=0 t=42 buf=A 0xF87F614D
HASH layer=0 t=43 buf=A 0x410F0830
HASH layer=0 t=44 buf=A 0x4BCA1305
HASH layer=0 t=45 buf=A 0xEB79B5F2
HASH layer=0 t=46 buf=A 0xC32B208B
HASH layer=0 t=47 buf=A 0xC4CB5047
HASH layer=0 t=48 buf=A 0xBAB00709
HASH layer=0 t=49 buf=A 0x840E5905
HASH layer=0 t=50 buf=A 0xB3BEA322
HASH layer=0 t=51 buf=A 0xDCA44E55
HASH layer=0 t=52 buf=A 0x06E1F2E5
HASH layer=0 t=53 buf=A 0xEAA459D3
HASH layer=0 t=54 buf=A 0x8737F79E
HASH layer=0 t=55 buf=A 0x0FA155D9
HASH layer=0 t=56 buf=A 0x3C6806C7
HASH layer=0 t=57 buf=A 0xC6F8E880
HASH layer=0 t=58 buf=A 0x086E7F26
HASH layer=0 t=59 buf=A 0x27FEAC8A
HASH layer=0 t=60 buf=A 0x724AD328
HASH layer=0 t=61 buf=A 0xF8C9302D
HASH layer=0 t=62 buf=A 0x54BE89CC
HASH layer=0 t=63 buf=A 0x0FE41DA3
HASH layer=1 t=0 buf=B 0xE129EF7F
HASH layer=1 t=1 buf=B 0x0CDF4A26
HASH layer=1 t=2 buf=B 0xD3997CD5
HASH layer=1 t=3 buf=B 0x4D67FE43
HASH layer=1 t=4 buf=B 0xB6641772
HASH layer=1 t=5 buf=B 0x289A95E4
HASH layer=1 t=6 buf=B 0x23E033D0
HASH layer=1 t=7 buf=B 0xCE169689
HASH layer=1 t=8 buf=B 0x0E96E7F3
HASH layer=1 t=9 buf=B 0x90686565
HASH layer=1 t=10 buf=B 0x9B12C351
HASH layer=1 t=11 buf=B 0xD1D0D100
HASH layer=1 t=12 buf=B 0xFEEFA8F6
HASH layer=1 t=13 buf=B 0xB42DBAA7
HASH layer=1 t=14 buf=B 0x6B6B8C54
HASH layer=1 t=15 buf=B 0xF5950EC2
HASH layer=1 t=16 buf=B 0x962EDFE9
HASH layer=1 t=17 buf=B 0xDCECCDB8
HASH layer=1 t=18 buf=B 0x03AAFB4B
HASH layer=1 t=19 buf=B 0x4968E91A
HASH layer=1 t=20 buf=B 0x665790EC
HASH layer=1 t=21 buf=B 0x2C9582BD
HASH layer=1 t=22 buf=B 0xF3D3B44E
HASH layer=1 t=23 buf=B 0xB911A61F
HASH layer=1 t=24 buf=B 0xADAD47A2
HASH layer=1 t=25 buf=B 0xE76F55F3
HASH layer=1 t=26 buf=B 0x38296300
HASH layer=1 t=27 buf=B 0x72EB7151
HASH layer=1 t=28 buf=B 0x5DD408A7
HASH layer=1 t=29 buf=B 0x17161AF6
HASH layer=1 t=30 buf=B 0xC8502C05
HASH layer=1 t=31 buf=B 0x82923E54
HASH layer=1 t=32 buf=B 0xDB1B1E94
HASH layer=1 t=33 buf=B 0x45E59C02
HASH layer=1 t=34 buf=B 0x9AA3AAF1
HASH layer=1 t=35 buf=B 0xD061B8A0
HASH layer=1 t=36 buf=B 0xFF5EC156
HASH layer=1 t=37 buf=B 0xB59CD307
HASH layer=1 t=38 buf=B 0x6ADAE5F4
HASH layer=1 t=39 buf=B 0x2018F7A5
HASH layer=1 t=40 buf=B 0x34A41618
HASH layer=1 t=41 buf=B 0x7E660449
HASH layer=1 t=42 buf=B 0xA12032BA
HASH layer=1 t=43 buf=B 0xEBE220EB
HASH layer=1 t=44 buf=B 0xC4DD591D
HASH layer=1 t=45 buf=B 0x8E1F4B4C
HASH layer=1 t=46 buf=B 0x51597DBF
HASH layer=1 t=47 buf=B 0x1B9B6FEE
HASH layer=1 t=48 buf=B 0x7820BEC5
HASH layer=1 t=49 buf=B 0x32E2AC94
HASH layer=1 t=50 buf=B 0xEDA49A67
HASH layer=1 t=51 buf=B 0xA7668836
HASH layer=1 t=52 buf=B 0x8859F1C0
HASH layer=1 t=53 buf=B 0xC29BE391
HASH layer=1 t=54 buf=B 0x1DDDD562
HASH layer=1 t=55 buf=B 0x571FC733
HASH layer=1 t=56 buf=B 0x43A3268E
HASH layer=1 t=57 buf=B 0x096134DF
HASH layer=1 t=58 buf=B 0xD627022C
HASH layer=1 t=59 buf=B 0x9CE5107D
HASH layer=1 t=60 buf=B 0xB3DA698B
HASH layer=1 t=61 buf=B 0xF9187BDA
HASH layer=1 t=62 buf=B 0x265E4D29
HASH layer=1 t=63 buf=B 0x6C9C5F78
TRACE_HASH_END count=128
[PASS] sample 6 label=5 pred=5 counts=[0 0 0 0 0 11 6 0 0 0]
TRACE_HASH_BEGIN config=v2b_fc_fashion14_2L host=arm sample=7
HASH layer=0 t=0 buf=A 0xC7F0DFD3
HASH layer=0 t=1 buf=A 0x0A864762
HASH layer=0 t=2 buf=A 0x7540F782
HASH layer=0 t=3 buf=A 0xF88A95EC
HASH layer=0 t=4 buf=A 0x58924636
HASH layer=0 t=5 buf=A 0x4E749027
HASH layer=0 t=6 buf=A 0x1932114C
HASH layer=0 t=7 buf=A 0x25559341
HASH layer=0 t=8 buf=A 0x727AF5FB
HASH layer=0 t=9 buf=A 0x04D54367
HASH layer=0 t=10 buf=A 0xCB55256D
HASH layer=0 t=11 buf=A 0xBB9C8EA4
HASH layer=0 t=12 buf=A 0x54C6BA9B
HASH layer=0 t=13 buf=A 0x6C1FC64F
HASH layer=0 t=14 buf=A 0xCAF0458D
HASH layer=0 t=15 buf=A 0xC0A61E71
HASH layer=0 t=16 buf=A 0x0DCB6D2D
HASH layer=0 t=17 buf=A 0x2995DD0D
HASH layer=0 t=18 buf=A 0xEB5AE493
HASH layer=0 t=19 buf=A 0x2484A14E
HASH layer=0 t=20 buf=A 0x6DC7E4ED
HASH layer=0 t=21 buf=A 0xF8CDC175
HASH layer=0 t=22 buf=A 0x4D651466
HASH layer=0 t=23 buf=A 0xC3AA4FBE
HASH layer=0 t=24 buf=A 0xFAE6A7C9
HASH layer=0 t=25 buf=A 0xC96D045B
HASH layer=0 t=26 buf=A 0xFF2D9122
HASH layer=0 t=27 buf=A 0x858B38D5
HASH layer=0 t=28 buf=A 0x575F4B2E
HASH layer=0 t=29 buf=A 0x2BE6C448
HASH layer=0 t=30 buf=A 0xAB379388
HASH layer=0 t=31 buf=A 0x19DD006A
HASH layer=0 t=32 buf=A 0x84C5ADD0
HASH layer=0 t=33 buf=A 0xEF99C92E
HASH layer=0 t=34 buf=A 0xD89F5412
HASH layer=0 t=35 buf=A 0xCA11A103
HASH layer=0 t=36 buf=A 0xA23C68CA
HASH layer=0 t=37 buf=A 0xAACDD04A
HASH layer=0 t=38 buf=A 0x915EBD92
HASH layer=0 t=39 buf=A 0xBE01A6A2
HASH layer=0 t=40 buf=A 0x6320B8BB
HASH layer=0 t=41 buf=A 0xC2A8C764
HASH layer=0 t=42 buf=A 0xD0B11BCF
HASH layer=0 t=43 buf=A 0xCAFFDDC8
HASH layer=0 t=44 buf=A 0x80DC48F1
HASH layer=0 t=45 buf=A 0xDD557099
HASH layer=0 t=46 buf=A 0xAE99D8C7
HASH layer=0 t=47 buf=A 0xB9F59D49
HASH layer=0 t=48 buf=A 0x4BB05A02
HASH layer=0 t=49 buf=A 0x86C69BF8
HASH layer=0 t=50 buf=A 0x3B1A6D47
HASH layer=0 t=51 buf=A 0x644CC27C
HASH layer=0 t=52 buf=A 0x2C41A3A3
HASH layer=0 t=53 buf=A 0x604B6288
HASH layer=0 t=54 buf=A 0xFF4AD6AB
HASH layer=0 t=55 buf=A 0x2A54F1DE
HASH layer=0 t=56 buf=A 0x1FDA1E46
HASH layer=0 t=57 buf=A 0xB8EAC5F6
HASH layer=0 t=58 buf=A 0xE1104803
HASH layer=0 t=59 buf=A 0x88888A0E
HASH layer=0 t=60 buf=A 0xD4D9169F
HASH layer=0 t=61 buf=A 0x3307F128
HASH layer=0 t=62 buf=A 0x3E5DA9C8
HASH layer=0 t=63 buf=A 0x686763B1
HASH layer=1 t=0 buf=B 0xE129EF7F
HASH layer=1 t=1 buf=B 0x4DFBB2B0
HASH layer=1 t=2 buf=B 0x92BD8443
HASH layer=1 t=3 buf=B 0xD87F9612
HASH layer=1 t=4 buf=B 0xF740EFE4
HASH layer=1 t=5 buf=B 0xBD82FDB5
HASH layer=1 t=6 buf=B 0x62C4CB46
HASH layer=1 t=7 buf=B 0x2806D917
HASH layer=1 t=8 buf=B 0x3CBA38AA
HASH layer=1 t=9 buf=B 0x76782AFB
HASH layer=1 t=10 buf=B 0xA93E1C08
HASH layer=1 t=11 buf=B 0xE3FC0E59
HASH layer=1 t=12 buf=B 0xCCC377AF
HASH layer=1 t=13 buf=B 0x860165FE
HASH layer=1 t=14 buf=B 0x5947530D
HASH layer=1 t=15 buf=B 0x1385415C
HASH layer=1 t=16 buf=B 0x703E9077
HASH layer=1 t=17 buf=B 0x3AFC8226
HASH layer=1 t=18 buf=B 0xE5BAB4D5
HASH layer=1 t=19 buf=B 0xAF78A684
HASH layer=1 t=20 buf=B 0x8047DF72
HASH layer=1 t=21 buf=B 0xCA85CD23
HASH layer=1 t=22 buf=B 0x15C3FBD0
HASH layer=1 t=23 buf=B 0x5F01E981
HASH layer=1 t=24 buf=B 0x4BBD083C
HASH layer=1 t=25 buf=B 0x017F1A6D
HASH layer=1 t=26 buf=B 0xDE392C9E
HASH layer=1 t=27 buf=B 0x94FB3ECF
HASH layer=1 t=28 buf=B 0xBBC44739
HASH layer=1 t=29 buf=B 0xF1065568
HASH layer=1 t=30 buf=B 0x2E40639B
HASH layer=1 t=31 buf=B 0x648271CA
HASH layer=1 t=32 buf=B 0xE937C1CD
HASH layer=1 t=33 buf=B 0xA3F5D39C
HASH layer=1 t=34 buf=B 0x7CB3E56F
HASH layer=1 t=35 buf=B 0x3671F73E
HASH layer=1 t=36 buf=B 0x194E8EC8
HASH layer=1 t=37 buf=B 0x538C9C99
HASH layer=1 t=38 buf=B 0x8CCAAA6A
HASH layer=1 t=39 buf=B 0xC608B83B
HASH layer=1 t=40 buf=B 0xD2B45986
HASH layer=1 t=41 buf=B 0x98764BD7
HASH layer=1 t=42 buf=B 0x47307D24
HASH layer=1 t=43 buf=B 0x0DF26F75
HASH layer=1 t=44 buf=B 0x22CD1683
HASH layer=1 t=45 buf=B 0x680F04D2
HASH layer=1 t=46 buf=B 0xB7493221
HASH layer=1 t=47 buf=B 0xFD8B2070
HASH layer=1 t=48 buf=B 0x9E30F15B
HASH layer=1 t=49 buf=B 0xD4F2E30A
HASH layer=1 t=50 buf=B 0x0BB4D5F9
HASH layer=1 t=51 buf=B 0x4176C7A8
HASH layer=1 t=52 buf=B 0x6E49BE5E
HASH layer=1 t=53 buf=B 0x248BAC0F
HASH layer=1 t=54 buf=B 0xFBCD9AFC
HASH layer=1 t=55 buf=B 0xB10F88AD
HASH layer=1 t=56 buf=B 0xA5B36910
HASH layer=1 t=57 buf=B 0xEF717B41
HASH layer=1 t=58 buf=B 0x30374DB2
HASH layer=1 t=59 buf=B 0x7AF55FE3
HASH layer=1 t=60 buf=B 0x55CA2615
HASH layer=1 t=61 buf=B 0x1F083444
HASH layer=1 t=62 buf=B 0xC04E02B7
HASH layer=1 t=63 buf=B 0x8A8C10E6
TRACE_HASH_END count=128
[PASS] sample 7 label=7 pred=7 counts=[0 0 0 0 0 0 0 63 0 0]
TRACE_HASH_BEGIN config=v2b_fc_fashion14_2L host=arm sample=8
HASH layer=0 t=0 buf=A 0xC7F0DFD3
HASH layer=0 t=1 buf=A 0xC9D6E54D
HASH layer=0 t=2 buf=A 0xA720FB9E
HASH layer=0 t=3 buf=A 0x2EFB1CCA
HASH layer=0 t=4 buf=A 0x81E6F1D2
HASH layer=0 t=5 buf=A 0x3DA1CEE8
HASH layer=0 t=6 buf=A 0x246BB995
HASH layer=0 t=7 buf=A 0xB9206AF4
HASH layer=0 t=8 buf=A 0x3B0B982E
HASH layer=0 t=9 buf=A 0x30C24F70
HASH layer=0 t=10 buf=A 0xF7134054
HASH layer=0 t=11 buf=A 0xA72345A7
HASH layer=0 t=12 buf=A 0x96BF75C6
HASH layer=0 t=13 buf=A 0xF297DF2C
HASH layer=0 t=14 buf=A 0xBCAEAB5E
HASH layer=0 t=15 buf=A 0x21897674
HASH layer=0 t=16 buf=A 0x533AFBA1
HASH layer=0 t=17 buf=A 0x006C1069
HASH layer=0 t=18 buf=A 0xA4251A4C
HASH layer=0 t=19 buf=A 0x0FD28C91
HASH layer=0 t=20 buf=A 0x4A98BE3C
HASH layer=0 t=21 buf=A 0xCC4EB4FA
HASH layer=0 t=22 buf=A 0x8BA83868
HASH layer=0 t=23 buf=A 0x4CC17446
HASH layer=0 t=24 buf=A 0x4511601F
HASH layer=0 t=25 buf=A 0x852066E3
HASH layer=0 t=26 buf=A 0x1F236C76
HASH layer=0 t=27 buf=A 0x6D3F180C
HASH layer=0 t=28 buf=A 0xC2BC0B51
HASH layer=0 t=29 buf=A 0xE51C2FF3
HASH layer=0 t=30 buf=A 0xA8B145B4
HASH layer=0 t=31 buf=A 0x31613E50
HASH layer=0 t=32 buf=A 0xD9ECB557
HASH layer=0 t=33 buf=A 0xE9A280E3
HASH layer=0 t=34 buf=A 0xB36120CF
HASH layer=0 t=35 buf=A 0x46A9B485
HASH layer=0 t=36 buf=A 0x4265441A
HASH layer=0 t=37 buf=A 0xEAB4A135
HASH layer=0 t=38 buf=A 0x49D35262
HASH layer=0 t=39 buf=A 0x9BCE0D61
HASH layer=0 t=40 buf=A 0x52E3AF88
HASH layer=0 t=41 buf=A 0x54BD977F
HASH layer=0 t=42 buf=A 0x161BFE8A
HASH layer=0 t=43 buf=A 0xC29F1B52
HASH layer=0 t=44 buf=A 0x40C98A3A
HASH layer=0 t=45 buf=A 0x2441360B
HASH layer=0 t=46 buf=A 0xD0798EAC
HASH layer=0 t=47 buf=A 0x8EB5568D
HASH layer=0 t=48 buf=A 0xFC0DE938
HASH layer=0 t=49 buf=A 0x2F184415
HASH layer=0 t=50 buf=A 0x6FD6DFD5
HASH layer=0 t=51 buf=A 0x763CFBC7
HASH layer=0 t=52 buf=A 0x86051F1E
HASH layer=0 t=53 buf=A 0x630B8D10
HASH layer=0 t=54 buf=A 0xC5558233
HASH layer=0 t=55 buf=A 0xC2B7CB0D
HASH layer=0 t=56 buf=A 0xB901EE76
HASH layer=0 t=57 buf=A 0x79C68057
HASH layer=0 t=58 buf=A 0xDC7EBA32
HASH layer=0 t=59 buf=A 0x3C42E628
HASH layer=0 t=60 buf=A 0xC4EA7BD6
HASH layer=0 t=61 buf=A 0x47C81790
HASH layer=0 t=62 buf=A 0x55E60E89
HASH layer=0 t=63 buf=A 0x64D9D000
HASH layer=1 t=0 buf=B 0xE129EF7F
HASH layer=1 t=1 buf=B 0xBCBA6453
HASH layer=1 t=2 buf=B 0xB7C0C267
HASH layer=1 t=3 buf=B 0x293E40F1
HASH layer=1 t=4 buf=B 0x06013907
HASH layer=1 t=5 buf=B 0x4CC32B56
HASH layer=1 t=6 buf=B 0x93851DA5
HASH layer=1 t=7 buf=B 0xD9470FF4
HASH layer=1 t=8 buf=B 0x19C77E8E
HASH layer=1 t=9 buf=B 0x53056CDF
HASH layer=1 t=10 buf=B 0x587FCAEB
HASH layer=1 t=11 buf=B 0x12BDD8BA
HASH layer=1 t=12 buf=B 0x3D82A14C
HASH layer=1 t=13 buf=B 0xA37C23DA
HASH layer=1 t=14 buf=B 0xA80685EE
HASH layer=1 t=15 buf=B 0xE2C497BF
HASH layer=1 t=16 buf=B 0x5543D653
HASH layer=1 t=17 buf=B 0xCBBD54C5
HASH layer=1 t=18 buf=B 0x14FB6236
HASH layer=1 t=19 buf=B 0x8A05E0A0
HASH layer=1 t=20 buf=B 0x71060991
HASH layer=1 t=21 buf=B 0x3BC41BC0
HASH layer=1 t=22 buf=B 0xE4822D33
HASH layer=1 t=23 buf=B 0xAE403F62
HASH layer=1 t=24 buf=B 0xBAFCDEDF
HASH layer=1 t=25 buf=B 0xF03ECC8E
HASH layer=1 t=26 buf=B 0x2F78FA7D
HASH layer=1 t=27 buf=B 0x65BAE82C
HASH layer=1 t=28 buf=B 0x4A8591DA
HASH layer=1 t=29 buf=B 0x0047838B
HASH layer=1 t=30 buf=B 0xDF01B578
HASH layer=1 t=31 buf=B 0x95C3A729
HASH layer=1 t=32 buf=B 0x1876172E
HASH layer=1 t=33 buf=B 0x52B4057F
HASH layer=1 t=34 buf=B 0x8DF2338C
HASH layer=1 t=35 buf=B 0xC73021DD
HASH layer=1 t=36 buf=B 0xE80F582B
HASH layer=1 t=37 buf=B 0xA2CD4A7A
HASH layer=1 t=38 buf=B 0x7D8B7C89
HASH layer=1 t=39 buf=B 0x37496ED8
HASH layer=1 t=40 buf=B 0x23F58F65
HASH layer=1 t=41 buf=B 0x69379D34
HASH layer=1 t=42 buf=B 0xB671ABC7
HASH layer=1 t=43 buf=B 0xFCB3B996
HASH layer=1 t=44 buf=B 0xD38CC060
HASH layer=1 t=45 buf=B 0x994ED231
HASH layer=1 t=46 buf=B 0x4608E4C2
HASH layer=1 t=47 buf=B 0x0CCAF693
HASH layer=1 t=48 buf=B 0x6F7127B8
HASH layer=1 t=49 buf=B 0x25B335E9
HASH layer=1 t=50 buf=B 0xFAF5031A
HASH layer=1 t=51 buf=B 0xB037114B
HASH layer=1 t=52 buf=B 0x9F0868BD
HASH layer=1 t=53 buf=B 0xD5CA7AEC
HASH layer=1 t=54 buf=B 0x0A8C4C1F
HASH layer=1 t=55 buf=B 0x404E5E4E
HASH layer=1 t=56 buf=B 0x54F2BFF3
HASH layer=1 t=57 buf=B 0x1E30ADA2
HASH layer=1 t=58 buf=B 0xC1769B51
HASH layer=1 t=59 buf=B 0x8BB48900
HASH layer=1 t=60 buf=B 0xA48BF0F6
HASH layer=1 t=61 buf=B 0xEE49E2A7
HASH layer=1 t=62 buf=B 0x310FD454
HASH layer=1 t=63 buf=B 0x7BCDC605
TRACE_HASH_END count=128
[PASS] sample 8 label=8 pred=8 counts=[0 0 0 0 0 6 0 0 63 0]
TRACE_HASH_BEGIN config=v2b_fc_fashion14_2L host=arm sample=9
HASH layer=0 t=0 buf=A 0xC7F0DFD3
HASH layer=0 t=1 buf=A 0x2F99A2C9
HASH layer=0 t=2 buf=A 0xC8DD7D58
HASH layer=0 t=3 buf=A 0xB968090D
HASH layer=0 t=4 buf=A 0xE05CD1F0
HASH layer=0 t=5 buf=A 0x9D3DF337
HASH layer=0 t=6 buf=A 0x3A7E2B7C
HASH layer=0 t=7 buf=A 0x9468947E
HASH layer=0 t=8 buf=A 0x7B6B6C99
HASH layer=0 t=9 buf=A 0xEC616EC6
HASH layer=0 t=10 buf=A 0x32AE07B8
HASH layer=0 t=11 buf=A 0x7D225FF2
HASH layer=0 t=12 buf=A 0xAEFD1203
HASH layer=0 t=13 buf=A 0xF33215FB
HASH layer=0 t=14 buf=A 0x74161413
HASH layer=0 t=15 buf=A 0x8EE4770E
HASH layer=0 t=16 buf=A 0x4EEC34F9
HASH layer=0 t=17 buf=A 0x2DD9192C
HASH layer=0 t=18 buf=A 0x59F5EC7C
HASH layer=0 t=19 buf=A 0x08338549
HASH layer=0 t=20 buf=A 0x0799DEB8
HASH layer=0 t=21 buf=A 0xD4AC126B
HASH layer=0 t=22 buf=A 0x4645EB4A
HASH layer=0 t=23 buf=A 0x179B3144
HASH layer=0 t=24 buf=A 0x05767C8D
HASH layer=0 t=25 buf=A 0xA410ACDD
HASH layer=0 t=26 buf=A 0x31974353
HASH layer=0 t=27 buf=A 0x190E542A
HASH layer=0 t=28 buf=A 0xC1F71D3A
HASH layer=0 t=29 buf=A 0xD17D7AF6
HASH layer=0 t=30 buf=A 0xDA5587ED
HASH layer=0 t=31 buf=A 0xCC9B232E
HASH layer=0 t=32 buf=A 0xE4E9B7EC
HASH layer=0 t=33 buf=A 0x72ED349A
HASH layer=0 t=34 buf=A 0x6EDEB8E8
HASH layer=0 t=35 buf=A 0x7EEB2FFB
HASH layer=0 t=36 buf=A 0xB6CD9E89
HASH layer=0 t=37 buf=A 0x2E2E10A8
HASH layer=0 t=38 buf=A 0xE2277BFB
HASH layer=0 t=39 buf=A 0xD4CF7A18
HASH layer=0 t=40 buf=A 0x47B858C6
HASH layer=0 t=41 buf=A 0xDB79F7AD
HASH layer=0 t=42 buf=A 0xEF8E6C24
HASH layer=0 t=43 buf=A 0x52C839AB
HASH layer=0 t=44 buf=A 0xB82F9D8E
HASH layer=0 t=45 buf=A 0x241B2A2E
HASH layer=0 t=46 buf=A 0x7BFFCD07
HASH layer=0 t=47 buf=A 0x6E84D66B
HASH layer=0 t=48 buf=A 0x98B75DF5
HASH layer=0 t=49 buf=A 0x3AB73B17
HASH layer=0 t=50 buf=A 0x99FE043B
HASH layer=0 t=51 buf=A 0x8195DA97
HASH layer=0 t=52 buf=A 0x5CE07416
HASH layer=0 t=53 buf=A 0x8C2E058F
HASH layer=0 t=54 buf=A 0x0D1C9C47
HASH layer=0 t=55 buf=A 0x9899DA25
HASH layer=0 t=56 buf=A 0xDC4F11BE
HASH layer=0 t=57 buf=A 0x195BB2CA
HASH layer=0 t=58 buf=A 0x104C622C
HASH layer=0 t=59 buf=A 0x128B4BCD
HASH layer=0 t=60 buf=A 0xC6C5D00E
HASH layer=0 t=61 buf=A 0x4E15417C
HASH layer=0 t=62 buf=A 0x417CFFD5
HASH layer=0 t=63 buf=A 0x3BCF3119
HASH layer=1 t=0 buf=B 0xE129EF7F
HASH layer=1 t=1 buf=B 0x51745F13
HASH layer=1 t=2 buf=B 0x9963F09D
HASH layer=1 t=3 buf=B 0xD3A1E2CC
HASH layer=1 t=4 buf=B 0xD23DA9C0
HASH layer=1 t=5 buf=B 0xB65C896B
HASH layer=1 t=6 buf=B 0x691ABF98
HASH layer=1 t=7 buf=B 0x0D7B9F33
HASH layer=1 t=8 buf=B 0x37644C74
HASH layer=1 t=9 buf=B 0x53056CDF
HASH layer=1 t=10 buf=B 0x8C435A2C
HASH layer=1 t=11 buf=B 0xC681487D
HASH layer=1 t=12 buf=B 0xE9BE318B
HASH layer=1 t=13 buf=B 0xA37C23DA
HASH layer=1 t=14 buf=B 0x7C3A1529
HASH layer=1 t=15 buf=B 0x36F80778
HASH layer=1 t=16 buf=B 0x5543D653
HASH layer=1 t=17 buf=B 0x1F81C402
HASH layer=1 t=18 buf=B 0xC0C7F2F1
HASH layer=1 t=19 buf=B 0x8A05E0A0
HASH layer=1 t=20 buf=B 0xA53A9956
HASH layer=1 t=21 buf=B 0xEFF88B07
HASH layer=1 t=22 buf=B 0x30BEBDF4
HASH layer=1 t=23 buf=B 0x7A7CAFA5
HASH layer=1 t=24 buf=B 0x6EC04E18
HASH layer=1 t=25 buf=B 0x24025C49
HASH layer=1 t=26 buf=B 0xFB446ABA
HASH layer=1 t=27 buf=B 0xB18678EB
HASH layer=1 t=28 buf=B 0x9EB9011D
HASH layer=1 t=29 buf=B 0xD47B134C
HASH layer=1 t=30 buf=B 0x0B3D25BF
HASH layer=1 t=31 buf=B 0x41FF37EE
HASH layer=1 t=32 buf=B 0xCC4A87E9
HASH layer=1 t=33 buf=B 0x868895B8
HASH layer=1 t=34 buf=B 0x59CEA34B
HASH layer=1 t=35 buf=B 0x130CB11A
HASH layer=1 t=36 buf=B 0x3C33C8EC
HASH layer=1 t=37 buf=B 0x76F1DABD
HASH layer=1 t=38 buf=B 0xA9B7EC4E
HASH layer=1 t=39 buf=B 0xE375FE1F
HASH layer=1 t=40 buf=B 0xF7C91FA2
HASH layer=1 t=41 buf=B 0xBD0B0DF3
HASH layer=1 t=42 buf=B 0x624D3B00
HASH layer=1 t=43 buf=B 0x288F2951
HASH layer=1 t=44 buf=B 0x07B050A7
HASH layer=1 t=45 buf=B 0x4D7242F6
HASH layer=1 t=46 buf=B 0x92347405
HASH layer=1 t=47 buf=B 0xD8F66654
HASH layer=1 t=48 buf=B 0xBB4DB77F
HASH layer=1 t=49 buf=B 0xF18FA52E
HASH layer=1 t=50 buf=B 0x2EC993DD
HASH layer=1 t=51 buf=B 0x640B818C
HASH layer=1 t=52 buf=B 0x4B34F87A
HASH layer=1 t=53 buf=B 0x01F6EA2B
HASH layer=1 t=54 buf=B 0xDEB0DCD8
HASH layer=1 t=55 buf=B 0x9472CE89
HASH layer=1 t=56 buf=B 0x80CE2F34
HASH layer=1 t=57 buf=B 0xCA0C3D65
HASH layer=1 t=58 buf=B 0x3BE9396C
HASH layer=1 t=59 buf=B 0x5F8819C7
HASH layer=1 t=60 buf=B 0x70B76031
HASH layer=1 t=61 buf=B 0x3A757260
HASH layer=1 t=62 buf=B 0xE5334493
HASH layer=1 t=63 buf=B 0xAFF156C2
TRACE_HASH_END count=128
[PASS] sample 9 label=5 pred=5 counts=[0 0 0 0 0 63 0 0 62 7]
ARM_FPGA_DEMO_SCHEDULER_FASHION10_PASS
